Archive member included to satisfy reference by file (symbol)

f:/智能车/ide/mounriver_studio/toolchain/risc-v embedded gcc/bin/../lib/gcc/riscv-none-embed/8.2.0/rv32imac/ilp32\libgcc.a(adddf3.o)
                              ./CODE/Bend.o (__adddf3)
f:/智能车/ide/mounriver_studio/toolchain/risc-v embedded gcc/bin/../lib/gcc/riscv-none-embed/8.2.0/rv32imac/ilp32\libgcc.a(divdf3.o)
                              ./CODE/Bend.o (__divdf3)
f:/智能车/ide/mounriver_studio/toolchain/risc-v embedded gcc/bin/../lib/gcc/riscv-none-embed/8.2.0/rv32imac/ilp32\libgcc.a(gedf2.o)
                              ./CODE/Bend.o (__gedf2)
f:/智能车/ide/mounriver_studio/toolchain/risc-v embedded gcc/bin/../lib/gcc/riscv-none-embed/8.2.0/rv32imac/ilp32\libgcc.a(ledf2.o)
                              ./CODE/Bend.o (__ledf2)
f:/智能车/ide/mounriver_studio/toolchain/risc-v embedded gcc/bin/../lib/gcc/riscv-none-embed/8.2.0/rv32imac/ilp32\libgcc.a(muldf3.o)
                              ./hefei_peripheral/HF_HC_SR04.o (__muldf3)
f:/智能车/ide/mounriver_studio/toolchain/risc-v embedded gcc/bin/../lib/gcc/riscv-none-embed/8.2.0/rv32imac/ilp32\libgcc.a(subdf3.o)
                              ./CODE/Bend.o (__subdf3)
f:/智能车/ide/mounriver_studio/toolchain/risc-v embedded gcc/bin/../lib/gcc/riscv-none-embed/8.2.0/rv32imac/ilp32\libgcc.a(fixdfsi.o)
                              ./CODE/CrossRound.o (__fixdfsi)
f:/智能车/ide/mounriver_studio/toolchain/risc-v embedded gcc/bin/../lib/gcc/riscv-none-embed/8.2.0/rv32imac/ilp32\libgcc.a(fixunsdfsi.o)
                              ./hefei_peripheral/HF_HC_SR04.o (__fixunsdfsi)
f:/智能车/ide/mounriver_studio/toolchain/risc-v embedded gcc/bin/../lib/gcc/riscv-none-embed/8.2.0/rv32imac/ilp32\libgcc.a(floatsidf.o)
                              ./CODE/Bend.o (__floatsidf)
f:/智能车/ide/mounriver_studio/toolchain/risc-v embedded gcc/bin/../lib/gcc/riscv-none-embed/8.2.0/rv32imac/ilp32\libgcc.a(floatunsidf.o)
                              ./CODE/Bend.o (__floatunsidf)
f:/智能车/ide/mounriver_studio/toolchain/risc-v embedded gcc/bin/../lib/gcc/riscv-none-embed/8.2.0/rv32imac/ilp32\libgcc.a(addsf3.o)
                              ./hefei_peripheral/HF_HC_SR04.o (__addsf3)
f:/智能车/ide/mounriver_studio/toolchain/risc-v embedded gcc/bin/../lib/gcc/riscv-none-embed/8.2.0/rv32imac/ilp32\libgcc.a(divsf3.o)
                              ./hefei_peripheral/HF_HC_SR04.o (__divsf3)
f:/智能车/ide/mounriver_studio/toolchain/risc-v embedded gcc/bin/../lib/gcc/riscv-none-embed/8.2.0/rv32imac/ilp32\libgcc.a(eqsf2.o)
                              ./hefei_peripheral/HF_TFT180.o (__eqsf2)
f:/智能车/ide/mounriver_studio/toolchain/risc-v embedded gcc/bin/../lib/gcc/riscv-none-embed/8.2.0/rv32imac/ilp32\libgcc.a(gesf2.o)
                              ./CODE/pid.o (__gesf2)
f:/智能车/ide/mounriver_studio/toolchain/risc-v embedded gcc/bin/../lib/gcc/riscv-none-embed/8.2.0/rv32imac/ilp32\libgcc.a(lesf2.o)
                              ./CODE/pid.o (__lesf2)
f:/智能车/ide/mounriver_studio/toolchain/risc-v embedded gcc/bin/../lib/gcc/riscv-none-embed/8.2.0/rv32imac/ilp32\libgcc.a(mulsf3.o)
                              ./hefei_peripheral/HF_HC_SR04.o (__mulsf3)
f:/智能车/ide/mounriver_studio/toolchain/risc-v embedded gcc/bin/../lib/gcc/riscv-none-embed/8.2.0/rv32imac/ilp32\libgcc.a(subsf3.o)
                              ./hefei_peripheral/HF_IPS114.o (__subsf3)
f:/智能车/ide/mounriver_studio/toolchain/risc-v embedded gcc/bin/../lib/gcc/riscv-none-embed/8.2.0/rv32imac/ilp32\libgcc.a(fixsfsi.o)
                              ./hefei_peripheral/HF_IPS114.o (__fixsfsi)
f:/智能车/ide/mounriver_studio/toolchain/risc-v embedded gcc/bin/../lib/gcc/riscv-none-embed/8.2.0/rv32imac/ilp32\libgcc.a(fixunssfsi.o)
                              ./CODE/pid.o (__fixunssfsi)
f:/智能车/ide/mounriver_studio/toolchain/risc-v embedded gcc/bin/../lib/gcc/riscv-none-embed/8.2.0/rv32imac/ilp32\libgcc.a(floatsisf.o)
                              ./user_c/main.o (__floatsisf)
f:/智能车/ide/mounriver_studio/toolchain/risc-v embedded gcc/bin/../lib/gcc/riscv-none-embed/8.2.0/rv32imac/ilp32\libgcc.a(floatunsisf.o)
                              ./hefei_peripheral/HF_HC_SR04.o (__floatunsisf)
f:/智能车/ide/mounriver_studio/toolchain/risc-v embedded gcc/bin/../lib/gcc/riscv-none-embed/8.2.0/rv32imac/ilp32\libgcc.a(extendsfdf2.o)
                              ./hefei_peripheral/HF_HC_SR04.o (__extendsfdf2)
f:/智能车/ide/mounriver_studio/toolchain/risc-v embedded gcc/bin/../lib/gcc/riscv-none-embed/8.2.0/rv32imac/ilp32\libgcc.a(_clzsi2.o)
                              f:/智能车/ide/mounriver_studio/toolchain/risc-v embedded gcc/bin/../lib/gcc/riscv-none-embed/8.2.0/rv32imac/ilp32\libgcc.a(adddf3.o) (__clzsi2)
f:/智能车/ide/mounriver_studio/toolchain/risc-v embedded gcc/bin/../lib/gcc/riscv-none-embed/8.2.0/rv32imac/ilp32\libgcc.a(_clz.o)
                              f:/智能车/ide/mounriver_studio/toolchain/risc-v embedded gcc/bin/../lib/gcc/riscv-none-embed/8.2.0/rv32imac/ilp32\libgcc.a(_clzsi2.o) (__clz_tab)
[...]
Memory Configuration

Name             Origin             Length             Attributes
FLASH            0x0000000000000000 0x0000000000040000 xr
RAM              0x0000000020000000 0x0000000000010000 xrw
*default*        0x0000000000000000 0xffffffffffffffff

Linker script and memory map

LOAD ./user_c/isr.o
LOAD ./user_c/main.o
LOAD ./hefei_peripheral/HF_Double_DC_Motor.o
LOAD ./hefei_peripheral/HF_HC_SR04.o
LOAD ./hefei_peripheral/HF_IPS114.o
LOAD ./hefei_peripheral/HF_MT9V03X.o
LOAD ./hefei_peripheral/HF_TFT180.o
LOAD ./hefei_peripheral/HF_WS2812b.o
LOAD ./hefei_peripheral/HF_Wireless_uart.o
LOAD ./hefei_peripheral/dmx_tof400c.o
LOAD ./hefei_libraries/board/board.o
LOAD ./hefei_libraries/common.o
LOAD ./hefei_libraries/delay.o
LOAD ./hefei_libraries/hf_adc.o
LOAD ./hefei_libraries/hf_common_font.o
LOAD ./hefei_libraries/hf_dma.o
LOAD ./hefei_libraries/hf_dvp.o
LOAD ./hefei_libraries/hf_encoder.o
LOAD ./hefei_libraries/hf_exti.o
LOAD ./hefei_libraries/hf_flash.o
LOAD ./hefei_libraries/hf_gpio.o
LOAD ./hefei_libraries/hf_i2c_hardware.o
LOAD ./hefei_libraries/hf_i2c_software.o
LOAD ./hefei_libraries/hf_nvic.o
LOAD ./hefei_libraries/hf_pit.o
LOAD ./hefei_libraries/hf_pwm.o
LOAD ./hefei_libraries/hf_spi.o
LOAD ./hefei_libraries/hf_tim.o
LOAD ./hefei_libraries/hf_uart.o
LOAD ./CODE/Bend.o
LOAD ./CODE/CrossRound.o
LOAD ./CODE/PLC.o
LOAD ./CODE/Round.o
LOAD ./CODE/binary.o
LOAD ./CODE/board_led.o
LOAD ./CODE/car_adc.o
LOAD ./CODE/car_init.o
LOAD ./CODE/car_keys.o
LOAD ./CODE/car_ligth.o
LOAD ./CODE/car_motion.o
LOAD ./CODE/car_reed.o
LOAD ./CODE/car_uart.o
LOAD ./CODE/car_value_process.o
LOAD ./CODE/center_line.o
LOAD ./CODE/junction.o
LOAD ./CODE/pid.o
LOAD ./CODE/show.o
LOAD ./CH32V30x/Core/core_riscv.o
LOAD ./CH32V30x/CH32V30x_p/Startup/startup_ch32v30x.o
LOAD ./CH32V30x/CH32V30x_p/CH32V30x_Lib/ch32v30x_adc.o
LOAD ./CH32V30x/CH32V30x_p/CH32V30x_Lib/ch32v30x_bkp.o
LOAD ./CH32V30x/CH32V30x_p/CH32V30x_Lib/ch32v30x_can.o
LOAD ./CH32V30x/CH32V30x_p/CH32V30x_Lib/ch32v30x_crc.o
LOAD ./CH32V30x/CH32V30x_p/CH32V30x_Lib/ch32v30x_dac.o
LOAD ./CH32V30x/CH32V30x_p/CH32V30x_Lib/ch32v30x_dbgmcu.o
LOAD ./CH32V30x/CH32V30x_p/CH32V30x_Lib/ch32v30x_dma.o
LOAD ./CH32V30x/CH32V30x_p/CH32V30x_Lib/ch32v30x_dvp.o
LOAD ./CH32V30x/CH32V30x_p/CH32V30x_Lib/ch32v30x_eth.o
LOAD ./CH32V30x/CH32V30x_p/CH32V30x_Lib/ch32v30x_exti.o
LOAD ./CH32V30x/CH32V30x_p/CH32V30x_Lib/ch32v30x_flash.o
LOAD ./CH32V30x/CH32V30x_p/CH32V30x_Lib/ch32v30x_fsmc.o
LOAD ./CH32V30x/CH32V30x_p/CH32V30x_Lib/ch32v30x_gpio.o
LOAD ./CH32V30x/CH32V30x_p/CH32V30x_Lib/ch32v30x_i2c.o
LOAD ./CH32V30x/CH32V30x_p/CH32V30x_Lib/ch32v30x_iwdg.o
LOAD ./CH32V30x/CH32V30x_p/CH32V30x_Lib/ch32v30x_misc.o
LOAD ./CH32V30x/CH32V30x_p/CH32V30x_Lib/ch32v30x_opa.o
LOAD ./CH32V30x/CH32V30x_p/CH32V30x_Lib/ch32v30x_pwr.o
LOAD ./CH32V30x/CH32V30x_p/CH32V30x_Lib/ch32v30x_rcc.o
LOAD ./CH32V30x/CH32V30x_p/CH32V30x_Lib/ch32v30x_rng.o
LOAD ./CH32V30x/CH32V30x_p/CH32V30x_Lib/ch32v30x_rtc.o
LOAD ./CH32V30x/CH32V30x_p/CH32V30x_Lib/ch32v30x_sdio.o
LOAD ./CH32V30x/CH32V30x_p/CH32V30x_Lib/ch32v30x_spi.o
LOAD ./CH32V30x/CH32V30x_p/CH32V30x_Lib/ch32v30x_tim.o
LOAD ./CH32V30x/CH32V30x_p/CH32V30x_Lib/ch32v30x_usart.o
LOAD ./CH32V30x/CH32V30x_p/CH32V30x_Lib/ch32v30x_usbotg_device.o
LOAD ./CH32V30x/CH32V30x_p/CH32V30x_Lib/ch32v30x_wwdg.o
LOAD ./CH32V30x/CH32V30x_p/CH32V30x_Lib/system_ch32v30x.o
LOAD f:/智能车/ide/mounriver_studio/toolchain/risc-v embedded gcc/bin/../lib/gcc/riscv-none-embed/8.2.0/rv32imac/ilp32\libgcc.a
LOAD f:/智能车/ide/mounriver_studio/toolchain/risc-v embedded gcc/bin/../lib/gcc/riscv-none-embed/8.2.0/../../../../riscv-none-embed/lib/rv32imac/ilp32\libg_nano.a
LOAD f:/智能车/ide/mounriver_studio/toolchain/risc-v embedded gcc/bin/../lib/gcc/riscv-none-embed/8.2.0/../../../../riscv-none-embed/lib/rv32imac/ilp32\libc_nano.a
LOAD f:/智能车/ide/mounriver_studio/toolchain/risc-v embedded gcc/bin/../lib/gcc/riscv-none-embed/8.2.0/rv32imac/ilp32\libgcc.a
START GROUP
LOAD f:/智能车/ide/mounriver_studio/toolchain/risc-v embedded gcc/bin/../lib/gcc/riscv-none-embed/8.2.0/rv32imac/ilp32\libgcc.a
LOAD f:/智能车/ide/mounriver_studio/toolchain/risc-v embedded gcc/bin/../lib/gcc/riscv-none-embed/8.2.0/../../../../riscv-none-embed/lib/rv32imac/ilp32\libc_nano.a
LOAD f:/智能车/ide/mounriver_studio/toolchain/risc-v embedded gcc/bin/../lib/gcc/riscv-none-embed/8.2.0/../../../../riscv-none-embed/lib/rv32imac/ilp32\libnosys.a
END GROUP
START GROUP
LOAD f:/智能车/ide/mounriver_studio/toolchain/risc-v embedded gcc/bin/../lib/gcc/riscv-none-embed/8.2.0/rv32imac/ilp32\libgcc.a
LOAD f:/智能车/ide/mounriver_studio/toolchain/risc-v embedded gcc/bin/../lib/gcc/riscv-none-embed/8.2.0/../../../../riscv-none-embed/lib/rv32imac/ilp32\libc_nano.a
LOAD f:/智能车/ide/mounriver_studio/toolchain/risc-v embedded gcc/bin/../lib/gcc/riscv-none-embed/8.2.0/../../../../riscv-none-embed/lib/rv32imac/ilp32\libnosys.a
END GROUP
                0x0000000000000800                __stack_size = 0x800
                [!provide]                        PROVIDE (_stack_size = __stack_size)

.init           0x0000000000000000       0x38
                0x0000000000000000                _sinit = .
                0x0000000000000000                . = ALIGN (0x4)
 *(SORT_NONE(.init))
 .init          0x0000000000000000       0x38 ./CH32V30x/CH32V30x_p/Startup/startup_ch32v30x.o
                0x0000000000000000                _start
                0x0000000000000038                . = ALIGN (0x4)
                0x0000000000000038                _einit = .

.vector         0x0000000000000038      0x1c8
 *(.vector)
 .vector        0x0000000000000038      0x1a0 ./CH32V30x/CH32V30x_p/Startup/startup_ch32v30x.o
                0x0000000000000200                . = ALIGN (0x40)
 *fill*         0x00000000000001d8       0x28 

.text           0x0000000000000200     0x998c
                0x0000000000000200                . = ALIGN (0x4)
 *(.text)
 .text          0x0000000000000200       0xa8 f:/智能车/ide/mounriver_studio/toolchain/risc-v embedded gcc/bin/../lib/gcc/riscv-none-embed/8.2.0/../../../../riscv-none-embed/lib/rv32imac/ilp32\libg_nano.a(lib_a-memset.o)
                0x0000000000000200                memset
 *(.text.*)
 .text.NMI_Handler
                0x00000000000002a8        0x4 ./user_c/isr.o
                0x00000000000002a8                NMI_Handler
 .text.HardFault_Handler
                0x00000000000002ac        0x4 ./user_c/isr.o
                0x00000000000002ac                HardFault_Handler
 .text.USART1_IRQHandler
                0x00000000000002b0       0x2a ./user_c/isr.o
                0x00000000000002b0                USART1_IRQHandler
 .text.USART2_IRQHandler
                0x00000000000002da       0x2a ./user_c/isr.o
                0x00000000000002da                USART2_IRQHandler
 .text.USART3_IRQHandler
                0x0000000000000304       0x2a ./user_c/isr.o
                0x0000000000000304                USART3_IRQHandler
 .text.UART4_IRQHandler
                0x000000000000032e       0x2a ./user_c/isr.o
                0x000000000000032e                UART4_IRQHandler
 .text.UART5_IRQHandler
                0x0000000000000358       0x22 ./user_c/isr.o
                0x0000000000000358                UART5_IRQHandler
 .text.UART6_IRQHandler
                0x000000000000037a       0x2a ./user_c/isr.o
                0x000000000000037a                UART6_IRQHandler
 .text.UART7_IRQHandler
                0x00000000000003a4       0x2a ./user_c/isr.o
                0x00000000000003a4                UART7_IRQHandler
 .text.UART8_IRQHandler
                0x00000000000003ce       0x1e ./user_c/isr.o
                0x00000000000003ce                UART8_IRQHandler
 .text.DVP_IRQHandler
                0x00000000000003ec       0x20 ./user_c/isr.o
                0x00000000000003ec                DVP_IRQHandler
 .text.EXTI0_IRQHandler
                0x000000000000040c       0x14 ./user_c/isr.o
                0x000000000000040c                EXTI0_IRQHandler
 .text.EXTI1_IRQHandler
                0x0000000000000420       0x26 ./user_c/isr.o
                0x0000000000000420                EXTI1_IRQHandler
 .text.EXTI2_IRQHandler
                0x0000000000000446       0x16 ./user_c/isr.o
                0x0000000000000446                EXTI2_IRQHandler
 .text.EXTI3_IRQHandler
                0x000000000000045c       0x38 ./user_c/isr.o
                0x000000000000045c                EXTI3_IRQHandler
 .text.EXTI4_IRQHandler
                0x0000000000000494       0x3a ./user_c/isr.o
                0x0000000000000494                EXTI4_IRQHandler
 .text.EXTI9_5_IRQHandler
                0x00000000000004ce       0x84 ./user_c/isr.o
                0x00000000000004ce                EXTI9_5_IRQHandler
 .text.EXTI15_10_IRQHandler
                0x0000000000000552       0x82 ./user_c/isr.o
                0x0000000000000552                EXTI15_10_IRQHandler
 .text.TIM1_UP_IRQHandler
                0x00000000000005d4       0x30 ./user_c/isr.o
                0x00000000000005d4                TIM1_UP_IRQHandler
 .text.TIM2_IRQHandler
                0x0000000000000604       0x1a ./user_c/isr.o
                0x0000000000000604                TIM2_IRQHandler
 .text.TIM3_IRQHandler
                0x000000000000061e       0x26 ./user_c/isr.o
                0x000000000000061e                TIM3_IRQHandler
 .text.TIM4_IRQHandler
                0x0000000000000644       0x26 ./user_c/isr.o
                0x0000000000000644                TIM4_IRQHandler
 .text.TIM5_IRQHandler
                0x000000000000066a       0x26 ./user_c/isr.o
                0x000000000000066a                TIM5_IRQHandler
 .text.TIM6_IRQHandler
                0x0000000000000690       0x1a ./user_c/isr.o
                0x0000000000000690                TIM6_IRQHandler
 .text.TIM7_IRQHandler
                0x00000000000006aa       0x26 ./user_c/isr.o
                0x00000000000006aa                TIM7_IRQHandler
 .text.TIM8_UP_IRQHandler
                0x00000000000006d0       0x26 ./user_c/isr.o
                0x00000000000006d0                TIM8_UP_IRQHandler
 .text.TIM9_UP_IRQHandler
                0x00000000000006f6       0x26 ./user_c/isr.o
                0x00000000000006f6                TIM9_UP_IRQHandler
 .text.TIM10_UP_IRQHandler
                0x000000000000071c       0x1a ./user_c/isr.o
                0x000000000000071c                TIM10_UP_IRQHandler
 .text.startup.main
                0x0000000000000736      0x29a ./user_c/main.o
                0x0000000000000736                main
 .text.motor_init
                0x00000000000009d0       0x62 ./hefei_peripheral/HF_Double_DC_Motor.o
                0x00000000000009d0                motor_init
 .text.motor_forward
                0x0000000000000a32      0x188 ./hefei_peripheral/HF_Double_DC_Motor.o
                0x0000000000000a32                motor_forward
 .text.ips114_write_index
                0x0000000000000bba       0x3a ./hefei_peripheral/HF_IPS114.o
 .text.ips114_set_region
                0x0000000000000bf4      0x106 ./hefei_peripheral/HF_IPS114.o
 .text.ips114_clear
                0x0000000000000cfa       0x44 ./hefei_peripheral/HF_IPS114.o
                0x0000000000000cfa                ips114_clear
 .text.ips114_set_dir
                0x0000000000000d3e       0x2e ./hefei_peripheral/HF_IPS114.o
                0x0000000000000d3e                ips114_set_dir
 .text.ips114_show_char
                0x0000000000000d6c       0x94 ./hefei_peripheral/HF_IPS114.o
                0x0000000000000d6c                ips114_show_char
 .text.ips114_show_string
                0x0000000000000e00       0x42 ./hefei_peripheral/HF_IPS114.o
                0x0000000000000e00                ips114_show_string
 .text.ips114_show_int
                0x0000000000000e42       0x62 ./hefei_peripheral/HF_IPS114.o
                0x0000000000000e42                ips114_show_int
 .text.ips114_show_gray_image
                0x0000000000000ea4       0xb8 ./hefei_peripheral/HF_IPS114.o
                0x0000000000000ea4                ips114_show_gray_image
 .text.ips114_init
                0x0000000000000f5c      0x2c0 ./hefei_peripheral/HF_IPS114.o
                0x0000000000000f5c                ips114_init
 .text.mt9v03x_get_config_dvp.constprop.0
                0x000000000000121c       0xb2 ./hefei_peripheral/HF_MT9V03X.o
 .text.mt9v03x_uart_callback_dvp
                0x00000000000012ce       0x60 ./hefei_peripheral/HF_MT9V03X.o
                0x00000000000012ce                mt9v03x_uart_callback_dvp
 .text.mt9v03x_handler_dvp
                0x000000000000132e       0x22 ./hefei_peripheral/HF_MT9V03X.o
                0x000000000000132e                mt9v03x_handler_dvp
 .text.mt9v03x_init_dvp
                0x0000000000001350      0x18e ./hefei_peripheral/HF_MT9V03X.o
                0x0000000000001350                mt9v03x_init_dvp
 .text.int_to_str
                0x00000000000014de       0x62 ./hefei_peripheral/HF_TFT180.o
                0x00000000000014de                int_to_str
 .text.ws2812b_write
                0x0000000000001540       0xb0 ./hefei_peripheral/HF_WS2812b.o
                0x0000000000001540                ws2812b_write
 .text.ws2812b_init
                0x00000000000015f0       0x42 ./hefei_peripheral/HF_WS2812b.o
                0x00000000000015f0                ws2812b_init
 .text.TOF400C_Start
                0x0000000000001632       0x38 ./hefei_peripheral/dmx_tof400c.o
 .text.TOF400C_Stop
                0x000000000000166a       0x3c ./hefei_peripheral/dmx_tof400c.o
 .text.TOF400C_Write_Char
                0x00000000000016a6       0x9c ./hefei_peripheral/dmx_tof400c.o
 .text.TOF400C_Write_Datas
                0x0000000000001742       0x3e ./hefei_peripheral/dmx_tof400c.o
 .text.TOF400C_Read_Char
                0x0000000000001780       0xbc ./hefei_peripheral/dmx_tof400c.o
 .text.TOF400C_Read_Datas
                0x000000000000183c       0x6c ./hefei_peripheral/dmx_tof400c.o
 .text.Init_TOF400C
                0x00000000000018a8       0xe4 ./hefei_peripheral/dmx_tof400c.o
                0x00000000000018a8                Init_TOF400C
 .text.Get_Distance_TOF400C
                0x000000000000198c       0x64 ./hefei_peripheral/dmx_tof400c.o
                0x000000000000198c                Get_Distance_TOF400C
 .text.board_init
                0x00000000000019f0       0x38 ./hefei_libraries/board/board.o
                0x00000000000019f0                board_init
 .text._write   0x0000000000001a28       0x50 ./hefei_libraries/board/board.o
                0x0000000000001a28                _write
 .text.Delay_Init
                0x0000000000001a78        0x2 ./hefei_libraries/delay.o
                0x0000000000001a78                Delay_Init
 .text.Delay_Us
                0x0000000000001a7a       0x38 ./hefei_libraries/delay.o
                0x0000000000001a7a                Delay_Us
 .text.Delay_Ms
                0x0000000000001ab2       0x36 ./hefei_libraries/delay.o
                0x0000000000001ab2                Delay_Ms
 .text.adc_gpio_init
                0x0000000000001ae8       0xc6 ./hefei_libraries/hf_adc.o
                0x0000000000001ae8                adc_gpio_init
 .text.adc_init
                0x0000000000001bae       0x9a ./hefei_libraries/hf_adc.o
                0x0000000000001bae                adc_init
 .text.dvp_gpio_init
                0x0000000000001c48       0xc4 ./hefei_libraries/hf_dvp.o
                0x0000000000001c48                dvp_gpio_init
 .text.dvp_camera_init
                0x0000000000001d0c       0xae ./hefei_libraries/hf_dvp.o
                0x0000000000001d0c                dvp_camera_init
 .text.exti_enable
                0x0000000000001dba       0x8e ./hefei_libraries/hf_exti.o
                0x0000000000001dba                exti_enable
 .text.gpio_init
                0x0000000000001e48       0xdc ./hefei_libraries/hf_gpio.o
                0x0000000000001e48                gpio_init
 .text.gpio_bit_output
                0x0000000000001f24       0x26 ./hefei_libraries/hf_gpio.o
                0x0000000000001f24                gpio_bit_output
 .text.gpio_get_input
                0x0000000000001f4a       0x22 ./hefei_libraries/hf_gpio.o
                0x0000000000001f4a                gpio_get_input
 .text.interrupt_enable
                0x0000000000001f6c       0x1a ./hefei_libraries/hf_nvic.o
                0x0000000000001f6c                interrupt_enable
 .text.interrupt_disable
                0x0000000000001f86       0x1a ./hefei_libraries/hf_nvic.o
                0x0000000000001f86                interrupt_disable
 .text.interrupt_set_priority
                0x0000000000001fa0        0xc ./hefei_libraries/hf_nvic.o
                0x0000000000001fa0                interrupt_set_priority
 .text.interrupt_global_enable
                0x0000000000001fac        0x2 ./hefei_libraries/hf_nvic.o
                0x0000000000001fac                interrupt_global_enable
 .text.interrupt_global_disable
                0x0000000000001fae        0x2 ./hefei_libraries/hf_nvic.o
                0x0000000000001fae                interrupt_global_disable
 .text.nvic_init
                0x0000000000001fb0       0x1e ./hefei_libraries/hf_nvic.o
                0x0000000000001fb0                nvic_init
 .text.pwm_duty
                0x0000000000001fce       0x30 ./hefei_libraries/hf_pwm.o
                0x0000000000001fce                pwm_duty
 .text.pwm_gpio_init
                0x0000000000001ffe      0x472 ./hefei_libraries/hf_pwm.o
                0x0000000000001ffe                pwm_gpio_init
 .text.pwm_init
                0x0000000000002470      0x1c2 ./hefei_libraries/hf_pwm.o
                0x0000000000002470                pwm_init
 .text.spi_gpio_init
                0x0000000000002632      0x13a ./hefei_libraries/hf_spi.o
                0x0000000000002632                spi_gpio_init
 .text.spi_init
                0x000000000000276c      0x102 ./hefei_libraries/hf_spi.o
                0x000000000000276c                spi_init
 .text.spi_write_8bit
                0x000000000000286e       0x1c ./hefei_libraries/hf_spi.o
                0x000000000000286e                spi_write_8bit
 .text.spi_write_16bit
                0x000000000000288a       0x32 ./hefei_libraries/hf_spi.o
                0x000000000000288a                spi_write_16bit
 .text.timbase_init
                0x00000000000028bc       0xa4 ./hefei_libraries/hf_tim.o
                0x00000000000028bc                timbase_init
 .text.uart_putchar
                0x0000000000002960       0x20 ./hefei_libraries/hf_uart.o
                0x0000000000002960                uart_putchar
 .text.uart_putbuff
                0x0000000000002980       0x30 ./hefei_libraries/hf_uart.o
                0x0000000000002980                uart_putbuff
 .text.uart_interrupt_init
                0x00000000000029b0       0xd4 ./hefei_libraries/hf_uart.o
                0x00000000000029b0                uart_interrupt_init
 .text.uart_query
                0x0000000000002a84       0x26 ./hefei_libraries/hf_uart.o
                0x0000000000002a84                uart_query
 .text.uart_gpio_init
                0x0000000000002aaa      0x23e ./hefei_libraries/hf_uart.o
                0x0000000000002aaa                uart_gpio_init
 .text.uart_init
                0x0000000000002ce8      0x1ce ./hefei_libraries/hf_uart.o
                0x0000000000002ce8                uart_init
 .text.check_bend
                0x0000000000002eb6      0x164 ./CODE/Bend.o
                0x0000000000002eb6                check_bend
 .text.correct_bend_error
                0x000000000000301a       0x90 ./CODE/Bend.o
                0x000000000000301a                correct_bend_error
 .text.check_three
                0x00000000000030aa       0xd4 ./CODE/Bend.o
                0x00000000000030aa                check_three
 .text.check_black_white_line
                0x000000000000317e       0x5a ./CODE/Bend.o
                0x000000000000317e                check_black_white_line
 .text.road_type
                0x00000000000031d8       0x40 ./CODE/Bend.o
                0x00000000000031d8                road_type
 .text.GetHistGram
                0x0000000000003218       0x4e ./CODE/binary.o
                0x0000000000003218                GetHistGram
 .text.OSTUThreshold
                0x0000000000003266      0x1a8 ./CODE/binary.o
                0x0000000000003266                OSTUThreshold
 .text.BinaryImage
                0x000000000000340e       0x6e ./CODE/binary.o
                0x000000000000340e                BinaryImage
 .text.Bin_Image_Filter
                0x000000000000347c       0x84 ./CODE/binary.o
                0x000000000000347c                Bin_Image_Filter
 .text.ImageHandle
                0x0000000000003500       0x28 ./CODE/binary.o
                0x0000000000003500                ImageHandle
 .text.board_led_init
                0x0000000000003528       0x2c ./CODE/board_led.o
                0x0000000000003528                board_led_init
 .text.TIM_init
                0x0000000000003554       0x60 ./CODE/car_init.o
                0x0000000000003554                TIM_init
 .text.car_init
                0x00000000000035b4       0xae ./CODE/car_init.o
                0x00000000000035b4                car_init
 .text.key_init
                0x0000000000003662       0x92 ./CODE/car_keys.o
                0x0000000000003662                key_init
 .text.car_both_rgb_on
                0x00000000000036f4       0x9e ./CODE/car_ligth.o
                0x00000000000036f4                car_both_rgb_on
 .text.car_both_rgb_off
                0x0000000000003792       0x1c ./CODE/car_ligth.o
                0x0000000000003792                car_both_rgb_off
 .text.car_yellow_left
                0x00000000000037ae       0x18 ./CODE/car_ligth.o
                0x00000000000037ae                car_yellow_left
 .text.car_yellow_right
                0x00000000000037c6       0x18 ./CODE/car_ligth.o
                0x00000000000037c6                car_yellow_right
 .text.reed_init
                0x00000000000037de       0x10 ./CODE/car_reed.o
                0x00000000000037de                reed_init
 .text.Abs      0x00000000000037ee       0x52 ./CODE/center_line.o
                0x00000000000037ee                Abs
 .text.CenterLine
                0x0000000000003840      0x332 ./CODE/center_line.o
                0x0000000000003840                CenterLine
 .text.init_PID
                0x0000000000003b72       0xa6 ./CODE/pid.o
                0x0000000000003b72                init_PID
 .text.Car_PID_ERROR
                0x0000000000003c18       0xd2 ./CODE/pid.o
                0x0000000000003c18                Car_PID_ERROR
 .text.error_average
                0x0000000000003cea       0x96 ./CODE/pid.o
                0x0000000000003cea                error_average
 .text.pid_forward_move
                0x0000000000003d80       0x90 ./CODE/pid.o
                0x0000000000003d80                pid_forward_move
 .text.vector_handler
                0x0000000000003e10       0xbe ./CH32V30x/CH32V30x_p/Startup/startup_ch32v30x.o
                0x0000000000003e14                Ecall_M_Mode_Handler
                0x0000000000003e16                Ecall_U_Mode_Handler
                0x0000000000003e18                Break_Point_Handler
                0x0000000000003e1a                SysTick_Handler
                0x0000000000003e1c                SW_handler
                0x0000000000003e1e                WWDG_IRQHandler
                0x0000000000003e20                PVD_IRQHandler
                0x0000000000003e22                TAMPER_IRQHandler
                0x0000000000003e24                RTC_IRQHandler
                0x0000000000003e26                FLASH_IRQHandler
                0x0000000000003e28                RCC_IRQHandler
                0x0000000000003e34                DMA1_Channel1_IRQHandler
                0x0000000000003e36                DMA1_Channel2_IRQHandler
                0x0000000000003e38                DMA1_Channel3_IRQHandler
                0x0000000000003e3a                DMA1_Channel4_IRQHandler
                0x0000000000003e3c                DMA1_Channel5_IRQHandler
                0x0000000000003e3e                DMA1_Channel6_IRQHandler
                0x0000000000003e40                DMA1_Channel7_IRQHandler
                0x0000000000003e42                ADC1_2_IRQHandler
                0x0000000000003e44                USB_HP_CAN1_TX_IRQHandler
                0x0000000000003e46                USB_LP_CAN1_RX0_IRQHandler
                0x0000000000003e48                CAN1_RX1_IRQHandler
                0x0000000000003e4a                CAN1_SCE_IRQHandler
                0x0000000000003e4e                TIM1_BRK_IRQHandler
                0x0000000000003e52                TIM1_TRG_COM_IRQHandler
                0x0000000000003e54                TIM1_CC_IRQHandler
                0x0000000000003e5c                I2C1_EV_IRQHandler
                0x0000000000003e5e                I2C1_ER_IRQHandler
                0x0000000000003e60                I2C2_EV_IRQHandler
                0x0000000000003e62                I2C2_ER_IRQHandler
                0x0000000000003e64                SPI1_IRQHandler
                0x0000000000003e66                SPI2_IRQHandler
                0x0000000000003e70                RTCAlarm_IRQHandler
                0x0000000000003e72                USBWakeUp_IRQHandler
                0x0000000000003e74                TIM8_BRK_IRQHandler
                0x0000000000003e78                TIM8_TRG_COM_IRQHandler
                0x0000000000003e7a                TIM8_CC_IRQHandler
                0x0000000000003e7c                RNG_IRQHandler
                0x0000000000003e7e                FSMC_IRQHandler
                0x0000000000003e80                SDIO_IRQHandler
                0x0000000000003e84                SPI3_IRQHandler
                0x0000000000003e8e                DMA2_Channel1_IRQHandler
                0x0000000000003e90                DMA2_Channel2_IRQHandler
                0x0000000000003e92                DMA2_Channel3_IRQHandler
                0x0000000000003e94                DMA2_Channel4_IRQHandler
                0x0000000000003e96                DMA2_Channel5_IRQHandler
                0x0000000000003e98                ETH_IRQHandler
                0x0000000000003e9a                ETH_WKUP_IRQHandler
                0x0000000000003e9c                CAN2_TX_IRQHandler
                0x0000000000003e9e                CAN2_RX0_IRQHandler
                0x0000000000003ea0                CAN2_RX1_IRQHandler
                0x0000000000003ea2                CAN2_SCE_IRQHandler
                0x0000000000003ea6                USBHSWakeup_IRQHandler
                0x0000000000003ea8                USBHS_IRQHandler
                0x0000000000003eb2                TIM9_BRK_IRQHandler
                0x0000000000003eb6                TIM9_TRG_COM_IRQHandler
                0x0000000000003eb8                TIM9_CC_IRQHandler
                0x0000000000003eba                TIM10_BRK_IRQHandler
                0x0000000000003ebe                TIM10_TRG_COM_IRQHandler
                0x0000000000003ec0                TIM10_CC_IRQHandler
                0x0000000000003ec2                DMA2_Channel6_IRQHandler
                0x0000000000003ec4                DMA2_Channel7_IRQHandler
                0x0000000000003ec6                DMA2_Channel8_IRQHandler
                0x0000000000003ec8                DMA2_Channel9_IRQHandler
                0x0000000000003eca                DMA2_Channel10_IRQHandler
                0x0000000000003ecc                DMA2_Channel11_IRQHandler
 .text.handle_reset
                0x0000000000003ece       0x92 ./CH32V30x/CH32V30x_p/Startup/startup_ch32v30x.o
                0x0000000000003ece                handle_reset
 .text.ADC_DeInit
                0x0000000000003f60       0x46 ./CH32V30x/CH32V30x_p/CH32V30x_Lib/ch32v30x_adc.o
                0x0000000000003f60                ADC_DeInit
 .text.ADC_Init
                0x0000000000003fa6       0x58 ./CH32V30x/CH32V30x_p/CH32V30x_Lib/ch32v30x_adc.o
                0x0000000000003fa6                ADC_Init
 .text.ADC_Cmd  0x0000000000003ffe       0x10 ./CH32V30x/CH32V30x_p/CH32V30x_Lib/ch32v30x_adc.o
                0x0000000000003ffe                ADC_Cmd
 .text.ADC_ResetCalibration
                0x000000000000400e        0xa ./CH32V30x/CH32V30x_p/CH32V30x_Lib/ch32v30x_adc.o
                0x000000000000400e                ADC_ResetCalibration
 .text.ADC_GetResetCalibrationStatus
                0x0000000000004018        0x8 ./CH32V30x/CH32V30x_p/CH32V30x_Lib/ch32v30x_adc.o
                0x0000000000004018                ADC_GetResetCalibrationStatus
 .text.ADC_StartCalibration
                0x0000000000004020        0xa ./CH32V30x/CH32V30x_p/CH32V30x_Lib/ch32v30x_adc.o
                0x0000000000004020                ADC_StartCalibration
 .text.ADC_GetCalibrationStatus
                0x000000000000402a        0x8 ./CH32V30x/CH32V30x_p/CH32V30x_Lib/ch32v30x_adc.o
                0x000000000000402a                ADC_GetCalibrationStatus
 .text.EXTI_Init
                0x0000000000004032       0x6a ./CH32V30x/CH32V30x_p/CH32V30x_Lib/ch32v30x_exti.o
                0x0000000000004032                EXTI_Init
 .text.EXTI_GetITStatus
                0x000000000000409c       0x1e ./CH32V30x/CH32V30x_p/CH32V30x_Lib/ch32v30x_exti.o
                0x000000000000409c                EXTI_GetITStatus
 .text.EXTI_ClearITPendingBit
                0x00000000000040ba        0xa ./CH32V30x/CH32V30x_p/CH32V30x_Lib/ch32v30x_exti.o
                0x00000000000040ba                EXTI_ClearITPendingBit
 .text.GPIO_Init
                0x00000000000040c4       0xc2 ./CH32V30x/CH32V30x_p/CH32V30x_Lib/ch32v30x_gpio.o
                0x00000000000040c4                GPIO_Init
 .text.GPIO_WriteBit
                0x0000000000004186        0xa ./CH32V30x/CH32V30x_p/CH32V30x_Lib/ch32v30x_gpio.o
                0x0000000000004186                GPIO_WriteBit
 .text.GPIO_PinRemapConfig
                0x0000000000004190       0x86 ./CH32V30x/CH32V30x_p/CH32V30x_Lib/ch32v30x_gpio.o
                0x0000000000004190                GPIO_PinRemapConfig
 .text.GPIO_EXTILineConfig
                0x0000000000004216       0x2c ./CH32V30x/CH32V30x_p/CH32V30x_Lib/ch32v30x_gpio.o
                0x0000000000004216                GPIO_EXTILineConfig
 .text.NVIC_Init
                0x0000000000004242       0xb8 ./CH32V30x/CH32V30x_p/CH32V30x_Lib/ch32v30x_misc.o
                0x0000000000004242                NVIC_Init
 .text.RCC_ADCCLKConfig
                0x00000000000042fa       0x12 ./CH32V30x/CH32V30x_p/CH32V30x_Lib/ch32v30x_rcc.o
                0x00000000000042fa                RCC_ADCCLKConfig
 .text.RCC_GetClocksFreq
                0x000000000000430c      0x10e ./CH32V30x/CH32V30x_p/CH32V30x_Lib/ch32v30x_rcc.o
                0x000000000000430c                RCC_GetClocksFreq
 .text.RCC_AHBPeriphClockCmd
                0x000000000000441a       0x1e ./CH32V30x/CH32V30x_p/CH32V30x_Lib/ch32v30x_rcc.o
                0x000000000000441a                RCC_AHBPeriphClockCmd
 .text.RCC_APB2PeriphClockCmd
                0x0000000000004438       0x1e ./CH32V30x/CH32V30x_p/CH32V30x_Lib/ch32v30x_rcc.o
                0x0000000000004438                RCC_APB2PeriphClockCmd
 .text.RCC_APB1PeriphClockCmd
                0x0000000000004456       0x1e ./CH32V30x/CH32V30x_p/CH32V30x_Lib/ch32v30x_rcc.o
                0x0000000000004456                RCC_APB1PeriphClockCmd
 .text.RCC_APB2PeriphResetCmd
                0x0000000000004474       0x1e ./CH32V30x/CH32V30x_p/CH32V30x_Lib/ch32v30x_rcc.o
                0x0000000000004474                RCC_APB2PeriphResetCmd
 .text.SPI_Init
                0x0000000000004492       0x5a ./CH32V30x/CH32V30x_p/CH32V30x_Lib/ch32v30x_spi.o
                0x0000000000004492                SPI_Init
 .text.SPI_Cmd  0x00000000000044ec       0x1e ./CH32V30x/CH32V30x_p/CH32V30x_Lib/ch32v30x_spi.o
                0x00000000000044ec                SPI_Cmd
 .text.TIM_TimeBaseInit
                0x000000000000450a       0xc0 ./CH32V30x/CH32V30x_p/CH32V30x_Lib/ch32v30x_tim.o
                0x000000000000450a                TIM_TimeBaseInit
 .text.TIM_OC1Init
                0x00000000000045ca       0xa0 ./CH32V30x/CH32V30x_p/CH32V30x_Lib/ch32v30x_tim.o
                0x00000000000045ca                TIM_OC1Init
 .text.TIM_OC2Init
                0x000000000000466a       0xcc ./CH32V30x/CH32V30x_p/CH32V30x_Lib/ch32v30x_tim.o
                0x000000000000466a                TIM_OC2Init
 .text.TIM_OC3Init
                0x0000000000004736       0xca ./CH32V30x/CH32V30x_p/CH32V30x_Lib/ch32v30x_tim.o
                0x0000000000004736                TIM_OC3Init
 .text.TIM_OC4Init
                0x0000000000004800       0x9e ./CH32V30x/CH32V30x_p/CH32V30x_Lib/ch32v30x_tim.o
                0x0000000000004800                TIM_OC4Init
 .text.TIM_Cmd  0x000000000000489e       0x1c ./CH32V30x/CH32V30x_p/CH32V30x_Lib/ch32v30x_tim.o
                0x000000000000489e                TIM_Cmd
 .text.TIM_CtrlPWMOutputs
                0x00000000000048ba       0x16 ./CH32V30x/CH32V30x_p/CH32V30x_Lib/ch32v30x_tim.o
                0x00000000000048ba                TIM_CtrlPWMOutputs
 .text.TIM_ITConfig
                0x00000000000048d0       0x16 ./CH32V30x/CH32V30x_p/CH32V30x_Lib/ch32v30x_tim.o
                0x00000000000048d0                TIM_ITConfig
 .text.TIM_OC1PreloadConfig
                0x00000000000048e6       0x12 ./CH32V30x/CH32V30x_p/CH32V30x_Lib/ch32v30x_tim.o
                0x00000000000048e6                TIM_OC1PreloadConfig
 .text.TIM_OC2PreloadConfig
                0x00000000000048f8       0x1a ./CH32V30x/CH32V30x_p/CH32V30x_Lib/ch32v30x_tim.o
                0x00000000000048f8                TIM_OC2PreloadConfig
 .text.TIM_OC3PreloadConfig
                0x0000000000004912       0x12 ./CH32V30x/CH32V30x_p/CH32V30x_Lib/ch32v30x_tim.o
                0x0000000000004912                TIM_OC3PreloadConfig
 .text.TIM_OC4PreloadConfig
                0x0000000000004924       0x1a ./CH32V30x/CH32V30x_p/CH32V30x_Lib/ch32v30x_tim.o
                0x0000000000004924                TIM_OC4PreloadConfig
 .text.TIM_OC2PolarityConfig
                0x000000000000493e       0x1a ./CH32V30x/CH32V30x_p/CH32V30x_Lib/ch32v30x_tim.o
                0x000000000000493e                TIM_OC2PolarityConfig
 .text.TIM_CCxCmd
                0x0000000000004958       0x28 ./CH32V30x/CH32V30x_p/CH32V30x_Lib/ch32v30x_tim.o
                0x0000000000004958                TIM_CCxCmd
 .text.TIM_SetCounter
                0x0000000000004980        0x6 ./CH32V30x/CH32V30x_p/CH32V30x_Lib/ch32v30x_tim.o
                0x0000000000004980                TIM_SetCounter
 .text.TIM_GetFlagStatus
                0x0000000000004986        0xc ./CH32V30x/CH32V30x_p/CH32V30x_Lib/ch32v30x_tim.o
                0x0000000000004986                TIM_GetFlagStatus
 .text.TIM_ClearFlag
                0x0000000000004992        0xe ./CH32V30x/CH32V30x_p/CH32V30x_Lib/ch32v30x_tim.o
                0x0000000000004992                TIM_ClearFlag
 .text.TIM_GetITStatus
                0x00000000000049a0       0x1c ./CH32V30x/CH32V30x_p/CH32V30x_Lib/ch32v30x_tim.o
                0x00000000000049a0                TIM_GetITStatus
 .text.TIM_ClearITPendingBit
                0x00000000000049bc        0xe ./CH32V30x/CH32V30x_p/CH32V30x_Lib/ch32v30x_tim.o
                0x00000000000049bc                TIM_ClearITPendingBit
 .text.USART_Init
                0x00000000000049ca       0xda ./CH32V30x/CH32V30x_p/CH32V30x_Lib/ch32v30x_usart.o
                0x00000000000049ca                USART_Init
 .text.USART_Cmd
                0x0000000000004aa4       0x1c ./CH32V30x/CH32V30x_p/CH32V30x_Lib/ch32v30x_usart.o
                0x0000000000004aa4                USART_Cmd
 .text.USART_ITConfig
                0x0000000000004ac0       0x36 ./CH32V30x/CH32V30x_p/CH32V30x_Lib/ch32v30x_usart.o
                0x0000000000004ac0                USART_ITConfig
 .text.USART_SendData
                0x0000000000004af6        0xa ./CH32V30x/CH32V30x_p/CH32V30x_Lib/ch32v30x_usart.o
                0x0000000000004af6                USART_SendData
 .text.USART_GetFlagStatus
                0x0000000000004b00        0xc ./CH32V30x/CH32V30x_p/CH32V30x_Lib/ch32v30x_usart.o
                0x0000000000004b00                USART_GetFlagStatus
 .text.USART_GetITStatus
                0x0000000000004b0c       0x44 ./CH32V30x/CH32V30x_p/CH32V30x_Lib/ch32v30x_usart.o
                0x0000000000004b0c                USART_GetITStatus
 .text.USART_ClearITPendingBit
                0x0000000000004b50       0x16 ./CH32V30x/CH32V30x_p/CH32V30x_Lib/ch32v30x_usart.o
                0x0000000000004b50                USART_ClearITPendingBit
 .text.DevEP1_IN_Deal
                0x0000000000004b66       0x16 ./CH32V30x/CH32V30x_p/CH32V30x_Lib/ch32v30x_usbotg_device.o
                0x0000000000004b66                DevEP1_IN_Deal
 .text.DevEP2_IN_Deal
                0x0000000000004b7c       0x16 ./CH32V30x/CH32V30x_p/CH32V30x_Lib/ch32v30x_usbotg_device.o
                0x0000000000004b7c                DevEP2_IN_Deal
 .text.DevEP1_OUT_Deal
                0x0000000000004b92       0x28 ./CH32V30x/CH32V30x_p/CH32V30x_Lib/ch32v30x_usbotg_device.o
                0x0000000000004b92                DevEP1_OUT_Deal
 .text.DevEP2_OUT_Deal
                0x0000000000004bba       0x28 ./CH32V30x/CH32V30x_p/CH32V30x_Lib/ch32v30x_usbotg_device.o
                0x0000000000004bba                DevEP2_OUT_Deal
 .text.OTG_FS_IRQHandler
                0x0000000000004be2      0x71a ./CH32V30x/CH32V30x_p/CH32V30x_Lib/ch32v30x_usbotg_device.o
                0x0000000000004be2                OTG_FS_IRQHandler
 .text.SystemInit
                0x00000000000052fc      0x122 ./CH32V30x/CH32V30x_p/CH32V30x_Lib/system_ch32v30x.o
                0x00000000000052fc                SystemInit
 .text.__adddf3
                0x000000000000541e      0x730 f:/智能车/ide/mounriver_studio/toolchain/risc-v embedded gcc/bin/../lib/gcc/riscv-none-embed/8.2.0/rv32imac/ilp32\libgcc.a(adddf3.o)
                0x000000000000541e                __adddf3
 .text.__divdf3
                0x0000000000005b4e      0x5b4 f:/智能车/ide/mounriver_studio/toolchain/risc-v embedded gcc/bin/../lib/gcc/riscv-none-embed/8.2.0/rv32imac/ilp32\libgcc.a(divdf3.o)
                0x0000000000005b4e                __divdf3
 .text.__gedf2  0x0000000000006102       0xae f:/智能车/ide/mounriver_studio/toolchain/risc-v embedded gcc/bin/../lib/gcc/riscv-none-embed/8.2.0/rv32imac/ilp32\libgcc.a(gedf2.o)
                0x0000000000006102                __gedf2
                0x0000000000006102                __gtdf2
 .text.__ledf2  0x00000000000061b0       0xb6 f:/智能车/ide/mounriver_studio/toolchain/risc-v embedded gcc/bin/../lib/gcc/riscv-none-embed/8.2.0/rv32imac/ilp32\libgcc.a(ledf2.o)
                0x00000000000061b0                __ledf2
                0x00000000000061b0                __ltdf2
 .text.__muldf3
                0x0000000000006266      0x4b8 f:/智能车/ide/mounriver_studio/toolchain/risc-v embedded gcc/bin/../lib/gcc/riscv-none-embed/8.2.0/rv32imac/ilp32\libgcc.a(muldf3.o)
                0x0000000000006266                __muldf3
 .text.__subdf3
                0x000000000000671e      0x73e f:/智能车/ide/mounriver_studio/toolchain/risc-v embedded gcc/bin/../lib/gcc/riscv-none-embed/8.2.0/rv32imac/ilp32\libgcc.a(subdf3.o)
                0x000000000000671e                __subdf3
 .text.__fixdfsi
                0x0000000000006e5c       0x68 f:/智能车/ide/mounriver_studio/toolchain/risc-v embedded gcc/bin/../lib/gcc/riscv-none-embed/8.2.0/rv32imac/ilp32\libgcc.a(fixdfsi.o)
                0x0000000000006e5c                __fixdfsi
 .text.__floatsidf
                0x0000000000006ec4       0x72 f:/智能车/ide/mounriver_studio/toolchain/risc-v embedded gcc/bin/../lib/gcc/riscv-none-embed/8.2.0/rv32imac/ilp32\libgcc.a(floatsidf.o)
                0x0000000000006ec4                __floatsidf
 .text.__floatunsidf
                0x0000000000006f36       0x68 f:/智能车/ide/mounriver_studio/toolchain/risc-v embedded gcc/bin/../lib/gcc/riscv-none-embed/8.2.0/rv32imac/ilp32\libgcc.a(floatunsidf.o)
                0x0000000000006f36                __floatunsidf
 .text.__addsf3
                0x0000000000006f9e      0x36a f:/智能车/ide/mounriver_studio/toolchain/risc-v embedded gcc/bin/../lib/gcc/riscv-none-embed/8.2.0/rv32imac/ilp32\libgcc.a(addsf3.o)
                0x0000000000006f9e                __addsf3
 .text.__gesf2  0x0000000000007308       0x86 f:/智能车/ide/mounriver_studio/toolchain/risc-v embedded gcc/bin/../lib/gcc/riscv-none-embed/8.2.0/rv32imac/ilp32\libgcc.a(gesf2.o)
                0x0000000000007308                __gesf2
                0x0000000000007308                __gtsf2
 .text.__lesf2  0x000000000000738e       0x8c f:/智能车/ide/mounriver_studio/toolchain/risc-v embedded gcc/bin/../lib/gcc/riscv-none-embed/8.2.0/rv32imac/ilp32\libgcc.a(lesf2.o)
                0x000000000000738e                __ltsf2
                0x000000000000738e                __lesf2
 .text.__mulsf3
                0x000000000000741a      0x290 f:/智能车/ide/mounriver_studio/toolchain/risc-v embedded gcc/bin/../lib/gcc/riscv-none-embed/8.2.0/rv32imac/ilp32\libgcc.a(mulsf3.o)
                0x000000000000741a                __mulsf3
 .text.__subsf3
                0x00000000000076aa      0x388 f:/智能车/ide/mounriver_studio/toolchain/risc-v embedded gcc/bin/../lib/gcc/riscv-none-embed/8.2.0/rv32imac/ilp32\libgcc.a(subsf3.o)
                0x00000000000076aa                __subsf3
 .text.__fixunssfsi
                0x0000000000007a32       0x56 f:/智能车/ide/mounriver_studio/toolchain/risc-v embedded gcc/bin/../lib/gcc/riscv-none-embed/8.2.0/rv32imac/ilp32\libgcc.a(fixunssfsi.o)
                0x0000000000007a32                __fixunssfsi
 .text.__floatsisf
                0x0000000000007a88       0xc6 f:/智能车/ide/mounriver_studio/toolchain/risc-v embedded gcc/bin/../lib/gcc/riscv-none-embed/8.2.0/rv32imac/ilp32\libgcc.a(floatsisf.o)
                0x0000000000007a88                __floatsisf
 .text.__clzsi2
                0x0000000000007b4e       0x76 f:/智能车/ide/mounriver_studio/toolchain/risc-v embedded gcc/bin/../lib/gcc/riscv-none-embed/8.2.0/rv32imac/ilp32\libgcc.a(_clzsi2.o)
                0x0000000000007b4e                __clzsi2
 .text.__assert_func
                0x0000000000007bc4       0x3a f:/智能车/ide/mounriver_studio/toolchain/risc-v embedded gcc/bin/../lib/gcc/riscv-none-embed/8.2.0/../../../../riscv-none-embed/lib/rv32imac/ilp32\libg_nano.a(lib_a-assert.o)
                0x0000000000007bc4                __assert_func
 .text.fprintf  0x0000000000007bfe       0x26 f:/智能车/ide/mounriver_studio/toolchain/risc-v embedded gcc/bin/../lib/gcc/riscv-none-embed/8.2.0/../../../../riscv-none-embed/lib/rv32imac/ilp32\libg_nano.a(lib_a-fprintf.o)
                0x0000000000007bfe                fiprintf
                0x0000000000007bfe                fprintf
 .text.malloc   0x0000000000007c24        0xa f:/智能车/ide/mounriver_studio/toolchain/risc-v embedded gcc/bin/../lib/gcc/riscv-none-embed/8.2.0/../../../../riscv-none-embed/lib/rv32imac/ilp32\libg_nano.a(lib_a-malloc.o)
                0x0000000000007c24                malloc
 .text.memcpy   0x0000000000007c2e       0xb6 f:/智能车/ide/mounriver_studio/toolchain/risc-v embedded gcc/bin/../lib/gcc/riscv-none-embed/8.2.0/../../../../riscv-none-embed/lib/rv32imac/ilp32\libg_nano.a(lib_a-memcpy.o)
                0x0000000000007c2e                memcpy
 .text._free_r  0x0000000000007ce4       0xa8 f:/智能车/ide/mounriver_studio/toolchain/risc-v embedded gcc/bin/../lib/gcc/riscv-none-embed/8.2.0/../../../../riscv-none-embed/lib/rv32imac/ilp32\libg_nano.a(lib_a-nano-freer.o)
                0x0000000000007ce4                _free_r
 .text._malloc_r
                0x0000000000007d8c       0xda f:/智能车/ide/mounriver_studio/toolchain/risc-v embedded gcc/bin/../lib/gcc/riscv-none-embed/8.2.0/../../../../riscv-none-embed/lib/rv32imac/ilp32\libg_nano.a(lib_a-nano-mallocr.o)
                0x0000000000007d8c                _malloc_r
 .text.__sfputc_r
                0x0000000000007e66       0x2a f:/智能车/ide/mounriver_studio/toolchain/risc-v embedded gcc/bin/../lib/gcc/riscv-none-embed/8.2.0/../../../../riscv-none-embed/lib/rv32imac/ilp32\libg_nano.a(lib_a-nano-vfprintf.o)
 .text.__sfputs_r
                0x0000000000007e90       0x44 f:/智能车/ide/mounriver_studio/toolchain/risc-v embedded gcc/bin/../lib/gcc/riscv-none-embed/8.2.0/../../../../riscv-none-embed/lib/rv32imac/ilp32\libg_nano.a(lib_a-nano-vfprintf.o)
                0x0000000000007e90                __sfputs_r
 .text._vfprintf_r
                0x0000000000007ed4      0x2a0 f:/智能车/ide/mounriver_studio/toolchain/risc-v embedded gcc/bin/../lib/gcc/riscv-none-embed/8.2.0/../../../../riscv-none-embed/lib/rv32imac/ilp32\libg_nano.a(lib_a-nano-vfprintf.o)
                0x0000000000007ed4                _vfprintf_r
                0x0000000000007ed4                _vfiprintf_r
 .text._printf_common
                0x0000000000008174      0x10c f:/智能车/ide/mounriver_studio/toolchain/risc-v embedded gcc/bin/../lib/gcc/riscv-none-embed/8.2.0/../../../../riscv-none-embed/lib/rv32imac/ilp32\libg_nano.a(lib_a-nano-vfprintf_i.o)
                0x0000000000008174                _printf_common
 .text._printf_i
                0x0000000000008280      0x2ac f:/智能车/ide/mounriver_studio/toolchain/risc-v embedded gcc/bin/../lib/gcc/riscv-none-embed/8.2.0/../../../../riscv-none-embed/lib/rv32imac/ilp32\libg_nano.a(lib_a-nano-vfprintf_i.o)
                0x0000000000008280                _printf_i
 .text.printf   0x000000000000852c       0x40 f:/智能车/ide/mounriver_studio/toolchain/risc-v embedded gcc/bin/../lib/gcc/riscv-none-embed/8.2.0/../../../../riscv-none-embed/lib/rv32imac/ilp32\libg_nano.a(lib_a-printf.o)
                0x000000000000852c                iprintf
                0x000000000000852c                printf
 .text._puts_r  0x000000000000856c       0xda f:/智能车/ide/mounriver_studio/toolchain/risc-v embedded gcc/bin/../lib/gcc/riscv-none-embed/8.2.0/../../../../riscv-none-embed/lib/rv32imac/ilp32\libg_nano.a(lib_a-puts.o)
                0x000000000000856c                _puts_r
 .text.puts     0x0000000000008646        0xc f:/智能车/ide/mounriver_studio/toolchain/risc-v embedded gcc/bin/../lib/gcc/riscv-none-embed/8.2.0/../../../../riscv-none-embed/lib/rv32imac/ilp32\libg_nano.a(lib_a-puts.o)
                0x0000000000008646                puts
 .text._sbrk_r  0x0000000000008652       0x32 f:/智能车/ide/mounriver_studio/toolchain/risc-v embedded gcc/bin/../lib/gcc/riscv-none-embed/8.2.0/../../../../riscv-none-embed/lib/rv32imac/ilp32\libg_nano.a(lib_a-sbrkr.o)
                0x0000000000008652                _sbrk_r
 .text.__swbuf_r
                0x0000000000008684       0xc0 f:/智能车/ide/mounriver_studio/toolchain/risc-v embedded gcc/bin/../lib/gcc/riscv-none-embed/8.2.0/../../../../riscv-none-embed/lib/rv32imac/ilp32\libg_nano.a(lib_a-wbuf.o)
                0x0000000000008684                __swbuf_r
 .text.__swsetup_r
                0x0000000000008744      0x10e f:/智能车/ide/mounriver_studio/toolchain/risc-v embedded gcc/bin/../lib/gcc/riscv-none-embed/8.2.0/../../../../riscv-none-embed/lib/rv32imac/ilp32\libg_nano.a(lib_a-wsetup.o)
                0x0000000000008744                __swsetup_r
 .text.abort    0x0000000000008852        0xe f:/智能车/ide/mounriver_studio/toolchain/risc-v embedded gcc/bin/../lib/gcc/riscv-none-embed/8.2.0/../../../../riscv-none-embed/lib/rv32imac/ilp32\libg_nano.a(lib_a-abort.o)
                0x0000000000008852                abort
 .text.__sflush_r
                0x0000000000008860      0x13e f:/智能车/ide/mounriver_studio/toolchain/risc-v embedded gcc/bin/../lib/gcc/riscv-none-embed/8.2.0/../../../../riscv-none-embed/lib/rv32imac/ilp32\libg_nano.a(lib_a-fflush.o)
                0x0000000000008860                __sflush_r
 .text._fflush_r
                0x000000000000899e       0x66 f:/智能车/ide/mounriver_studio/toolchain/risc-v embedded gcc/bin/../lib/gcc/riscv-none-embed/8.2.0/../../../../riscv-none-embed/lib/rv32imac/ilp32\libg_nano.a(lib_a-fflush.o)
                0x000000000000899e                _fflush_r
 .text.std      0x0000000000008a04       0x6a f:/智能车/ide/mounriver_studio/toolchain/risc-v embedded gcc/bin/../lib/gcc/riscv-none-embed/8.2.0/../../../../riscv-none-embed/lib/rv32imac/ilp32\libg_nano.a(lib_a-findfp.o)
 .text._cleanup_r
                0x0000000000008a6e        0xa f:/智能车/ide/mounriver_studio/toolchain/risc-v embedded gcc/bin/../lib/gcc/riscv-none-embed/8.2.0/../../../../riscv-none-embed/lib/rv32imac/ilp32\libg_nano.a(lib_a-findfp.o)
                0x0000000000008a6e                _cleanup_r
 .text.__sfmoreglue
                0x0000000000008a78       0x48 f:/智能车/ide/mounriver_studio/toolchain/risc-v embedded gcc/bin/../lib/gcc/riscv-none-embed/8.2.0/../../../../riscv-none-embed/lib/rv32imac/ilp32\libg_nano.a(lib_a-findfp.o)
                0x0000000000008a78                __sfmoreglue
 .text.__sinit  0x0000000000008ac0       0x6c f:/智能车/ide/mounriver_studio/toolchain/risc-v embedded gcc/bin/../lib/gcc/riscv-none-embed/8.2.0/../../../../riscv-none-embed/lib/rv32imac/ilp32\libg_nano.a(lib_a-findfp.o)
                0x0000000000008ac0                __sinit
 .text.__sfp    0x0000000000008b2c       0xa0 f:/智能车/ide/mounriver_studio/toolchain/risc-v embedded gcc/bin/../lib/gcc/riscv-none-embed/8.2.0/../../../../riscv-none-embed/lib/rv32imac/ilp32\libg_nano.a(lib_a-findfp.o)
                0x0000000000008b2c                __sfp
 .text._fwalk_reent
                0x0000000000008bcc       0x6c f:/智能车/ide/mounriver_studio/toolchain/risc-v embedded gcc/bin/../lib/gcc/riscv-none-embed/8.2.0/../../../../riscv-none-embed/lib/rv32imac/ilp32\libg_nano.a(lib_a-fwalk.o)
                0x0000000000008bcc                _fwalk_reent
 .text.__swhatbuf_r
                0x0000000000008c38       0x58 f:/智能车/ide/mounriver_studio/toolchain/risc-v embedded gcc/bin/../lib/gcc/riscv-none-embed/8.2.0/../../../../riscv-none-embed/lib/rv32imac/ilp32\libg_nano.a(lib_a-makebuf.o)
                0x0000000000008c38                __swhatbuf_r
 .text.__smakebuf_r
                0x0000000000008c90       0xa0 f:/智能车/ide/mounriver_studio/toolchain/risc-v embedded gcc/bin/../lib/gcc/riscv-none-embed/8.2.0/../../../../riscv-none-embed/lib/rv32imac/ilp32\libg_nano.a(lib_a-makebuf.o)
                0x0000000000008c90                __smakebuf_r
 .text.memchr   0x0000000000008d30       0x1a f:/智能车/ide/mounriver_studio/toolchain/risc-v embedded gcc/bin/../lib/gcc/riscv-none-embed/8.2.0/../../../../riscv-none-embed/lib/rv32imac/ilp32\libg_nano.a(lib_a-memchr.o)
                0x0000000000008d30                memchr
 .text.__malloc_lock
                0x0000000000008d4a        0x2 f:/智能车/ide/mounriver_studio/toolchain/risc-v embedded gcc/bin/../lib/gcc/riscv-none-embed/8.2.0/../../../../riscv-none-embed/lib/rv32imac/ilp32\libg_nano.a(lib_a-mlock.o)
                0x0000000000008d4a                __malloc_lock
 .text.__malloc_unlock
                0x0000000000008d4c        0x2 f:/智能车/ide/mounriver_studio/toolchain/risc-v embedded gcc/bin/../lib/gcc/riscv-none-embed/8.2.0/../../../../riscv-none-embed/lib/rv32imac/ilp32\libg_nano.a(lib_a-mlock.o)
                0x0000000000008d4c                __malloc_unlock
 .text._raise_r
                0x0000000000008d4e       0x62 f:/智能车/ide/mounriver_studio/toolchain/risc-v embedded gcc/bin/../lib/gcc/riscv-none-embed/8.2.0/../../../../riscv-none-embed/lib/rv32imac/ilp32\libg_nano.a(lib_a-signal.o)
                0x0000000000008d4e                _raise_r
 .text.raise    0x0000000000008db0        0xc f:/智能车/ide/mounriver_studio/toolchain/risc-v embedded gcc/bin/../lib/gcc/riscv-none-embed/8.2.0/../../../../riscv-none-embed/lib/rv32imac/ilp32\libg_nano.a(lib_a-signal.o)
                0x0000000000008db0                raise
 .text._kill_r  0x0000000000008dbc       0x32 f:/智能车/ide/mounriver_studio/toolchain/risc-v embedded gcc/bin/../lib/gcc/riscv-none-embed/8.2.0/../../../../riscv-none-embed/lib/rv32imac/ilp32\libg_nano.a(lib_a-signalr.o)
                0x0000000000008dbc                _kill_r
 .text._getpid_r
                0x0000000000008dee        0x2 f:/智能车/ide/mounriver_studio/toolchain/risc-v embedded gcc/bin/../lib/gcc/riscv-none-embed/8.2.0/../../../../riscv-none-embed/lib/rv32imac/ilp32\libg_nano.a(lib_a-signalr.o)
                0x0000000000008dee                _getpid_r
 .text.__sread  0x0000000000008df0       0x30 f:/智能车/ide/mounriver_studio/toolchain/risc-v embedded gcc/bin/../lib/gcc/riscv-none-embed/8.2.0/../../../../riscv-none-embed/lib/rv32imac/ilp32\libg_nano.a(lib_a-stdio.o)
                0x0000000000008df0                __sread
 .text.__swrite
                0x0000000000008e20       0x4e f:/智能车/ide/mounriver_studio/toolchain/risc-v embedded gcc/bin/../lib/gcc/riscv-none-embed/8.2.0/../../../../riscv-none-embed/lib/rv32imac/ilp32\libg_nano.a(lib_a-stdio.o)
                0x0000000000008e20                __swrite
 .text.__sseek  0x0000000000008e6e       0x36 f:/智能车/ide/mounriver_studio/toolchain/risc-v embedded gcc/bin/../lib/gcc/riscv-none-embed/8.2.0/../../../../riscv-none-embed/lib/rv32imac/ilp32\libg_nano.a(lib_a-stdio.o)
                0x0000000000008e6e                __sseek
 .text.__sclose
                0x0000000000008ea4        0x6 f:/智能车/ide/mounriver_studio/toolchain/risc-v embedded gcc/bin/../lib/gcc/riscv-none-embed/8.2.0/../../../../riscv-none-embed/lib/rv32imac/ilp32\libg_nano.a(lib_a-stdio.o)
                0x0000000000008ea4                __sclose
 .text._write_r
                0x0000000000008eaa       0x36 f:/智能车/ide/mounriver_studio/toolchain/risc-v embedded gcc/bin/../lib/gcc/riscv-none-embed/8.2.0/../../../../riscv-none-embed/lib/rv32imac/ilp32\libg_nano.a(lib_a-writer.o)
                0x0000000000008eaa                _write_r
 .text._close_r
                0x0000000000008ee0       0x30 f:/智能车/ide/mounriver_studio/toolchain/risc-v embedded gcc/bin/../lib/gcc/riscv-none-embed/8.2.0/../../../../riscv-none-embed/lib/rv32imac/ilp32\libg_nano.a(lib_a-closer.o)
                0x0000000000008ee0                _close_r
 .text._fstat_r
                0x0000000000008f10       0x32 f:/智能车/ide/mounriver_studio/toolchain/risc-v embedded gcc/bin/../lib/gcc/riscv-none-embed/8.2.0/../../../../riscv-none-embed/lib/rv32imac/ilp32\libg_nano.a(lib_a-fstatr.o)
                0x0000000000008f10                _fstat_r
 .text._isatty_r
                0x0000000000008f42       0x30 f:/智能车/ide/mounriver_studio/toolchain/risc-v embedded gcc/bin/../lib/gcc/riscv-none-embed/8.2.0/../../../../riscv-none-embed/lib/rv32imac/ilp32\libg_nano.a(lib_a-isattyr.o)
                0x0000000000008f42                _isatty_r
 .text._lseek_r
                0x0000000000008f72       0x34 f:/智能车/ide/mounriver_studio/toolchain/risc-v embedded gcc/bin/../lib/gcc/riscv-none-embed/8.2.0/../../../../riscv-none-embed/lib/rv32imac/ilp32\libg_nano.a(lib_a-lseekr.o)
                0x0000000000008f72                _lseek_r
 .text._read_r  0x0000000000008fa6       0x34 f:/智能车/ide/mounriver_studio/toolchain/risc-v embedded gcc/bin/../lib/gcc/riscv-none-embed/8.2.0/../../../../riscv-none-embed/lib/rv32imac/ilp32\libg_nano.a(lib_a-readr.o)
                0x0000000000008fa6                _read_r
 .text._close   0x0000000000008fda       0x10 f:/智能车/ide/mounriver_studio/toolchain/risc-v embedded gcc/bin/../lib/gcc/riscv-none-embed/8.2.0/../../../../riscv-none-embed/lib/rv32imac/ilp32\libnosys.a(close.o)
                0x0000000000008fda                _close
 .text._fstat   0x0000000000008fea       0x10 f:/智能车/ide/mounriver_studio/toolchain/risc-v embedded gcc/bin/../lib/gcc/riscv-none-embed/8.2.0/../../../../riscv-none-embed/lib/rv32imac/ilp32\libnosys.a(fstat.o)
                0x0000000000008fea                _fstat
 .text._getpid  0x0000000000008ffa       0x10 f:/智能车/ide/mounriver_studio/toolchain/risc-v embedded gcc/bin/../lib/gcc/riscv-none-embed/8.2.0/../../../../riscv-none-embed/lib/rv32imac/ilp32\libnosys.a(getpid.o)
                0x0000000000008ffa                _getpid
 .text._isatty  0x000000000000900a       0x10 f:/智能车/ide/mounriver_studio/toolchain/risc-v embedded gcc/bin/../lib/gcc/riscv-none-embed/8.2.0/../../../../riscv-none-embed/lib/rv32imac/ilp32\libnosys.a(isatty.o)
                0x000000000000900a                _isatty
 .text._kill    0x000000000000901a       0x10 f:/智能车/ide/mounriver_studio/toolchain/risc-v embedded gcc/bin/../lib/gcc/riscv-none-embed/8.2.0/../../../../riscv-none-embed/lib/rv32imac/ilp32\libnosys.a(kill.o)
                0x000000000000901a                _kill
 .text._lseek   0x000000000000902a       0x10 f:/智能车/ide/mounriver_studio/toolchain/risc-v embedded gcc/bin/../lib/gcc/riscv-none-embed/8.2.0/../../../../riscv-none-embed/lib/rv32imac/ilp32\libnosys.a(lseek.o)
                0x000000000000902a                _lseek
 .text._read    0x000000000000903a       0x10 f:/智能车/ide/mounriver_studio/toolchain/risc-v embedded gcc/bin/../lib/gcc/riscv-none-embed/8.2.0/../../../../riscv-none-embed/lib/rv32imac/ilp32\libnosys.a(read.o)
                0x000000000000903a                _read
 .text._sbrk    0x000000000000904a       0x24 f:/智能车/ide/mounriver_studio/toolchain/risc-v embedded gcc/bin/../lib/gcc/riscv-none-embed/8.2.0/../../../../riscv-none-embed/lib/rv32imac/ilp32\libnosys.a(sbrk.o)
                0x000000000000904a                _sbrk
 .text._exit    0x000000000000906e        0x2 f:/智能车/ide/mounriver_studio/toolchain/risc-v embedded gcc/bin/../lib/gcc/riscv-none-embed/8.2.0/../../../../riscv-none-embed/lib/rv32imac/ilp32\libnosys.a(_exit.o)
                0x000000000000906e                _exit
 *(.rodata)
 *(.rodata*)
 .rodata.EXTI3_IRQHandler.str1.4
                0x0000000000009070        0x6 ./user_c/isr.o
 *fill*         0x0000000000009076        0x2 
 .rodata.EXTI4_IRQHandler.str1.4
                0x0000000000009078        0x6 ./user_c/isr.o
 *fill*         0x000000000000907e        0x2 
 .rodata.main.str1.4
                0x0000000000009080        0xd ./user_c/main.o
 *fill*         0x000000000000908d        0x3 
 .rodata.__func__.6411
                0x0000000000009090       0x11 ./hefei_peripheral/HF_MT9V03X.o
 *fill*         0x00000000000090a1        0x3 
 .rodata.mt9v03x_init_dvp.str1.4
                0x00000000000090a4       0x60 ./hefei_peripheral/HF_MT9V03X.o
 .rodata.Init_TOF400C.str1.4
                0x0000000000009104       0x2f ./hefei_peripheral/dmx_tof400c.o
 *fill*         0x0000000000009133        0x1 
 .rodata.tft_ascii
                0x0000000000009134      0x5f0 ./hefei_libraries/hf_common_font.o
                0x0000000000009134                tft_ascii
 .rodata.GPION  0x0000000000009724       0x14 ./hefei_libraries/hf_gpio.o
                0x0000000000009724                GPION
 .rodata.SPIN   0x0000000000009738        0xc ./hefei_libraries/hf_spi.o
                0x0000000000009738                SPIN
 .rodata.TIMERN
                0x0000000000009744       0x20 ./hefei_libraries/hf_tim.o
                0x0000000000009744                TIMERN
 .rodata.UARTN  0x0000000000009764       0x20 ./hefei_libraries/hf_uart.o
                0x0000000000009764                UARTN
 *fill*         0x0000000000009784        0x4 
 .rodata.check_bend.cst8
                0x0000000000009788       0x10 ./CODE/Bend.o
 .rodata.check_three.cst8
                0x0000000000009798       0x10 ./CODE/Bend.o
 .rodata.OSTUThreshold.cst8
                0x00000000000097a8        0x8 ./CODE/binary.o
 .rodata.CenterLine.cst8
                0x00000000000097b0        0x8 ./CODE/center_line.o
 .rodata.Car_PID_ERROR.cst4
                0x00000000000097b8        0x4 ./CODE/pid.o
 *fill*         0x00000000000097bc        0x4 
 .rodata.error_average.cst8
                0x00000000000097c0       0x10 ./CODE/pid.o
 .rodata.OTG_FS_IRQHandler
                0x00000000000097d0       0x30 ./CH32V30x/CH32V30x_p/CH32V30x_Lib/ch32v30x_usbotg_device.o
 .rodata.MyCfgDescrHD
                0x0000000000009800       0x43 ./CH32V30x/CH32V30x_p/CH32V30x_Lib/ch32v30x_usbotg_device.o
                0x0000000000009800                MyCfgDescrHD
 *fill*         0x0000000000009843        0x1 
 .rodata.MyDevDescrHD
                0x0000000000009844       0x12 ./CH32V30x/CH32V30x_p/CH32V30x_Lib/ch32v30x_usbotg_device.o
                0x0000000000009844                MyDevDescrHD
 *fill*         0x0000000000009856        0x2 
 .rodata.MyManuInfoHD
                0x0000000000009858        0xe ./CH32V30x/CH32V30x_p/CH32V30x_Lib/ch32v30x_usbotg_device.o
                0x0000000000009858                MyManuInfoHD
 *fill*         0x0000000000009866        0x2 
 .rodata.MyProdInfoHD
                0x0000000000009868        0xc ./CH32V30x/CH32V30x_p/CH32V30x_Lib/ch32v30x_usbotg_device.o
                0x0000000000009868                MyProdInfoHD
 .rodata.MyReportDescHD
                0x0000000000009874       0x14 ./CH32V30x/CH32V30x_p/CH32V30x_Lib/ch32v30x_usbotg_device.o
                0x0000000000009874                MyReportDescHD
 .rodata.MySerNumInfoHD
                0x0000000000009888       0x16 ./CH32V30x/CH32V30x_p/CH32V30x_Lib/ch32v30x_usbotg_device.o
                0x0000000000009888                MySerNumInfoHD
 *fill*         0x000000000000989e        0x2 
 .rodata.MyUSBQUADescHD
                0x00000000000098a0        0xa ./CH32V30x/CH32V30x_p/CH32V30x_Lib/ch32v30x_usbotg_device.o
                0x00000000000098a0                MyUSBQUADescHD
 *fill*         0x00000000000098aa        0x2 
 .rodata.OTG_FS_IRQHandler.str1.4
                0x00000000000098ac       0x41 ./CH32V30x/CH32V30x_p/CH32V30x_Lib/ch32v30x_usbotg_device.o
 *fill*         0x00000000000098ed        0x3 
 .rodata.__divdf3
                0x00000000000098f0       0x40 f:/智能车/ide/mounriver_studio/toolchain/risc-v embedded gcc/bin/../lib/gcc/riscv-none-embed/8.2.0/rv32imac/ilp32\libgcc.a(divdf3.o)
 .rodata.__muldf3
                0x0000000000009930       0x40 f:/智能车/ide/mounriver_studio/toolchain/risc-v embedded gcc/bin/../lib/gcc/riscv-none-embed/8.2.0/rv32imac/ilp32\libgcc.a(muldf3.o)
 .rodata.__mulsf3
                0x0000000000009970       0x40 f:/智能车/ide/mounriver_studio/toolchain/risc-v embedded gcc/bin/../lib/gcc/riscv-none-embed/8.2.0/rv32imac/ilp32\libgcc.a(mulsf3.o)
 .rodata.__clz_tab
                0x00000000000099b0      0x100 f:/智能车/ide/mounriver_studio/toolchain/risc-v embedded gcc/bin/../lib/gcc/riscv-none-embed/8.2.0/rv32imac/ilp32\libgcc.a(_clz.o)
                0x00000000000099b0                __clz_tab
 .rodata.__assert_func.str1.4
                0x0000000000009ab0       0x3f f:/智能车/ide/mounriver_studio/toolchain/risc-v embedded gcc/bin/../lib/gcc/riscv-none-embed/8.2.0/../../../../riscv-none-embed/lib/rv32imac/ilp32\libg_nano.a(lib_a-assert.o)
                                         0x43 (size before relaxing)
 *fill*         0x0000000000009aef        0x1 
 .rodata._vfprintf_r.str1.4
                0x0000000000009af0       0x13 f:/智能车/ide/mounriver_studio/toolchain/risc-v embedded gcc/bin/../lib/gcc/riscv-none-embed/8.2.0/../../../../riscv-none-embed/lib/rv32imac/ilp32\libg_nano.a(lib_a-nano-vfprintf.o)
 *fill*         0x0000000000009b03        0x1 
 .rodata._printf_i.str1.4
                0x0000000000009b04       0x28 f:/智能车/ide/mounriver_studio/toolchain/risc-v embedded gcc/bin/../lib/gcc/riscv-none-embed/8.2.0/../../../../riscv-none-embed/lib/rv32imac/ilp32\libg_nano.a(lib_a-nano-vfprintf_i.o)
                                         0x25 (size before relaxing)
 .rodata.__sf_fake_stderr
                0x0000000000009b2c       0x20 f:/智能车/ide/mounriver_studio/toolchain/risc-v embedded gcc/bin/../lib/gcc/riscv-none-embed/8.2.0/../../../../riscv-none-embed/lib/rv32imac/ilp32\libg_nano.a(lib_a-findfp.o)
                0x0000000000009b2c                __sf_fake_stderr
 .rodata.__sf_fake_stdin
                0x0000000000009b4c       0x20 f:/智能车/ide/mounriver_studio/toolchain/risc-v embedded gcc/bin/../lib/gcc/riscv-none-embed/8.2.0/../../../../riscv-none-embed/lib/rv32imac/ilp32\libg_nano.a(lib_a-findfp.o)
                0x0000000000009b4c                __sf_fake_stdin
 .rodata.__sf_fake_stdout
                0x0000000000009b6c       0x20 f:/智能车/ide/mounriver_studio/toolchain/risc-v embedded gcc/bin/../lib/gcc/riscv-none-embed/8.2.0/../../../../riscv-none-embed/lib/rv32imac/ilp32\libg_nano.a(lib_a-findfp.o)
                0x0000000000009b6c                __sf_fake_stdout
 *(.glue_7)
 *(.glue_7t)
 *(.gnu.linkonce.t.*)
                0x0000000000009b8c                . = ALIGN (0x4)

.rela.dyn       0x0000000000009b8c        0x0
 .rela.text.EXTI3_IRQHandler
                0x0000000000009b8c        0x0 ./user_c/isr.o
 .rela.text.EXTI4_IRQHandler
                0x0000000000009b8c        0x0 ./user_c/isr.o
 .rela.text.EXTI9_5_IRQHandler
                0x0000000000009b8c        0x0 ./user_c/isr.o
 .rela.text.TIM1_UP_IRQHandler
                0x0000000000009b8c        0x0 ./user_c/isr.o
 .rela.text.startup.main
                0x0000000000009b8c        0x0 ./user_c/isr.o
 .rela.text.motor_forward
                0x0000000000009b8c        0x0 ./user_c/isr.o
 .rela.text.mt9v03x_handler_dvp
                0x0000000000009b8c        0x0 ./user_c/isr.o
 .rela.text.mt9v03x_init_dvp
                0x0000000000009b8c        0x0 ./user_c/isr.o
 .rela.text.check_bend
                0x0000000000009b8c        0x0 ./user_c/isr.o
 .rela.text.correct_bend_error
                0x0000000000009b8c        0x0 ./user_c/isr.o
 .rela.text.check_three
                0x0000000000009b8c        0x0 ./user_c/isr.o
 .rela.text.check_black_white_line
                0x0000000000009b8c        0x0 ./user_c/isr.o
 .rela.text.road_type
                0x0000000000009b8c        0x0 ./user_c/isr.o
 .rela.text.GetHistGram
                0x0000000000009b8c        0x0 ./user_c/isr.o
 .rela.text.OSTUThreshold
                0x0000000000009b8c        0x0 ./user_c/isr.o
 .rela.text.BinaryImage
                0x0000000000009b8c        0x0 ./user_c/isr.o
 .rela.text.Bin_Image_Filter
                0x0000000000009b8c        0x0 ./user_c/isr.o
 .rela.text.ImageHandle
                0x0000000000009b8c        0x0 ./user_c/isr.o
 .rela.text.car_init
                0x0000000000009b8c        0x0 ./user_c/isr.o
 .rela.text.CenterLine
                0x0000000000009b8c        0x0 ./user_c/isr.o
 .rela.text.init_PID
                0x0000000000009b8c        0x0 ./user_c/isr.o
 .rela.text.Car_PID_ERROR
                0x0000000000009b8c        0x0 ./user_c/isr.o
 .rela.text.error_average
                0x0000000000009b8c        0x0 ./user_c/isr.o
 .rela.text.pid_forward_move
                0x0000000000009b8c        0x0 ./user_c/isr.o
 .rela.init     0x0000000000009b8c        0x0 ./user_c/isr.o
 .rela.vector   0x0000000000009b8c        0x0 ./user_c/isr.o
 .rela.text.handle_reset
                0x0000000000009b8c        0x0 ./user_c/isr.o
 .rela.text.DevEP1_OUT_Deal
                0x0000000000009b8c        0x0 ./user_c/isr.o
 .rela.text.DevEP2_OUT_Deal
                0x0000000000009b8c        0x0 ./user_c/isr.o
 .rela.text.OTG_FS_IRQHandler
                0x0000000000009b8c        0x0 ./user_c/isr.o
 .rela.text._vfprintf_r
                0x0000000000009b8c        0x0 ./user_c/isr.o
 .rela.text._sbrk_r
                0x0000000000009b8c        0x0 ./user_c/isr.o
 .rela.text._kill_r
                0x0000000000009b8c        0x0 ./user_c/isr.o
 .rela.text._write_r
                0x0000000000009b8c        0x0 ./user_c/isr.o
 .rela.text._close_r
                0x0000000000009b8c        0x0 ./user_c/isr.o
 .rela.text._fstat_r
                0x0000000000009b8c        0x0 ./user_c/isr.o
 .rela.text._isatty_r
                0x0000000000009b8c        0x0 ./user_c/isr.o
 .rela.text._lseek_r
                0x0000000000009b8c        0x0 ./user_c/isr.o
 .rela.text._read_r
                0x0000000000009b8c        0x0 ./user_c/isr.o
 .rela.text._close
                0x0000000000009b8c        0x0 ./user_c/isr.o
 .rela.text._fstat
                0x0000000000009b8c        0x0 ./user_c/isr.o
 .rela.text._getpid
                0x0000000000009b8c        0x0 ./user_c/isr.o
 .rela.text._isatty
                0x0000000000009b8c        0x0 ./user_c/isr.o
 .rela.text._kill
                0x0000000000009b8c        0x0 ./user_c/isr.o
 .rela.text._lseek
                0x0000000000009b8c        0x0 ./user_c/isr.o
 .rela.text._read
                0x0000000000009b8c        0x0 ./user_c/isr.o
 .rela.text._sbrk
                0x0000000000009b8c        0x0 ./user_c/isr.o

.fini           0x0000000000009b8c        0x0
 *(SORT_NONE(.fini))
                0x0000000000009b8c                . = ALIGN (0x4)
                [!provide]                        PROVIDE (_etext = .)
                [!provide]                        PROVIDE (_eitcm = .)

.preinit_array  0x0000000000009b8c        0x0
                [!provide]                        PROVIDE (__preinit_array_start = .)
 *(.preinit_array)
                [!provide]                        PROVIDE (__preinit_array_end = .)

.init_array     0x0000000000009b8c        0x0
                [!provide]                        PROVIDE (__init_array_start = .)
 *(SORT_BY_INIT_PRIORITY(.init_array.*) SORT_BY_INIT_PRIORITY(.ctors.*))
 *(.init_array EXCLUDE_FILE(*crtend?.o *crtend.o *crtbegin?.o *crtbegin.o) .ctors)
                [!provide]                        PROVIDE (__init_array_end = .)

.fini_array     0x0000000000009b8c        0x0
                [!provide]                        PROVIDE (__fini_array_start = .)
 *(SORT_BY_INIT_PRIORITY(.fini_array.*) SORT_BY_INIT_PRIORITY(.dtors.*))
 *(.fini_array EXCLUDE_FILE(*crtend?.o *crtend.o *crtbegin?.o *crtbegin.o) .dtors)
                [!provide]                        PROVIDE (__fini_array_end = .)

.ctors
 *crtbegin.o(.ctors)
 *crtbegin?.o(.ctors)
 *(EXCLUDE_FILE(*crtend?.o *crtend.o) .ctors)
 *(SORT_BY_NAME(.ctors.*))
 *(.ctors)

.dtors
 *crtbegin.o(.dtors)
 *crtbegin?.o(.dtors)
 *(EXCLUDE_FILE(*crtend?.o *crtend.o) .dtors)
 *(SORT_BY_NAME(.dtors.*))
 *(.dtors)

.dalign         0x0000000020000000        0x0 load address 0x0000000000009b8c
                0x0000000020000000                . = ALIGN (0x4)
                0x0000000020000000                PROVIDE (_data_vma = .)

.dlalign        0x0000000000009b8c        0x0
                0x0000000000009b8c                . = ALIGN (0x4)
                0x0000000000009b8c                PROVIDE (_data_lma = .)

.data           0x0000000020000000      0x1d8 load address 0x0000000000009b8c
 *(.gnu.linkonce.r.*)
 *(.data .data.*)
 .data.mt9v03x_get_confing_buffer_dvp
                0x0000000020000000       0x24 ./hefei_peripheral/HF_MT9V03X.o
                0x0000000020000000                mt9v03x_get_confing_buffer_dvp
 .data.mt9v03x_set_confing_buffer_dvp
                0x0000000020000024       0x28 ./hefei_peripheral/HF_MT9V03X.o
                0x0000000020000024                mt9v03x_set_confing_buffer_dvp
 .data.VL51L1X_CONFIGURATION
                0x000000002000004c       0x87 ./hefei_peripheral/dmx_tof400c.o
                0x000000002000004c                VL51L1X_CONFIGURATION
 *fill*         0x00000000200000d3        0x1 
 .data.APBAHBPrescTable
                0x00000000200000d4       0x10 ./CH32V30x/CH32V30x_p/CH32V30x_Lib/ch32v30x_rcc.o
 .data.TAB_USB_FS_OSC_DESC
                0x00000000200000e4       0x43 ./CH32V30x/CH32V30x_p/CH32V30x_Lib/ch32v30x_usbotg_device.o
                0x00000000200000e4                TAB_USB_FS_OSC_DESC
 *fill*         0x0000000020000127        0x1 
 .data.impure_data
                0x0000000020000128       0x60 f:/智能车/ide/mounriver_studio/toolchain/risc-v embedded gcc/bin/../lib/gcc/riscv-none-embed/8.2.0/../../../../riscv-none-embed/lib/rv32imac/ilp32\libg_nano.a(lib_a-impure.o)
 *(.gnu.linkonce.d.*)
                0x0000000020000188                . = ALIGN (0x8)
                0x0000000020000988                PROVIDE (__global_pointer$ = (. + 0x800))
 *(.sdata .sdata.*)
 .sdata.ips114_bgcolor
                0x0000000020000188        0x2 ./hefei_peripheral/HF_IPS114.o
 *fill*         0x000000002000018a        0x2 
 .sdata.ips114_display_dir
                0x000000002000018c        0x4 ./hefei_peripheral/HF_IPS114.o
 .sdata.ips114_pencolor
                0x0000000020000190        0x2 ./hefei_peripheral/HF_IPS114.o
 .sdata.ips114_x_max
                0x0000000020000192        0x1 ./hefei_peripheral/HF_IPS114.o
 .sdata.ips114_y_max
                0x0000000020000193        0x1 ./hefei_peripheral/HF_IPS114.o
 .sdata.rgb_blue
                0x0000000020000194        0x3 ./CODE/car_ligth.o
 *fill*         0x0000000020000197        0x1 
 .sdata.rgb_cyan
                0x0000000020000198        0x3 ./CODE/car_ligth.o
 *fill*         0x000000002000019b        0x1 
 .sdata.rgb_green
                0x000000002000019c        0x3 ./CODE/car_ligth.o
 *fill*         0x000000002000019f        0x1 
 .sdata.rgb_purple
                0x00000000200001a0        0x3 ./CODE/car_ligth.o
 *fill*         0x00000000200001a3        0x1 
 .sdata.rgb_red
                0x00000000200001a4        0x3 ./CODE/car_ligth.o
 *fill*         0x00000000200001a7        0x1 
 .sdata.rgb_white
                0x00000000200001a8        0x3 ./CODE/car_ligth.o
 *fill*         0x00000000200001ab        0x1 
 .sdata.rgb_yellow
                0x00000000200001ac        0x3 ./CODE/car_ligth.o
 *fill*         0x00000000200001af        0x1 
 .sdata.ADCPrescTable
                0x00000000200001b0        0x4 ./CH32V30x/CH32V30x_p/CH32V30x_Lib/ch32v30x_rcc.o
 .sdata.LineCoding
                0x00000000200001b4        0x7 ./CH32V30x/CH32V30x_p/CH32V30x_Lib/ch32v30x_usbotg_device.o
                0x00000000200001b4                LineCoding
 .sdata.USBHD_Dev_Speed
                0x00000000200001bb        0x1 ./CH32V30x/CH32V30x_p/CH32V30x_Lib/ch32v30x_usbotg_device.o
                0x00000000200001bb                USBHD_Dev_Speed
 .sdata.SystemCoreClock
                0x00000000200001bc        0x4 ./CH32V30x/CH32V30x_p/CH32V30x_Lib/system_ch32v30x.o
                0x00000000200001bc                SystemCoreClock
 .sdata._impure_ptr
                0x00000000200001c0        0x4 f:/智能车/ide/mounriver_studio/toolchain/risc-v embedded gcc/bin/../lib/gcc/riscv-none-embed/8.2.0/../../../../riscv-none-embed/lib/rv32imac/ilp32\libg_nano.a(lib_a-impure.o)
                0x00000000200001c0                _impure_ptr
 *(.sdata2.*)
 .sdata2.uart_irq
                0x00000000200001c4        0x8 ./hefei_libraries/hf_uart.o
                0x00000000200001c4                uart_irq
 .sdata2.MyLangDescrHD
                0x00000000200001cc        0x4 ./CH32V30x/CH32V30x_p/CH32V30x_Lib/ch32v30x_usbotg_device.o
                0x00000000200001cc                MyLangDescrHD
 .sdata2._global_impure_ptr
                0x00000000200001d0        0x4 f:/智能车/ide/mounriver_studio/toolchain/risc-v embedded gcc/bin/../lib/gcc/riscv-none-embed/8.2.0/../../../../riscv-none-embed/lib/rv32imac/ilp32\libg_nano.a(lib_a-impure.o)
                0x00000000200001d0                _global_impure_ptr
 *(.gnu.linkonce.s.*)
                0x00000000200001d8                . = ALIGN (0x8)
 *fill*         0x00000000200001d4        0x4 
 *(.srodata.cst16)
 *(.srodata.cst8)
 *(.srodata.cst4)
 *(.srodata.cst2)
 *(.srodata .srodata.*)
                0x00000000200001d8                . = ALIGN (0x4)
                0x00000000200001d8                PROVIDE (_edata = .)

.bss            0x00000000200001d8     0xb568 load address 0x0000000000009d64
                0x00000000200001d8                . = ALIGN (0x4)
                0x00000000200001d8                PROVIDE (_sbss = .)
 *(.sbss*)
 .sbss.flagTIM  0x00000000200001d8        0x4 ./user_c/main.o
                0x00000000200001d8                flagTIM
 .sbss.mt9v03x_finish_flag_dvp
                0x00000000200001dc        0x1 ./hefei_peripheral/HF_MT9V03X.o
                0x00000000200001dc                mt9v03x_finish_flag_dvp
 *fill*         0x00000000200001dd        0x3 
 .sbss.receive_dvp
                0x00000000200001e0        0x3 ./hefei_peripheral/HF_MT9V03X.o
 .sbss.receive_num_dvp
                0x00000000200001e3        0x1 ./hefei_peripheral/HF_MT9V03X.o
 .sbss.uart_receive_flag_dvp
                0x00000000200001e4        0x1 ./hefei_peripheral/HF_MT9V03X.o
 *fill*         0x00000000200001e5        0x3 
 .sbss.sys_clk  0x00000000200001e8        0x4 ./hefei_libraries/common.o
                0x00000000200001e8                sys_clk
 .sbss.rgb_off  0x00000000200001ec        0x3 ./CODE/car_ligth.o
 *fill*         0x00000000200001ef        0x1 
 .sbss.flag     0x00000000200001f0        0x4 ./CODE/pid.o
                0x00000000200001f0                flag
 .sbss.NVIC_Priority_Group
                0x00000000200001f4        0x4 ./CH32V30x/CH32V30x_p/CH32V30x_Lib/ch32v30x_misc.o
                0x00000000200001f4                NVIC_Priority_Group
 .sbss.USBHD_Dev_SetupReqLen
                0x00000000200001f8        0x2 ./CH32V30x/CH32V30x_p/CH32V30x_Lib/ch32v30x_usbotg_device.o
                0x00000000200001f8                USBHD_Dev_SetupReqLen
 .sbss.USBHD_Dev_SleepStatus
                0x00000000200001fa        0x1 ./CH32V30x/CH32V30x_p/CH32V30x_Lib/ch32v30x_usbotg_device.o
                0x00000000200001fa                USBHD_Dev_SleepStatus
 *fill*         0x00000000200001fb        0x1 
 .sbss.__malloc_free_list
                0x00000000200001fc        0x4 f:/智能车/ide/mounriver_studio/toolchain/risc-v embedded gcc/bin/../lib/gcc/riscv-none-embed/8.2.0/../../../../riscv-none-embed/lib/rv32imac/ilp32\libg_nano.a(lib_a-nano-mallocr.o)
                0x00000000200001fc                __malloc_free_list
 .sbss.__malloc_sbrk_start
                0x0000000020000200        0x4 f:/智能车/ide/mounriver_studio/toolchain/risc-v embedded gcc/bin/../lib/gcc/riscv-none-embed/8.2.0/../../../../riscv-none-embed/lib/rv32imac/ilp32\libg_nano.a(lib_a-nano-mallocr.o)
                0x0000000020000200                __malloc_sbrk_start
 .sbss.heap_end.1518
                0x0000000020000204        0x4 f:/智能车/ide/mounriver_studio/toolchain/risc-v embedded gcc/bin/../lib/gcc/riscv-none-embed/8.2.0/../../../../riscv-none-embed/lib/rv32imac/ilp32\libnosys.a(sbrk.o)
 *(.gnu.linkonce.sb.*)
 *(.bss*)
 *(.gnu.linkonce.b.*)
 *(COMMON*)
 COMMON         0x0000000020000208     0x5b78 ./user_c/isr.o
                0x0000000020000208                flagLED
                0x000000002000020c                rightangle_flag
                0x000000002000020d                Cross_status
                0x0000000020000210                num_R_row
                0x0000000020000214                num_white
                0x0000000020000218                first1
                0x0000000020000219                round_dot1_row
                0x000000002000021c                Right_line
                0x0000000020000294                countTIM1
                0x0000000020000298                Left_line
                0x0000000020000310                num_R
                0x0000000020000314                WtoB_L
                0x0000000020000315                first3
                0x0000000020000318                A
                0x000000002000031c                Pixel
                0x0000000020005b3c                L_D_dot
                0x0000000020005b3d                black_white_flag
                0x0000000020005b40                B
                0x0000000020005b44                Threshold
                0x0000000020005b45                WtoB_R
                0x0000000020005b46                choose
                0x0000000020005b47                first2
                0x0000000020005b48                L_U_dot
                0x0000000020005b49                CY
                0x0000000020005b4a                triangle_turn
                0x0000000020005b4b                car_start
                0x0000000020005b4c                black_white_first
                0x0000000020005b4d                out_flag
                0x0000000020005b4e                entered_Cross
                0x0000000020005b4f                round_dot1_col
                0x0000000020005b50                R_D_dot
                0x0000000020005b54                arrays
                0x0000000020005b58                triangle_flag
                0x0000000020005b5c                white_line
                0x0000000020005b98                error
                0x0000000020005b9c                Center_line
                0x0000000020005c14                CX
                0x0000000020005c18                car_mode
                0x0000000020005c78                HistGram
                0x0000000020005d78                R_U_dot
                0x0000000020005d7c                num_L
 COMMON         0x0000000020005d80        0xc ./user_c/main.o
                0x0000000020005d80                countTIM3
                0x0000000020005d84                countTIM2
                0x0000000020005d88                get_dis
 COMMON         0x0000000020005d8c     0x5824 ./hefei_peripheral/HF_MT9V03X.o
                0x0000000020005d8c                mt9v03x_image_dvp
                0x000000002000b5ac                camera_buffer_addr
 COMMON         0x000000002000b5b0       0x28 ./CODE/pid.o
                0x000000002000b5b0                L_PID
                0x000000002000b5c4                R_PID
 COMMON         0x000000002000b5d8      0x164 ./CH32V30x/CH32V30x_p/CH32V30x_Lib/ch32v30x_usbotg_device.o
                0x000000002000b5d8                DevConfig
                0x000000002000b5dc                EP2_DatabufHD
                0x000000002000b65c                SetupReqLen
                0x000000002000b65e                SetupReqCode
                0x000000002000b660                pDescr
                0x000000002000b664                pEP2_RAM_Addr
                0x000000002000b668                pEP0_RAM_Addr
                0x000000002000b66c                EP1_DatabufHD
                0x000000002000b6ec                EP0_DatabufHD
                0x000000002000b6f4                Receive_Uart_Buf
                0x000000002000b734                UsbConfig
                0x000000002000b738                pEP1_RAM_Addr
 COMMON         0x000000002000b73c        0x4 f:/智能车/ide/mounriver_studio/toolchain/risc-v embedded gcc/bin/../lib/gcc/riscv-none-embed/8.2.0/../../../../riscv-none-embed/lib/rv32imac/ilp32\libg_nano.a(lib_a-reent.o)
                0x000000002000b73c                errno
                0x000000002000b740                . = ALIGN (0x4)
                0x000000002000b740                PROVIDE (_ebss = .)
                [!provide]                        PROVIDE (_end = _ebss)
                0x000000002000b740                PROVIDE (end = .)

.stack          0x000000002000f800      0x800
                0x000000002000f800                . = ALIGN (0x4)
                [!provide]                        PROVIDE (_susrstack = .)
                0x0000000020010000                . = (. + __stack_size)
 *fill*         0x000000002000f800      0x800 
                0x0000000020010000                PROVIDE (_eusrstack = .)
OUTPUT(testA1.elf elf32-littleriscv)

.debug_info     0x0000000000000000    0x2f60b
 .debug_info    0x0000000000000000     0x1f57 ./user_c/isr.o
 .debug_info    0x0000000000001f57     0x1b2f ./user_c/main.o
 .debug_info    0x0000000000003a86     0x14c7 ./hefei_peripheral/HF_Double_DC_Motor.o
 .debug_info    0x0000000000004f4d     0x2872 ./hefei_peripheral/HF_IPS114.o
 .debug_info    0x00000000000077bf     0x1ab0 ./hefei_peripheral/HF_MT9V03X.o
 .debug_info    0x000000000000926f     0x270e ./hefei_peripheral/HF_TFT180.o
 .debug_info    0x000000000000b97d     0x15fe ./hefei_peripheral/HF_WS2812b.o
 .debug_info    0x000000000000cf7b     0x1d32 ./hefei_peripheral/dmx_tof400c.o
 .debug_info    0x000000000000ecad     0x1366 ./hefei_libraries/board/board.o
 .debug_info    0x0000000000010013      0xa06 ./hefei_libraries/common.o
 .debug_info    0x0000000000010a19      0xb35 ./hefei_libraries/delay.o
 .debug_info    0x000000000001154e     0x122f ./hefei_libraries/hf_adc.o
 .debug_info    0x000000000001277d      0xa7e ./hefei_libraries/hf_common_font.o
 .debug_info    0x00000000000131fb     0x114f ./hefei_libraries/hf_dvp.o
 .debug_info    0x000000000001434a     0x1695 ./hefei_libraries/hf_exti.o
 .debug_info    0x00000000000159df      0xff4 ./hefei_libraries/hf_gpio.o
 .debug_info    0x00000000000169d3     0x10d4 ./hefei_libraries/hf_nvic.o
 .debug_info    0x0000000000017aa7     0x1602 ./hefei_libraries/hf_pwm.o
 .debug_info    0x00000000000190a9     0x1244 ./hefei_libraries/hf_spi.o
 .debug_info    0x000000000001a2ed      0x542 ./hefei_libraries/hf_tim.o
 .debug_info    0x000000000001a82f     0x1a77 ./hefei_libraries/hf_uart.o
 .debug_info    0x000000000001c2a6     0x1167 ./CODE/Bend.o
 .debug_info    0x000000000001d40d     0x1297 ./CODE/binary.o
 .debug_info    0x000000000001e6a4     0x12b2 ./CODE/board_led.o
 .debug_info    0x000000000001f956     0x18ca ./CODE/car_init.o
 .debug_info    0x0000000000021220     0x1336 ./CODE/car_keys.o
 .debug_info    0x0000000000022556     0x1f76 ./CODE/car_ligth.o
 .debug_info    0x00000000000244cc     0x1249 ./CODE/car_reed.o
 .debug_info    0x0000000000025715     0x10f9 ./CODE/center_line.o
 .debug_info    0x000000000002680e     0x111f ./CODE/pid.o
 .debug_info    0x000000000002792d       0x22 ./CH32V30x/CH32V30x_p/Startup/startup_ch32v30x.o
 .debug_info    0x000000000002794f      0xe3d ./CH32V30x/CH32V30x_p/CH32V30x_Lib/ch32v30x_adc.o
 .debug_info    0x000000000002878c      0x35f ./CH32V30x/CH32V30x_p/CH32V30x_Lib/ch32v30x_exti.o
 .debug_info    0x0000000000028aeb      0x815 ./CH32V30x/CH32V30x_p/CH32V30x_Lib/ch32v30x_gpio.o
 .debug_info    0x0000000000029300      0x6bc ./CH32V30x/CH32V30x_p/CH32V30x_Lib/ch32v30x_misc.o
 .debug_info    0x00000000000299bc      0xca9 ./CH32V30x/CH32V30x_p/CH32V30x_Lib/ch32v30x_rcc.o
 .debug_info    0x000000000002a665      0xa00 ./CH32V30x/CH32V30x_p/CH32V30x_Lib/ch32v30x_spi.o
 .debug_info    0x000000000002b065     0x216a ./CH32V30x/CH32V30x_p/CH32V30x_Lib/ch32v30x_tim.o
 .debug_info    0x000000000002d1cf      0xb3c ./CH32V30x/CH32V30x_p/CH32V30x_Lib/ch32v30x_usart.o
 .debug_info    0x000000000002dd0b     0x15a4 ./CH32V30x/CH32V30x_p/CH32V30x_Lib/ch32v30x_usbotg_device.o
 .debug_info    0x000000000002f2af      0x35c ./CH32V30x/CH32V30x_p/CH32V30x_Lib/system_ch32v30x.o

.debug_abbrev   0x0000000000000000     0x71b6
 .debug_abbrev  0x0000000000000000      0x30b ./user_c/isr.o
 .debug_abbrev  0x000000000000030b      0x2bd ./user_c/main.o
 .debug_abbrev  0x00000000000005c8      0x2af ./hefei_peripheral/HF_Double_DC_Motor.o
 .debug_abbrev  0x0000000000000877      0x44b ./hefei_peripheral/HF_IPS114.o
 .debug_abbrev  0x0000000000000cc2      0x3f0 ./hefei_peripheral/HF_MT9V03X.o
 .debug_abbrev  0x00000000000010b2      0x486 ./hefei_peripheral/HF_TFT180.o
 .debug_abbrev  0x0000000000001538      0x2fd ./hefei_peripheral/HF_WS2812b.o
 .debug_abbrev  0x0000000000001835      0x4b9 ./hefei_peripheral/dmx_tof400c.o
 .debug_abbrev  0x0000000000001cee      0x2fc ./hefei_libraries/board/board.o
 .debug_abbrev  0x0000000000001fea      0x1e7 ./hefei_libraries/common.o
 .debug_abbrev  0x00000000000021d1      0x259 ./hefei_libraries/delay.o
 .debug_abbrev  0x000000000000242a      0x324 ./hefei_libraries/hf_adc.o
 .debug_abbrev  0x000000000000274e      0x1ec ./hefei_libraries/hf_common_font.o
 .debug_abbrev  0x000000000000293a      0x29f ./hefei_libraries/hf_dvp.o
 .debug_abbrev  0x0000000000002bd9      0x2e7 ./hefei_libraries/hf_exti.o
 .debug_abbrev  0x0000000000002ec0      0x30c ./hefei_libraries/hf_gpio.o
 .debug_abbrev  0x00000000000031cc      0x30c ./hefei_libraries/hf_nvic.o
 .debug_abbrev  0x00000000000034d8      0x337 ./hefei_libraries/hf_pwm.o
 .debug_abbrev  0x000000000000380f      0x2d3 ./hefei_libraries/hf_spi.o
 .debug_abbrev  0x0000000000003ae2      0x1ae ./hefei_libraries/hf_tim.o
 .debug_abbrev  0x0000000000003c90      0x360 ./hefei_libraries/hf_uart.o
 .debug_abbrev  0x0000000000003ff0      0x33a ./CODE/Bend.o
 .debug_abbrev  0x000000000000432a      0x325 ./CODE/binary.o
 .debug_abbrev  0x000000000000464f      0x289 ./CODE/board_led.o
 .debug_abbrev  0x00000000000048d8      0x336 ./CODE/car_init.o
 .debug_abbrev  0x0000000000004c0e      0x2e7 ./CODE/car_keys.o
 .debug_abbrev  0x0000000000004ef5      0x346 ./CODE/car_ligth.o
 .debug_abbrev  0x000000000000523b      0x295 ./CODE/car_reed.o
 .debug_abbrev  0x00000000000054d0      0x32c ./CODE/center_line.o
 .debug_abbrev  0x00000000000057fc      0x320 ./CODE/pid.o
 .debug_abbrev  0x0000000000005b1c       0x12 ./CH32V30x/CH32V30x_p/Startup/startup_ch32v30x.o
 .debug_abbrev  0x0000000000005b2e      0x2a2 ./CH32V30x/CH32V30x_p/CH32V30x_Lib/ch32v30x_adc.o
 .debug_abbrev  0x0000000000005dd0      0x1c9 ./CH32V30x/CH32V30x_p/CH32V30x_Lib/ch32v30x_exti.o
 .debug_abbrev  0x0000000000005f99      0x21b ./CH32V30x/CH32V30x_p/CH32V30x_Lib/ch32v30x_gpio.o
 .debug_abbrev  0x00000000000061b4      0x1d4 ./CH32V30x/CH32V30x_p/CH32V30x_Lib/ch32v30x_misc.o
 .debug_abbrev  0x0000000000006388      0x259 ./CH32V30x/CH32V30x_p/CH32V30x_Lib/ch32v30x_rcc.o
 .debug_abbrev  0x00000000000065e1      0x214 ./CH32V30x/CH32V30x_p/CH32V30x_Lib/ch32v30x_spi.o
 .debug_abbrev  0x00000000000067f5      0x310 ./CH32V30x/CH32V30x_p/CH32V30x_Lib/ch32v30x_tim.o
 .debug_abbrev  0x0000000000006b05      0x214 ./CH32V30x/CH32V30x_p/CH32V30x_Lib/ch32v30x_usart.o
 .debug_abbrev  0x0000000000006d19      0x2fe ./CH32V30x/CH32V30x_p/CH32V30x_Lib/ch32v30x_usbotg_device.o
 .debug_abbrev  0x0000000000007017      0x19f ./CH32V30x/CH32V30x_p/CH32V30x_Lib/system_ch32v30x.o

.debug_aranges  0x0000000000000000     0x1170
 .debug_aranges
                0x0000000000000000       0xf0 ./user_c/isr.o
 .debug_aranges
                0x00000000000000f0       0x20 ./user_c/main.o
 .debug_aranges
                0x0000000000000110       0x30 ./hefei_peripheral/HF_Double_DC_Motor.o
 .debug_aranges
                0x0000000000000140       0xb0 ./hefei_peripheral/HF_IPS114.o
 .debug_aranges
                0x00000000000001f0       0x50 ./hefei_peripheral/HF_MT9V03X.o
 .debug_aranges
                0x0000000000000240       0xc0 ./hefei_peripheral/HF_TFT180.o
 .debug_aranges
                0x0000000000000300       0x28 ./hefei_peripheral/HF_WS2812b.o
 .debug_aranges
                0x0000000000000328       0x58 ./hefei_peripheral/dmx_tof400c.o
 .debug_aranges
                0x0000000000000380       0x28 ./hefei_libraries/board/board.o
 .debug_aranges
                0x00000000000003a8       0x18 ./hefei_libraries/common.o
 .debug_aranges
                0x00000000000003c0       0x30 ./hefei_libraries/delay.o
 .debug_aranges
                0x00000000000003f0       0x38 ./hefei_libraries/hf_adc.o
 .debug_aranges
                0x0000000000000428       0x18 ./hefei_libraries/hf_common_font.o
 .debug_aranges
                0x0000000000000440       0x28 ./hefei_libraries/hf_dvp.o
 .debug_aranges
                0x0000000000000468       0x28 ./hefei_libraries/hf_exti.o
 .debug_aranges
                0x0000000000000490       0x40 ./hefei_libraries/hf_gpio.o
 .debug_aranges
                0x00000000000004d0       0x40 ./hefei_libraries/hf_nvic.o
 .debug_aranges
                0x0000000000000510       0x40 ./hefei_libraries/hf_pwm.o
 .debug_aranges
                0x0000000000000550       0x40 ./hefei_libraries/hf_spi.o
 .debug_aranges
                0x0000000000000590       0x28 ./hefei_libraries/hf_tim.o
 .debug_aranges
                0x00000000000005b8       0x58 ./hefei_libraries/hf_uart.o
 .debug_aranges
                0x0000000000000610       0x48 ./CODE/Bend.o
 .debug_aranges
                0x0000000000000658       0x48 ./CODE/binary.o
 .debug_aranges
                0x00000000000006a0       0x38 ./CODE/board_led.o
 .debug_aranges
                0x00000000000006d8       0x30 ./CODE/car_init.o
 .debug_aranges
                0x0000000000000708       0x28 ./CODE/car_keys.o
 .debug_aranges
                0x0000000000000730       0x50 ./CODE/car_ligth.o
 .debug_aranges
                0x0000000000000780       0x28 ./CODE/car_reed.o
 .debug_aranges
                0x00000000000007a8       0x30 ./CODE/center_line.o
 .debug_aranges
                0x00000000000007d8       0x38 ./CODE/pid.o
 .debug_aranges
                0x0000000000000810       0x30 ./CH32V30x/CH32V30x_p/Startup/startup_ch32v30x.o
 .debug_aranges
                0x0000000000000840      0x150 ./CH32V30x/CH32V30x_p/CH32V30x_Lib/ch32v30x_adc.o
 .debug_aranges
                0x0000000000000990       0x50 ./CH32V30x/CH32V30x_p/CH32V30x_Lib/ch32v30x_exti.o
 .debug_aranges
                0x00000000000009e0       0xa8 ./CH32V30x/CH32V30x_p/CH32V30x_Lib/ch32v30x_gpio.o
 .debug_aranges
                0x0000000000000a88       0x28 ./CH32V30x/CH32V30x_p/CH32V30x_Lib/ch32v30x_misc.o
 .debug_aranges
                0x0000000000000ab0      0x1a8 ./CH32V30x/CH32V30x_p/CH32V30x_Lib/ch32v30x_rcc.o
 .debug_aranges
                0x0000000000000c58       0xd0 ./CH32V30x/CH32V30x_p/CH32V30x_Lib/ch32v30x_spi.o
 .debug_aranges
                0x0000000000000d28      0x2d0 ./CH32V30x/CH32V30x_p/CH32V30x_Lib/ch32v30x_tim.o
 .debug_aranges
                0x0000000000000ff8      0x100 ./CH32V30x/CH32V30x_p/CH32V30x_Lib/ch32v30x_usart.o
 .debug_aranges
                0x00000000000010f8       0x50 ./CH32V30x/CH32V30x_p/CH32V30x_Lib/ch32v30x_usbotg_device.o
 .debug_aranges
                0x0000000000001148       0x28 ./CH32V30x/CH32V30x_p/CH32V30x_Lib/system_ch32v30x.o

.debug_ranges   0x0000000000000000     0x1100
 .debug_ranges  0x0000000000000000       0xe0 ./user_c/isr.o
 .debug_ranges  0x00000000000000e0       0x10 ./user_c/main.o
 .debug_ranges  0x00000000000000f0       0x20 ./hefei_peripheral/HF_Double_DC_Motor.o
 .debug_ranges  0x0000000000000110       0xa0 ./hefei_peripheral/HF_IPS114.o
 .debug_ranges  0x00000000000001b0       0x58 ./hefei_peripheral/HF_MT9V03X.o