Archive member included to satisfy reference by file (symbol)

f:/智能车/ide/mounriver_studio/toolchain/risc-v embedded gcc/bin/../lib/gcc/riscv-none-embed/8.2.0/rv32imac/ilp32\libgcc.a(adddf3.o)
                              ./CODE/Bend.o (__adddf3)
f:/智能车/ide/mounriver_studio/toolchain/risc-v embedded gcc/bin/../lib/gcc/riscv-none-embed/8.2.0/rv32imac/ilp32\libgcc.a(divdf3.o)
                              ./CODE/Bend.o (__divdf3)
f:/智能车/ide/mounriver_studio/toolchain/risc-v embedded gcc/bin/../lib/gcc/riscv-none-embed/8.2.0/rv32imac/ilp32\libgcc.a(gedf2.o)
                              ./CODE/Bend.o (__gedf2)
f:/智能车/ide/mounriver_studio/toolchain/risc-v embedded gcc/bin/../lib/gcc/riscv-none-embed/8.2.0/rv32imac/ilp32\libgcc.a(ledf2.o)
                              ./CODE/Bend.o (__ledf2)
f:/智能车/ide/mounriver_studio/toolchain/risc-v embedded gcc/bin/../lib/gcc/riscv-none-embed/8.2.0/rv32imac/ilp32\libgcc.a(muldf3.o)
                              ./hefei_peripheral/HF_HC_SR04.o (__muldf3)
f:/智能车/ide/mounriver_studio/toolchain/risc-v embedded gcc/bin/../lib/gcc/riscv-none-embed/8.2.0/rv32imac/ilp32\libgcc.a(subdf3.o)
                              ./CODE/Bend.o (__subdf3)
f:/智能车/ide/mounriver_studio/toolchain/risc-v embedded gcc/bin/../lib/gcc/riscv-none-embed/8.2.0/rv32imac/ilp32\libgcc.a(fixdfsi.o)
                              ./CODE/Bend.o (__fixdfsi)
f:/智能车/ide/mounriver_studio/toolchain/risc-v embedded gcc/bin/../lib/gcc/riscv-none-embed/8.2.0/rv32imac/ilp32\libgcc.a(fixunsdfsi.o)
                              ./hefei_peripheral/HF_HC_SR04.o (__fixunsdfsi)
f:/智能车/ide/mounriver_studio/toolchain/risc-v embedded gcc/bin/../lib/gcc/riscv-none-embed/8.2.0/rv32imac/ilp32\libgcc.a(floatsidf.o)
                              ./CODE/Bend.o (__floatsidf)
f:/智能车/ide/mounriver_studio/toolchain/risc-v embedded gcc/bin/../lib/gcc/riscv-none-embed/8.2.0/rv32imac/ilp32\libgcc.a(floatunsidf.o)
                              ./CODE/Bend.o (__floatunsidf)
f:/智能车/ide/mounriver_studio/toolchain/risc-v embedded gcc/bin/../lib/gcc/riscv-none-embed/8.2.0/rv32imac/ilp32\libgcc.a(addsf3.o)
                              ./hefei_peripheral/HF_HC_SR04.o (__addsf3)
f:/智能车/ide/mounriver_studio/toolchain/risc-v embedded gcc/bin/../lib/gcc/riscv-none-embed/8.2.0/rv32imac/ilp32\libgcc.a(divsf3.o)
                              ./hefei_peripheral/HF_HC_SR04.o (__divsf3)
f:/智能车/ide/mounriver_studio/toolchain/risc-v embedded gcc/bin/../lib/gcc/riscv-none-embed/8.2.0/rv32imac/ilp32\libgcc.a(eqsf2.o)
                              ./hefei_peripheral/HF_TFT180.o (__eqsf2)
f:/智能车/ide/mounriver_studio/toolchain/risc-v embedded gcc/bin/../lib/gcc/riscv-none-embed/8.2.0/rv32imac/ilp32\libgcc.a(gesf2.o)
                              ./CODE/pid.o (__gesf2)
f:/智能车/ide/mounriver_studio/toolchain/risc-v embedded gcc/bin/../lib/gcc/riscv-none-embed/8.2.0/rv32imac/ilp32\libgcc.a(lesf2.o)
                              ./CODE/pid.o (__lesf2)
f:/智能车/ide/mounriver_studio/toolchain/risc-v embedded gcc/bin/../lib/gcc/riscv-none-embed/8.2.0/rv32imac/ilp32\libgcc.a(mulsf3.o)
                              ./hefei_peripheral/HF_HC_SR04.o (__mulsf3)
f:/智能车/ide/mounriver_studio/toolchain/risc-v embedded gcc/bin/../lib/gcc/riscv-none-embed/8.2.0/rv32imac/ilp32\libgcc.a(subsf3.o)
                              ./hefei_peripheral/HF_IPS114.o (__subsf3)
f:/智能车/ide/mounriver_studio/toolchain/risc-v embedded gcc/bin/../lib/gcc/riscv-none-embed/8.2.0/rv32imac/ilp32\libgcc.a(fixsfsi.o)
                              ./hefei_peripheral/HF_IPS114.o (__fixsfsi)
f:/智能车/ide/mounriver_studio/toolchain/risc-v embedded gcc/bin/../lib/gcc/riscv-none-embed/8.2.0/rv32imac/ilp32\libgcc.a(fixunssfsi.o)
                              ./CODE/pid.o (__fixunssfsi)
f:/智能车/ide/mounriver_studio/toolchain/risc-v embedded gcc/bin/../lib/gcc/riscv-none-embed/8.2.0/rv32imac/ilp32\libgcc.a(floatsisf.o)
                              ./user_c/main.o (__floatsisf)
f:/智能车/ide/mounriver_studio/toolchain/risc-v embedded gcc/bin/../lib/gcc/riscv-none-embed/8.2.0/rv32imac/ilp32\libgcc.a(floatunsisf.o)
                              ./hefei_peripheral/HF_HC_SR04.o (__floatunsisf)
f:/智能车/ide/mounriver_studio/toolchain/risc-v embedded gcc/bin/../lib/gcc/riscv-none-embed/8.2.0/rv32imac/ilp32\libgcc.a(extendsfdf2.o)
                              ./hefei_peripheral/HF_HC_SR04.o (__extendsfdf2)
f:/智能车/ide/mounriver_studio/toolchain/risc-v embedded gcc/bin/../lib/gcc/riscv-none-embed/8.2.0/rv32imac/ilp32\libgcc.a(_clzsi2.o)
                              f:/智能车/ide/mounriver_studio/toolchain/risc-v embedded gcc/bin/../lib/gcc/riscv-none-embed/8.2.0/rv32imac/ilp32\libgcc.a(adddf3.o) (__clzsi2)
f:/智能车/ide/mounriver_studio/toolchain/risc-v embedded gcc/bin/../lib/gcc/riscv-none-embed/8.2.0/rv32imac/ilp32\libgcc.a(_clz.o)
                              f:/智能车/ide/mounriver_studio/toolchain/risc-v embedded gcc/bin/../lib/gcc/riscv-none-embed/8.2.0/rv32imac/ilp32\libgcc.a(_clzsi2.o) (__clz_tab)
[...]
Memory Configuration

Name             Origin             Length             Attributes
FLASH            0x0000000000000000 0x0000000000040000 xr
RAM              0x0000000020000000 0x0000000000010000 xrw
*default*        0x0000000000000000 0xffffffffffffffff

Linker script and memory map

LOAD ./user_c/isr.o
LOAD ./user_c/main.o
LOAD ./hefei_peripheral/HF_Double_DC_Motor.o
LOAD ./hefei_peripheral/HF_HC_SR04.o
LOAD ./hefei_peripheral/HF_IPS114.o
LOAD ./hefei_peripheral/HF_MT9V03X.o
LOAD ./hefei_peripheral/HF_TFT180.o
LOAD ./hefei_peripheral/HF_WS2812b.o
LOAD ./hefei_peripheral/HF_Wireless_uart.o
LOAD ./hefei_peripheral/dmx_tof400c.o
LOAD ./hefei_libraries/board/board.o
LOAD ./hefei_libraries/common.o
LOAD ./hefei_libraries/delay.o
LOAD ./hefei_libraries/hf_adc.o
LOAD ./hefei_libraries/hf_common_font.o
LOAD ./hefei_libraries/hf_dma.o
LOAD ./hefei_libraries/hf_dvp.o
LOAD ./hefei_libraries/hf_encoder.o
LOAD ./hefei_libraries/hf_exti.o
LOAD ./hefei_libraries/hf_flash.o
LOAD ./hefei_libraries/hf_gpio.o
LOAD ./hefei_libraries/hf_i2c_hardware.o
LOAD ./hefei_libraries/hf_i2c_software.o
LOAD ./hefei_libraries/hf_nvic.o
LOAD ./hefei_libraries/hf_pit.o
LOAD ./hefei_libraries/hf_pwm.o
LOAD ./hefei_libraries/hf_spi.o
LOAD ./hefei_libraries/hf_tim.o
LOAD ./hefei_libraries/hf_uart.o
LOAD ./CODE/Bend.o
LOAD ./CODE/CrossRound.o
LOAD ./CODE/PLC.o
LOAD ./CODE/Round.o
LOAD ./CODE/binary.o
LOAD ./CODE/board_led.o
LOAD ./CODE/car_adc.o
LOAD ./CODE/car_init.o
LOAD ./CODE/car_keys.o
LOAD ./CODE/car_ligth.o
LOAD ./CODE/car_motion.o
LOAD ./CODE/car_reed.o
LOAD ./CODE/car_uart.o
LOAD ./CODE/car_value_process.o
LOAD ./CODE/center_line.o
LOAD ./CODE/junction.o
LOAD ./CODE/pid.o
LOAD ./CODE/show.o
LOAD ./CH32V30x/Core/core_riscv.o
LOAD ./CH32V30x/CH32V30x_p/Startup/startup_ch32v30x.o
LOAD ./CH32V30x/CH32V30x_p/CH32V30x_Lib/ch32v30x_adc.o
LOAD ./CH32V30x/CH32V30x_p/CH32V30x_Lib/ch32v30x_bkp.o
LOAD ./CH32V30x/CH32V30x_p/CH32V30x_Lib/ch32v30x_can.o
LOAD ./CH32V30x/CH32V30x_p/CH32V30x_Lib/ch32v30x_crc.o
LOAD ./CH32V30x/CH32V30x_p/CH32V30x_Lib/ch32v30x_dac.o
LOAD ./CH32V30x/CH32V30x_p/CH32V30x_Lib/ch32v30x_dbgmcu.o
LOAD ./CH32V30x/CH32V30x_p/CH32V30x_Lib/ch32v30x_dma.o
LOAD ./CH32V30x/CH32V30x_p/CH32V30x_Lib/ch32v30x_dvp.o
LOAD ./CH32V30x/CH32V30x_p/CH32V30x_Lib/ch32v30x_eth.o
LOAD ./CH32V30x/CH32V30x_p/CH32V30x_Lib/ch32v30x_exti.o
LOAD ./CH32V30x/CH32V30x_p/CH32V30x_Lib/ch32v30x_flash.o
LOAD ./CH32V30x/CH32V30x_p/CH32V30x_Lib/ch32v30x_fsmc.o
LOAD ./CH32V30x/CH32V30x_p/CH32V30x_Lib/ch32v30x_gpio.o
LOAD ./CH32V30x/CH32V30x_p/CH32V30x_Lib/ch32v30x_i2c.o
LOAD ./CH32V30x/CH32V30x_p/CH32V30x_Lib/ch32v30x_iwdg.o
LOAD ./CH32V30x/CH32V30x_p/CH32V30x_Lib/ch32v30x_misc.o
LOAD ./CH32V30x/CH32V30x_p/CH32V30x_Lib/ch32v30x_opa.o
LOAD ./CH32V30x/CH32V30x_p/CH32V30x_Lib/ch32v30x_pwr.o
LOAD ./CH32V30x/CH32V30x_p/CH32V30x_Lib/ch32v30x_rcc.o
LOAD ./CH32V30x/CH32V30x_p/CH32V30x_Lib/ch32v30x_rng.o
LOAD ./CH32V30x/CH32V30x_p/CH32V30x_Lib/ch32v30x_rtc.o
LOAD ./CH32V30x/CH32V30x_p/CH32V30x_Lib/ch32v30x_sdio.o
LOAD ./CH32V30x/CH32V30x_p/CH32V30x_Lib/ch32v30x_spi.o
LOAD ./CH32V30x/CH32V30x_p/CH32V30x_Lib/ch32v30x_tim.o
LOAD ./CH32V30x/CH32V30x_p/CH32V30x_Lib/ch32v30x_usart.o
LOAD ./CH32V30x/CH32V30x_p/CH32V30x_Lib/ch32v30x_usbotg_device.o
LOAD ./CH32V30x/CH32V30x_p/CH32V30x_Lib/ch32v30x_wwdg.o
LOAD ./CH32V30x/CH32V30x_p/CH32V30x_Lib/system_ch32v30x.o
LOAD f:/智能车/ide/mounriver_studio/toolchain/risc-v embedded gcc/bin/../lib/gcc/riscv-none-embed/8.2.0/rv32imac/ilp32\libgcc.a
LOAD f:/智能车/ide/mounriver_studio/toolchain/risc-v embedded gcc/bin/../lib/gcc/riscv-none-embed/8.2.0/../../../../riscv-none-embed/lib/rv32imac/ilp32\libg_nano.a
LOAD f:/智能车/ide/mounriver_studio/toolchain/risc-v embedded gcc/bin/../lib/gcc/riscv-none-embed/8.2.0/../../../../riscv-none-embed/lib/rv32imac/ilp32\libc_nano.a
LOAD f:/智能车/ide/mounriver_studio/toolchain/risc-v embedded gcc/bin/../lib/gcc/riscv-none-embed/8.2.0/rv32imac/ilp32\libgcc.a
START GROUP
LOAD f:/智能车/ide/mounriver_studio/toolchain/risc-v embedded gcc/bin/../lib/gcc/riscv-none-embed/8.2.0/rv32imac/ilp32\libgcc.a
LOAD f:/智能车/ide/mounriver_studio/toolchain/risc-v embedded gcc/bin/../lib/gcc/riscv-none-embed/8.2.0/../../../../riscv-none-embed/lib/rv32imac/ilp32\libc_nano.a
LOAD f:/智能车/ide/mounriver_studio/toolchain/risc-v embedded gcc/bin/../lib/gcc/riscv-none-embed/8.2.0/../../../../riscv-none-embed/lib/rv32imac/ilp32\libnosys.a
END GROUP
START GROUP
LOAD f:/智能车/ide/mounriver_studio/toolchain/risc-v embedded gcc/bin/../lib/gcc/riscv-none-embed/8.2.0/rv32imac/ilp32\libgcc.a
LOAD f:/智能车/ide/mounriver_studio/toolchain/risc-v embedded gcc/bin/../lib/gcc/riscv-none-embed/8.2.0/../../../../riscv-none-embed/lib/rv32imac/ilp32\libc_nano.a
LOAD f:/智能车/ide/mounriver_studio/toolchain/risc-v embedded gcc/bin/../lib/gcc/riscv-none-embed/8.2.0/../../../../riscv-none-embed/lib/rv32imac/ilp32\libnosys.a
END GROUP
                0x0000000000000800                __stack_size = 0x800
                [!provide]                        PROVIDE (_stack_size = __stack_size)

.init           0x0000000000000000       0x38
                0x0000000000000000                _sinit = .
                0x0000000000000000                . = ALIGN (0x4)
 *(SORT_NONE(.init))
 .init          0x0000000000000000       0x38 ./CH32V30x/CH32V30x_p/Startup/startup_ch32v30x.o
                0x0000000000000000                _start
                0x0000000000000038                . = ALIGN (0x4)
                0x0000000000000038                _einit = .

.vector         0x0000000000000038      0x1c8
 *(.vector)
 .vector        0x0000000000000038      0x1a0 ./CH32V30x/CH32V30x_p/Startup/startup_ch32v30x.o
                0x0000000000000200                . = ALIGN (0x40)
 *fill*         0x00000000000001d8       0x28 

.text           0x0000000000000200     0x9a74
                0x0000000000000200                . = ALIGN (0x4)
 *(.text)
 .text          0x0000000000000200       0xa8 f:/智能车/ide/mounriver_studio/toolchain/risc-v embedded gcc/bin/../lib/gcc/riscv-none-embed/8.2.0/../../../../riscv-none-embed/lib/rv32imac/ilp32\libg_nano.a(lib_a-memset.o)
                0x0000000000000200                memset
 *(.text.*)
 .text.NMI_Handler
                0x00000000000002a8        0x4 ./user_c/isr.o
                0x00000000000002a8                NMI_Handler
 .text.HardFault_Handler
                0x00000000000002ac        0x4 ./user_c/isr.o
                0x00000000000002ac                HardFault_Handler
 .text.USART1_IRQHandler
                0x00000000000002b0       0x2a ./user_c/isr.o
                0x00000000000002b0                USART1_IRQHandler
 .text.USART2_IRQHandler
                0x00000000000002da       0x2a ./user_c/isr.o
                0x00000000000002da                USART2_IRQHandler
 .text.USART3_IRQHandler
                0x0000000000000304       0x2a ./user_c/isr.o
                0x0000000000000304                USART3_IRQHandler
 .text.UART4_IRQHandler
                0x000000000000032e       0x2a ./user_c/isr.o
                0x000000000000032e                UART4_IRQHandler
 .text.UART5_IRQHandler
                0x0000000000000358       0x22 ./user_c/isr.o
                0x0000000000000358                UART5_IRQHandler
 .text.UART6_IRQHandler
                0x000000000000037a       0x2a ./user_c/isr.o
                0x000000000000037a                UART6_IRQHandler
 .text.UART7_IRQHandler
                0x00000000000003a4       0x2a ./user_c/isr.o
                0x00000000000003a4                UART7_IRQHandler
 .text.UART8_IRQHandler
                0x00000000000003ce       0x1e ./user_c/isr.o
                0x00000000000003ce                UART8_IRQHandler
 .text.DVP_IRQHandler
                0x00000000000003ec       0x20 ./user_c/isr.o
                0x00000000000003ec                DVP_IRQHandler
 .text.EXTI0_IRQHandler
                0x000000000000040c       0x14 ./user_c/isr.o
                0x000000000000040c                EXTI0_IRQHandler
 .text.EXTI1_IRQHandler
                0x0000000000000420       0x26 ./user_c/isr.o
                0x0000000000000420                EXTI1_IRQHandler
 .text.EXTI2_IRQHandler
                0x0000000000000446       0x16 ./user_c/isr.o
                0x0000000000000446                EXTI2_IRQHandler
 .text.EXTI3_IRQHandler
                0x000000000000045c       0x38 ./user_c/isr.o
                0x000000000000045c                EXTI3_IRQHandler
 .text.EXTI4_IRQHandler
                0x0000000000000494       0x3a ./user_c/isr.o
                0x0000000000000494                EXTI4_IRQHandler
 .text.EXTI9_5_IRQHandler
                0x00000000000004ce       0x84 ./user_c/isr.o
                0x00000000000004ce                EXTI9_5_IRQHandler
 .text.EXTI15_10_IRQHandler
                0x0000000000000552       0x82 ./user_c/isr.o
                0x0000000000000552                EXTI15_10_IRQHandler
 .text.TIM1_UP_IRQHandler
                0x00000000000005d4       0x30 ./user_c/isr.o
                0x00000000000005d4                TIM1_UP_IRQHandler
 .text.TIM2_IRQHandler
                0x0000000000000604       0x1a ./user_c/isr.o
                0x0000000000000604                TIM2_IRQHandler
 .text.TIM3_IRQHandler
                0x000000000000061e       0x26 ./user_c/isr.o
                0x000000000000061e                TIM3_IRQHandler
 .text.TIM4_IRQHandler
                0x0000000000000644       0x26 ./user_c/isr.o
                0x0000000000000644                TIM4_IRQHandler
 .text.TIM5_IRQHandler
                0x000000000000066a       0x26 ./user_c/isr.o
                0x000000000000066a                TIM5_IRQHandler
 .text.TIM6_IRQHandler
                0x0000000000000690       0x1a ./user_c/isr.o
                0x0000000000000690                TIM6_IRQHandler
 .text.TIM7_IRQHandler
                0x00000000000006aa       0x26 ./user_c/isr.o
                0x00000000000006aa                TIM7_IRQHandler
 .text.TIM8_UP_IRQHandler
                0x00000000000006d0       0x26 ./user_c/isr.o
                0x00000000000006d0                TIM8_UP_IRQHandler
 .text.TIM9_UP_IRQHandler
                0x00000000000006f6       0x26 ./user_c/isr.o
                0x00000000000006f6                TIM9_UP_IRQHandler
 .text.TIM10_UP_IRQHandler
                0x000000000000071c       0x1a ./user_c/isr.o
                0x000000000000071c                TIM10_UP_IRQHandler
 .text.startup.main
                0x0000000000000736      0x27c ./user_c/main.o
                0x0000000000000736                main
 .text.motor_init
                0x00000000000009b2       0x62 ./hefei_peripheral/HF_Double_DC_Motor.o
                0x00000000000009b2                motor_init
 .text.motor_forward
                0x0000000000000a14      0x13e ./hefei_peripheral/HF_Double_DC_Motor.o
                0x0000000000000a14                motor_forward
 .text.ips114_write_index
                0x0000000000000b52       0x3a ./hefei_peripheral/HF_IPS114.o
 .text.ips114_set_region
                0x0000000000000b8c      0x106 ./hefei_peripheral/HF_IPS114.o
 .text.ips114_clear
                0x0000000000000c92       0x44 ./hefei_peripheral/HF_IPS114.o
                0x0000000000000c92                ips114_clear
 .text.ips114_set_dir
                0x0000000000000cd6       0x2e ./hefei_peripheral/HF_IPS114.o
                0x0000000000000cd6                ips114_set_dir
 .text.ips114_show_char
                0x0000000000000d04       0x94 ./hefei_peripheral/HF_IPS114.o
                0x0000000000000d04                ips114_show_char
 .text.ips114_show_string
                0x0000000000000d98       0x42 ./hefei_peripheral/HF_IPS114.o
                0x0000000000000d98                ips114_show_string
 .text.ips114_show_int
                0x0000000000000dda       0x60 ./hefei_peripheral/HF_IPS114.o
                0x0000000000000dda                ips114_show_int
 .text.ips114_init
                0x0000000000000e3a      0x2b2 ./hefei_peripheral/HF_IPS114.o
                0x0000000000000e3a                ips114_init
 .text.mt9v03x_get_config_dvp.constprop.0
                0x00000000000010ec       0xb2 ./hefei_peripheral/HF_MT9V03X.o
 .text.mt9v03x_uart_callback_dvp
                0x000000000000119e       0x60 ./hefei_peripheral/HF_MT9V03X.o
                0x000000000000119e                mt9v03x_uart_callback_dvp
 .text.mt9v03x_handler_dvp
                0x00000000000011fe       0x22 ./hefei_peripheral/HF_MT9V03X.o
                0x00000000000011fe                mt9v03x_handler_dvp
 .text.mt9v03x_init_dvp
                0x0000000000001220      0x18e ./hefei_peripheral/HF_MT9V03X.o
                0x0000000000001220                mt9v03x_init_dvp
 .text.int_to_str
                0x00000000000013ae       0x62 ./hefei_peripheral/HF_TFT180.o
                0x00000000000013ae                int_to_str
 .text.ws2812b_write
                0x0000000000001410       0xb0 ./hefei_peripheral/HF_WS2812b.o
                0x0000000000001410                ws2812b_write
 .text.ws2812b_init
                0x00000000000014c0       0x42 ./hefei_peripheral/HF_WS2812b.o
                0x00000000000014c0                ws2812b_init
 .text.TOF400C_Start
                0x0000000000001502       0x38 ./hefei_peripheral/dmx_tof400c.o
 .text.TOF400C_Stop
                0x000000000000153a       0x3c ./hefei_peripheral/dmx_tof400c.o
 .text.TOF400C_Write_Char
                0x0000000000001576       0x9c ./hefei_peripheral/dmx_tof400c.o
 .text.TOF400C_Write_Datas
                0x0000000000001612       0x3e ./hefei_peripheral/dmx_tof400c.o
 .text.TOF400C_Read_Char
                0x0000000000001650       0xbc ./hefei_peripheral/dmx_tof400c.o
 .text.TOF400C_Read_Datas
                0x000000000000170c       0x6c ./hefei_peripheral/dmx_tof400c.o
 .text.Init_TOF400C
                0x0000000000001778       0xe4 ./hefei_peripheral/dmx_tof400c.o
                0x0000000000001778                Init_TOF400C
 .text.Get_Distance_TOF400C
                0x000000000000185c       0x62 ./hefei_peripheral/dmx_tof400c.o
                0x000000000000185c                Get_Distance_TOF400C
 .text.board_init
                0x00000000000018be       0x38 ./hefei_libraries/board/board.o
                0x00000000000018be                board_init
 .text._write   0x00000000000018f6       0x50 ./hefei_libraries/board/board.o
                0x00000000000018f6                _write
 .text.Delay_Init
                0x0000000000001946        0x2 ./hefei_libraries/delay.o
                0x0000000000001946                Delay_Init
 .text.Delay_Us
                0x0000000000001948       0x38 ./hefei_libraries/delay.o
                0x0000000000001948                Delay_Us
 .text.Delay_Ms
                0x0000000000001980       0x36 ./hefei_libraries/delay.o
                0x0000000000001980                Delay_Ms
 .text.adc_gpio_init
                0x00000000000019b6       0xc6 ./hefei_libraries/hf_adc.o
                0x00000000000019b6                adc_gpio_init
 .text.adc_init
                0x0000000000001a7c       0x9a ./hefei_libraries/hf_adc.o
                0x0000000000001a7c                adc_init
 .text.dvp_gpio_init
                0x0000000000001b16       0xc4 ./hefei_libraries/hf_dvp.o
                0x0000000000001b16                dvp_gpio_init
 .text.dvp_camera_init
                0x0000000000001bda       0xae ./hefei_libraries/hf_dvp.o
                0x0000000000001bda                dvp_camera_init
 .text.exti_enable
                0x0000000000001c88       0x8e ./hefei_libraries/hf_exti.o
                0x0000000000001c88                exti_enable
 .text.gpio_init
                0x0000000000001d16       0xdc ./hefei_libraries/hf_gpio.o
                0x0000000000001d16                gpio_init
 .text.gpio_bit_output
                0x0000000000001df2       0x26 ./hefei_libraries/hf_gpio.o
                0x0000000000001df2                gpio_bit_output
 .text.gpio_get_input
                0x0000000000001e18       0x22 ./hefei_libraries/hf_gpio.o
                0x0000000000001e18                gpio_get_input
 .text.interrupt_enable
                0x0000000000001e3a       0x1a ./hefei_libraries/hf_nvic.o
                0x0000000000001e3a                interrupt_enable
 .text.interrupt_disable
                0x0000000000001e54       0x1a ./hefei_libraries/hf_nvic.o
                0x0000000000001e54                interrupt_disable
 .text.interrupt_set_priority
                0x0000000000001e6e        0xc ./hefei_libraries/hf_nvic.o
                0x0000000000001e6e                interrupt_set_priority
 .text.interrupt_global_enable
                0x0000000000001e7a        0x2 ./hefei_libraries/hf_nvic.o
                0x0000000000001e7a                interrupt_global_enable
 .text.interrupt_global_disable
                0x0000000000001e7c        0x2 ./hefei_libraries/hf_nvic.o
                0x0000000000001e7c                interrupt_global_disable
 .text.nvic_init
                0x0000000000001e7e       0x1e ./hefei_libraries/hf_nvic.o
                0x0000000000001e7e                nvic_init
 .text.pwm_duty
                0x0000000000001e9c       0x30 ./hefei_libraries/hf_pwm.o
                0x0000000000001e9c                pwm_duty
 .text.pwm_gpio_init
                0x0000000000001ecc      0x472 ./hefei_libraries/hf_pwm.o
                0x0000000000001ecc                pwm_gpio_init
 .text.pwm_init
                0x000000000000233e      0x1c2 ./hefei_libraries/hf_pwm.o
                0x000000000000233e                pwm_init
 .text.spi_gpio_init
                0x0000000000002500      0x13a ./hefei_libraries/hf_spi.o
                0x0000000000002500                spi_gpio_init
 .text.spi_init
                0x000000000000263a      0x102 ./hefei_libraries/hf_spi.o
                0x000000000000263a                spi_init
 .text.spi_write_8bit
                0x000000000000273c       0x1c ./hefei_libraries/hf_spi.o
                0x000000000000273c                spi_write_8bit
 .text.spi_write_16bit
                0x0000000000002758       0x32 ./hefei_libraries/hf_spi.o
                0x0000000000002758                spi_write_16bit
 .text.timbase_init
                0x000000000000278a       0xa4 ./hefei_libraries/hf_tim.o
                0x000000000000278a                timbase_init
 .text.uart_putchar
                0x000000000000282e       0x20 ./hefei_libraries/hf_uart.o
                0x000000000000282e                uart_putchar
 .text.uart_putbuff
                0x000000000000284e       0x30 ./hefei_libraries/hf_uart.o
                0x000000000000284e                uart_putbuff
 .text.uart_interrupt_init
                0x000000000000287e       0xd4 ./hefei_libraries/hf_uart.o
                0x000000000000287e                uart_interrupt_init
 .text.uart_query
                0x0000000000002952       0x26 ./hefei_libraries/hf_uart.o
                0x0000000000002952                uart_query
 .text.uart_gpio_init
                0x0000000000002978      0x23e ./hefei_libraries/hf_uart.o
                0x0000000000002978                uart_gpio_init
 .text.uart_init
                0x0000000000002bb6      0x1ce ./hefei_libraries/hf_uart.o
                0x0000000000002bb6                uart_init
 .text.check_bend
                0x0000000000002d84      0x164 ./CODE/Bend.o
                0x0000000000002d84                check_bend
 .text.correct_bend_error
                0x0000000000002ee8       0x8c ./CODE/Bend.o
                0x0000000000002ee8                correct_bend_error
 .text.check_three
                0x0000000000002f74       0xd4 ./CODE/Bend.o
                0x0000000000002f74                check_three
 .text.correct_three
                0x0000000000003048      0x1fe ./CODE/Bend.o
                0x0000000000003048                correct_three
 .text.check_black_white_line
                0x0000000000003246       0x5c ./CODE/Bend.o
                0x0000000000003246                check_black_white_line
 .text.road_type
                0x00000000000032a2       0x4c ./CODE/Bend.o
                0x00000000000032a2                road_type
 .text.GetHistGram
                0x00000000000032ee       0x4e ./CODE/binary.o
                0x00000000000032ee                GetHistGram
 .text.OSTUThreshold
                0x000000000000333c      0x1a8 ./CODE/binary.o
                0x000000000000333c                OSTUThreshold
 .text.BinaryImage
                0x00000000000034e4       0x4c ./CODE/binary.o
                0x00000000000034e4                BinaryImage
 .text.Bin_Image_Filter
                0x0000000000003530       0x84 ./CODE/binary.o
                0x0000000000003530                Bin_Image_Filter
 .text.ImageHandle
                0x00000000000035b4       0x28 ./CODE/binary.o
                0x00000000000035b4                ImageHandle
 .text.board_led_init
                0x00000000000035dc       0x2c ./CODE/board_led.o
                0x00000000000035dc                board_led_init
 .text.TIM_init
                0x0000000000003608       0x60 ./CODE/car_init.o
                0x0000000000003608                TIM_init
 .text.car_init
                0x0000000000003668       0xae ./CODE/car_init.o
                0x0000000000003668                car_init
 .text.key_init
                0x0000000000003716       0x92 ./CODE/car_keys.o
                0x0000000000003716                key_init
 .text.car_both_rgb_on
                0x00000000000037a8       0x9e ./CODE/car_ligth.o
                0x00000000000037a8                car_both_rgb_on
 .text.car_both_rgb_off
                0x0000000000003846       0x1c ./CODE/car_ligth.o
                0x0000000000003846                car_both_rgb_off
 .text.car_yellow_left
                0x0000000000003862       0x18 ./CODE/car_ligth.o
                0x0000000000003862                car_yellow_left
 .text.car_yellow_right
                0x000000000000387a       0x18 ./CODE/car_ligth.o
                0x000000000000387a                car_yellow_right
 .text.reed_init
                0x0000000000003892       0x10 ./CODE/car_reed.o
                0x0000000000003892                reed_init
 .text.Abs      0x00000000000038a2       0x52 ./CODE/center_line.o
                0x00000000000038a2                Abs
 .text.CenterLine
                0x00000000000038f4      0x348 ./CODE/center_line.o
                0x00000000000038f4                CenterLine
 .text.init_PID
                0x0000000000003c3c       0xa6 ./CODE/pid.o
                0x0000000000003c3c                init_PID
 .text.Car_PID_ERROR
                0x0000000000003ce2       0xd2 ./CODE/pid.o
                0x0000000000003ce2                Car_PID_ERROR
 .text.error_average
                0x0000000000003db4       0xa6 ./CODE/pid.o
                0x0000000000003db4                error_average
 .text.pid_forward_move
                0x0000000000003e5a       0x90 ./CODE/pid.o
                0x0000000000003e5a                pid_forward_move
 .text.vector_handler
                0x0000000000003eea       0xbe ./CH32V30x/CH32V30x_p/Startup/startup_ch32v30x.o
                0x0000000000003eee                Ecall_M_Mode_Handler
                0x0000000000003ef0                Ecall_U_Mode_Handler
                0x0000000000003ef2                Break_Point_Handler
                0x0000000000003ef4                SysTick_Handler
                0x0000000000003ef6                SW_handler
                0x0000000000003ef8                WWDG_IRQHandler
                0x0000000000003efa                PVD_IRQHandler
                0x0000000000003efc                TAMPER_IRQHandler
                0x0000000000003efe                RTC_IRQHandler
                0x0000000000003f00                FLASH_IRQHandler
                0x0000000000003f02                RCC_IRQHandler
                0x0000000000003f0e                DMA1_Channel1_IRQHandler
                0x0000000000003f10                DMA1_Channel2_IRQHandler
                0x0000000000003f12                DMA1_Channel3_IRQHandler
                0x0000000000003f14                DMA1_Channel4_IRQHandler
                0x0000000000003f16                DMA1_Channel5_IRQHandler
                0x0000000000003f18                DMA1_Channel6_IRQHandler
                0x0000000000003f1a                DMA1_Channel7_IRQHandler
                0x0000000000003f1c                ADC1_2_IRQHandler
                0x0000000000003f1e                USB_HP_CAN1_TX_IRQHandler
                0x0000000000003f20                USB_LP_CAN1_RX0_IRQHandler
                0x0000000000003f22                CAN1_RX1_IRQHandler
                0x0000000000003f24                CAN1_SCE_IRQHandler
                0x0000000000003f28                TIM1_BRK_IRQHandler
                0x0000000000003f2c                TIM1_TRG_COM_IRQHandler
                0x0000000000003f2e                TIM1_CC_IRQHandler
                0x0000000000003f36                I2C1_EV_IRQHandler
                0x0000000000003f38                I2C1_ER_IRQHandler
                0x0000000000003f3a                I2C2_EV_IRQHandler
                0x0000000000003f3c                I2C2_ER_IRQHandler
                0x0000000000003f3e                SPI1_IRQHandler
                0x0000000000003f40                SPI2_IRQHandler
                0x0000000000003f4a                RTCAlarm_IRQHandler
                0x0000000000003f4c                USBWakeUp_IRQHandler
                0x0000000000003f4e                TIM8_BRK_IRQHandler
                0x0000000000003f52                TIM8_TRG_COM_IRQHandler
                0x0000000000003f54                TIM8_CC_IRQHandler
                0x0000000000003f56                RNG_IRQHandler
                0x0000000000003f58                FSMC_IRQHandler
                0x0000000000003f5a                SDIO_IRQHandler
                0x0000000000003f5e                SPI3_IRQHandler
                0x0000000000003f68                DMA2_Channel1_IRQHandler
                0x0000000000003f6a                DMA2_Channel2_IRQHandler
                0x0000000000003f6c                DMA2_Channel3_IRQHandler
                0x0000000000003f6e                DMA2_Channel4_IRQHandler
                0x0000000000003f70                DMA2_Channel5_IRQHandler
                0x0000000000003f72                ETH_IRQHandler
                0x0000000000003f74                ETH_WKUP_IRQHandler
                0x0000000000003f76                CAN2_TX_IRQHandler
                0x0000000000003f78                CAN2_RX0_IRQHandler
                0x0000000000003f7a                CAN2_RX1_IRQHandler
                0x0000000000003f7c                CAN2_SCE_IRQHandler
                0x0000000000003f80                USBHSWakeup_IRQHandler
                0x0000000000003f82                USBHS_IRQHandler
                0x0000000000003f8c                TIM9_BRK_IRQHandler
                0x0000000000003f90                TIM9_TRG_COM_IRQHandler
                0x0000000000003f92                TIM9_CC_IRQHandler
                0x0000000000003f94                TIM10_BRK_IRQHandler
                0x0000000000003f98                TIM10_TRG_COM_IRQHandler
                0x0000000000003f9a                TIM10_CC_IRQHandler
                0x0000000000003f9c                DMA2_Channel6_IRQHandler
                0x0000000000003f9e                DMA2_Channel7_IRQHandler
                0x0000000000003fa0                DMA2_Channel8_IRQHandler
                0x0000000000003fa2                DMA2_Channel9_IRQHandler
                0x0000000000003fa4                DMA2_Channel10_IRQHandler
                0x0000000000003fa6                DMA2_Channel11_IRQHandler
 .text.handle_reset
                0x0000000000003fa8       0x92 ./CH32V30x/CH32V30x_p/Startup/startup_ch32v30x.o
                0x0000000000003fa8                handle_reset
 .text.ADC_DeInit
                0x000000000000403a       0x46 ./CH32V30x/CH32V30x_p/CH32V30x_Lib/ch32v30x_adc.o
                0x000000000000403a                ADC_DeInit
 .text.ADC_Init
                0x0000000000004080       0x58 ./CH32V30x/CH32V30x_p/CH32V30x_Lib/ch32v30x_adc.o
                0x0000000000004080                ADC_Init
 .text.ADC_Cmd  0x00000000000040d8       0x10 ./CH32V30x/CH32V30x_p/CH32V30x_Lib/ch32v30x_adc.o
                0x00000000000040d8                ADC_Cmd
 .text.ADC_ResetCalibration
                0x00000000000040e8        0xa ./CH32V30x/CH32V30x_p/CH32V30x_Lib/ch32v30x_adc.o
                0x00000000000040e8                ADC_ResetCalibration
 .text.ADC_GetResetCalibrationStatus
                0x00000000000040f2        0x8 ./CH32V30x/CH32V30x_p/CH32V30x_Lib/ch32v30x_adc.o
                0x00000000000040f2                ADC_GetResetCalibrationStatus
 .text.ADC_StartCalibration
                0x00000000000040fa        0xa ./CH32V30x/CH32V30x_p/CH32V30x_Lib/ch32v30x_adc.o
                0x00000000000040fa                ADC_StartCalibration
 .text.ADC_GetCalibrationStatus
                0x0000000000004104        0x8 ./CH32V30x/CH32V30x_p/CH32V30x_Lib/ch32v30x_adc.o
                0x0000000000004104                ADC_GetCalibrationStatus
 .text.EXTI_Init
                0x000000000000410c       0x6a ./CH32V30x/CH32V30x_p/CH32V30x_Lib/ch32v30x_exti.o
                0x000000000000410c                EXTI_Init
 .text.EXTI_GetITStatus
                0x0000000000004176       0x1e ./CH32V30x/CH32V30x_p/CH32V30x_Lib/ch32v30x_exti.o
                0x0000000000004176                EXTI_GetITStatus
 .text.EXTI_ClearITPendingBit
                0x0000000000004194        0xa ./CH32V30x/CH32V30x_p/CH32V30x_Lib/ch32v30x_exti.o
                0x0000000000004194                EXTI_ClearITPendingBit
 .text.GPIO_Init
                0x000000000000419e       0xc2 ./CH32V30x/CH32V30x_p/CH32V30x_Lib/ch32v30x_gpio.o
                0x000000000000419e                GPIO_Init
 .text.GPIO_WriteBit
                0x0000000000004260        0xa ./CH32V30x/CH32V30x_p/CH32V30x_Lib/ch32v30x_gpio.o
                0x0000000000004260                GPIO_WriteBit
 .text.GPIO_PinRemapConfig
                0x000000000000426a       0x86 ./CH32V30x/CH32V30x_p/CH32V30x_Lib/ch32v30x_gpio.o
                0x000000000000426a                GPIO_PinRemapConfig
 .text.GPIO_EXTILineConfig
                0x00000000000042f0       0x2c ./CH32V30x/CH32V30x_p/CH32V30x_Lib/ch32v30x_gpio.o
                0x00000000000042f0                GPIO_EXTILineConfig
 .text.NVIC_Init
                0x000000000000431c       0xb8 ./CH32V30x/CH32V30x_p/CH32V30x_Lib/ch32v30x_misc.o
                0x000000000000431c                NVIC_Init
 .text.RCC_ADCCLKConfig
                0x00000000000043d4       0x12 ./CH32V30x/CH32V30x_p/CH32V30x_Lib/ch32v30x_rcc.o
                0x00000000000043d4                RCC_ADCCLKConfig
 .text.RCC_GetClocksFreq
                0x00000000000043e6      0x10e ./CH32V30x/CH32V30x_p/CH32V30x_Lib/ch32v30x_rcc.o
                0x00000000000043e6                RCC_GetClocksFreq
 .text.RCC_AHBPeriphClockCmd
                0x00000000000044f4       0x1e ./CH32V30x/CH32V30x_p/CH32V30x_Lib/ch32v30x_rcc.o
                0x00000000000044f4                RCC_AHBPeriphClockCmd
 .text.RCC_APB2PeriphClockCmd
                0x0000000000004512       0x1e ./CH32V30x/CH32V30x_p/CH32V30x_Lib/ch32v30x_rcc.o
                0x0000000000004512                RCC_APB2PeriphClockCmd
 .text.RCC_APB1PeriphClockCmd
                0x0000000000004530       0x1e ./CH32V30x/CH32V30x_p/CH32V30x_Lib/ch32v30x_rcc.o
                0x0000000000004530                RCC_APB1PeriphClockCmd
 .text.RCC_APB2PeriphResetCmd
                0x000000000000454e       0x1e ./CH32V30x/CH32V30x_p/CH32V30x_Lib/ch32v30x_rcc.o
                0x000000000000454e                RCC_APB2PeriphResetCmd
 .text.SPI_Init
                0x000000000000456c       0x5a ./CH32V30x/CH32V30x_p/CH32V30x_Lib/ch32v30x_spi.o
                0x000000000000456c                SPI_Init
 .text.SPI_Cmd  0x00000000000045c6       0x1e ./CH32V30x/CH32V30x_p/CH32V30x_Lib/ch32v30x_spi.o
                0x00000000000045c6                SPI_Cmd
 .text.TIM_TimeBaseInit
                0x00000000000045e4       0xc0 ./CH32V30x/CH32V30x_p/CH32V30x_Lib/ch32v30x_tim.o
                0x00000000000045e4                TIM_TimeBaseInit
 .text.TIM_OC1Init
                0x00000000000046a4       0xa0 ./CH32V30x/CH32V30x_p/CH32V30x_Lib/ch32v30x_tim.o
                0x00000000000046a4                TIM_OC1Init
 .text.TIM_OC2Init
                0x0000000000004744       0xcc ./CH32V30x/CH32V30x_p/CH32V30x_Lib/ch32v30x_tim.o
                0x0000000000004744                TIM_OC2Init
 .text.TIM_OC3Init
                0x0000000000004810       0xca ./CH32V30x/CH32V30x_p/CH32V30x_Lib/ch32v30x_tim.o
                0x0000000000004810                TIM_OC3Init
 .text.TIM_OC4Init
                0x00000000000048da       0x9e ./CH32V30x/CH32V30x_p/CH32V30x_Lib/ch32v30x_tim.o
                0x00000000000048da                TIM_OC4Init
 .text.TIM_Cmd  0x0000000000004978       0x1c ./CH32V30x/CH32V30x_p/CH32V30x_Lib/ch32v30x_tim.o
                0x0000000000004978                TIM_Cmd
 .text.TIM_CtrlPWMOutputs
                0x0000000000004994       0x16 ./CH32V30x/CH32V30x_p/CH32V30x_Lib/ch32v30x_tim.o
                0x0000000000004994                TIM_CtrlPWMOutputs
 .text.TIM_ITConfig
                0x00000000000049aa       0x16 ./CH32V30x/CH32V30x_p/CH32V30x_Lib/ch32v30x_tim.o
                0x00000000000049aa                TIM_ITConfig
 .text.TIM_OC1PreloadConfig
                0x00000000000049c0       0x12 ./CH32V30x/CH32V30x_p/CH32V30x_Lib/ch32v30x_tim.o
                0x00000000000049c0                TIM_OC1PreloadConfig
 .text.TIM_OC2PreloadConfig
                0x00000000000049d2       0x1a ./CH32V30x/CH32V30x_p/CH32V30x_Lib/ch32v30x_tim.o
                0x00000000000049d2                TIM_OC2PreloadConfig
 .text.TIM_OC3PreloadConfig
                0x00000000000049ec       0x12 ./CH32V30x/CH32V30x_p/CH32V30x_Lib/ch32v30x_tim.o
                0x00000000000049ec                TIM_OC3PreloadConfig
 .text.TIM_OC4PreloadConfig
                0x00000000000049fe       0x1a ./CH32V30x/CH32V30x_p/CH32V30x_Lib/ch32v30x_tim.o
                0x00000000000049fe                TIM_OC4PreloadConfig
 .text.TIM_OC2PolarityConfig
                0x0000000000004a18       0x1a ./CH32V30x/CH32V30x_p/CH32V30x_Lib/ch32v30x_tim.o
                0x0000000000004a18                TIM_OC2PolarityConfig
 .text.TIM_CCxCmd
                0x0000000000004a32       0x28 ./CH32V30x/CH32V30x_p/CH32V30x_Lib/ch32v30x_tim.o
                0x0000000000004a32                TIM_CCxCmd
 .text.TIM_SetCounter
                0x0000000000004a5a        0x6 ./CH32V30x/CH32V30x_p/CH32V30x_Lib/ch32v30x_tim.o
                0x0000000000004a5a                TIM_SetCounter
 .text.TIM_GetFlagStatus
                0x0000000000004a60        0xc ./CH32V30x/CH32V30x_p/CH32V30x_Lib/ch32v30x_tim.o
                0x0000000000004a60                TIM_GetFlagStatus
 .text.TIM_ClearFlag
                0x0000000000004a6c        0xe ./CH32V30x/CH32V30x_p/CH32V30x_Lib/ch32v30x_tim.o
                0x0000000000004a6c                TIM_ClearFlag
 .text.TIM_GetITStatus
                0x0000000000004a7a       0x1c ./CH32V30x/CH32V30x_p/CH32V30x_Lib/ch32v30x_tim.o
                0x0000000000004a7a                TIM_GetITStatus
 .text.TIM_ClearITPendingBit
                0x0000000000004a96        0xe ./CH32V30x/CH32V30x_p/CH32V30x_Lib/ch32v30x_tim.o
                0x0000000000004a96                TIM_ClearITPendingBit
 .text.USART_Init
                0x0000000000004aa4       0xda ./CH32V30x/CH32V30x_p/CH32V30x_Lib/ch32v30x_usart.o
                0x0000000000004aa4                USART_Init
 .text.USART_Cmd
                0x0000000000004b7e       0x1c ./CH32V30x/CH32V30x_p/CH32V30x_Lib/ch32v30x_usart.o
                0x0000000000004b7e                USART_Cmd
 .text.USART_ITConfig
                0x0000000000004b9a       0x36 ./CH32V30x/CH32V30x_p/CH32V30x_Lib/ch32v30x_usart.o
                0x0000000000004b9a                USART_ITConfig
 .text.USART_SendData
                0x0000000000004bd0        0xa ./CH32V30x/CH32V30x_p/CH32V30x_Lib/ch32v30x_usart.o
                0x0000000000004bd0                USART_SendData
 .text.USART_GetFlagStatus
                0x0000000000004bda        0xc ./CH32V30x/CH32V30x_p/CH32V30x_Lib/ch32v30x_usart.o
                0x0000000000004bda                USART_GetFlagStatus
 .text.USART_GetITStatus
                0x0000000000004be6       0x44 ./CH32V30x/CH32V30x_p/CH32V30x_Lib/ch32v30x_usart.o
                0x0000000000004be6                USART_GetITStatus
 .text.USART_ClearITPendingBit
                0x0000000000004c2a       0x16 ./CH32V30x/CH32V30x_p/CH32V30x_Lib/ch32v30x_usart.o
                0x0000000000004c2a                USART_ClearITPendingBit
 .text.DevEP1_IN_Deal
                0x0000000000004c40       0x16 ./CH32V30x/CH32V30x_p/CH32V30x_Lib/ch32v30x_usbotg_device.o
                0x0000000000004c40                DevEP1_IN_Deal
 .text.DevEP2_IN_Deal
                0x0000000000004c56       0x16 ./CH32V30x/CH32V30x_p/CH32V30x_Lib/ch32v30x_usbotg_device.o
                0x0000000000004c56                DevEP2_IN_Deal
 .text.DevEP1_OUT_Deal
                0x0000000000004c6c       0x28 ./CH32V30x/CH32V30x_p/CH32V30x_Lib/ch32v30x_usbotg_device.o
                0x0000000000004c6c                DevEP1_OUT_Deal
 .text.DevEP2_OUT_Deal
                0x0000000000004c94       0x28 ./CH32V30x/CH32V30x_p/CH32V30x_Lib/ch32v30x_usbotg_device.o
                0x0000000000004c94                DevEP2_OUT_Deal
 .text.OTG_FS_IRQHandler
                0x0000000000004cbc      0x71a ./CH32V30x/CH32V30x_p/CH32V30x_Lib/ch32v30x_usbotg_device.o
                0x0000000000004cbc                OTG_FS_IRQHandler
 .text.SystemInit
                0x00000000000053d6      0x122 ./CH32V30x/CH32V30x_p/CH32V30x_Lib/system_ch32v30x.o
                0x00000000000053d6                SystemInit
 .text.__adddf3
                0x00000000000054f8      0x730 f:/智能车/ide/mounriver_studio/toolchain/risc-v embedded gcc/bin/../lib/gcc/riscv-none-embed/8.2.0/rv32imac/ilp32\libgcc.a(adddf3.o)
                0x00000000000054f8                __adddf3
 .text.__divdf3
                0x0000000000005c28      0x5b4 f:/智能车/ide/mounriver_studio/toolchain/risc-v embedded gcc/bin/../lib/gcc/riscv-none-embed/8.2.0/rv32imac/ilp32\libgcc.a(divdf3.o)
                0x0000000000005c28                __divdf3
 .text.__gedf2  0x00000000000061dc       0xae f:/智能车/ide/mounriver_studio/toolchain/risc-v embedded gcc/bin/../lib/gcc/riscv-none-embed/8.2.0/rv32imac/ilp32\libgcc.a(gedf2.o)
                0x00000000000061dc                __gedf2
                0x00000000000061dc                __gtdf2
 .text.__ledf2  0x000000000000628a       0xb6 f:/智能车/ide/mounriver_studio/toolchain/risc-v embedded gcc/bin/../lib/gcc/riscv-none-embed/8.2.0/rv32imac/ilp32\libgcc.a(ledf2.o)
                0x000000000000628a                __ledf2
                0x000000000000628a                __ltdf2
 .text.__muldf3
                0x0000000000006340      0x4b8 f:/智能车/ide/mounriver_studio/toolchain/risc-v embedded gcc/bin/../lib/gcc/riscv-none-embed/8.2.0/rv32imac/ilp32\libgcc.a(muldf3.o)
                0x0000000000006340                __muldf3
 .text.__subdf3
                0x00000000000067f8      0x73e f:/智能车/ide/mounriver_studio/toolchain/risc-v embedded gcc/bin/../lib/gcc/riscv-none-embed/8.2.0/rv32imac/ilp32\libgcc.a(subdf3.o)
                0x00000000000067f8                __subdf3
 .text.__fixdfsi
                0x0000000000006f36       0x68 f:/智能车/ide/mounriver_studio/toolchain/risc-v embedded gcc/bin/../lib/gcc/riscv-none-embed/8.2.0/rv32imac/ilp32\libgcc.a(fixdfsi.o)
                0x0000000000006f36                __fixdfsi
 .text.__floatsidf
                0x0000000000006f9e       0x72 f:/智能车/ide/mounriver_studio/toolchain/risc-v embedded gcc/bin/../lib/gcc/riscv-none-embed/8.2.0/rv32imac/ilp32\libgcc.a(floatsidf.o)
                0x0000000000006f9e                __floatsidf
 .text.__floatunsidf
                0x0000000000007010       0x68 f:/智能车/ide/mounriver_studio/toolchain/risc-v embedded gcc/bin/../lib/gcc/riscv-none-embed/8.2.0/rv32imac/ilp32\libgcc.a(floatunsidf.o)
                0x0000000000007010                __floatunsidf
 .text.__addsf3
                0x0000000000007078      0x36a f:/智能车/ide/mounriver_studio/toolchain/risc-v embedded gcc/bin/../lib/gcc/riscv-none-embed/8.2.0/rv32imac/ilp32\libgcc.a(addsf3.o)
                0x0000000000007078                __addsf3
 .text.__gesf2  0x00000000000073e2       0x86 f:/智能车/ide/mounriver_studio/toolchain/risc-v embedded gcc/bin/../lib/gcc/riscv-none-embed/8.2.0/rv32imac/ilp32\libgcc.a(gesf2.o)
                0x00000000000073e2                __gesf2
                0x00000000000073e2                __gtsf2
 .text.__lesf2  0x0000000000007468       0x8c f:/智能车/ide/mounriver_studio/toolchain/risc-v embedded gcc/bin/../lib/gcc/riscv-none-embed/8.2.0/rv32imac/ilp32\libgcc.a(lesf2.o)
                0x0000000000007468                __ltsf2
                0x0000000000007468                __lesf2
 .text.__mulsf3
                0x00000000000074f4      0x290 f:/智能车/ide/mounriver_studio/toolchain/risc-v embedded gcc/bin/../lib/gcc/riscv-none-embed/8.2.0/rv32imac/ilp32\libgcc.a(mulsf3.o)
                0x00000000000074f4                __mulsf3
 .text.__subsf3
                0x0000000000007784      0x388 f:/智能车/ide/mounriver_studio/toolchain/risc-v embedded gcc/bin/../lib/gcc/riscv-none-embed/8.2.0/rv32imac/ilp32\libgcc.a(subsf3.o)
                0x0000000000007784                __subsf3
 .text.__fixunssfsi
                0x0000000000007b0c       0x56 f:/智能车/ide/mounriver_studio/toolchain/risc-v embedded gcc/bin/../lib/gcc/riscv-none-embed/8.2.0/rv32imac/ilp32\libgcc.a(fixunssfsi.o)
                0x0000000000007b0c                __fixunssfsi
 .text.__floatsisf
                0x0000000000007b62       0xc6 f:/智能车/ide/mounriver_studio/toolchain/risc-v embedded gcc/bin/../lib/gcc/riscv-none-embed/8.2.0/rv32imac/ilp32\libgcc.a(floatsisf.o)
                0x0000000000007b62                __floatsisf
 .text.__clzsi2
                0x0000000000007c28       0x76 f:/智能车/ide/mounriver_studio/toolchain/risc-v embedded gcc/bin/../lib/gcc/riscv-none-embed/8.2.0/rv32imac/ilp32\libgcc.a(_clzsi2.o)
                0x0000000000007c28                __clzsi2
 .text.__assert_func
                0x0000000000007c9e       0x3a f:/智能车/ide/mounriver_studio/toolchain/risc-v embedded gcc/bin/../lib/gcc/riscv-none-embed/8.2.0/../../../../riscv-none-embed/lib/rv32imac/ilp32\libg_nano.a(lib_a-assert.o)
                0x0000000000007c9e                __assert_func
 .text.fprintf  0x0000000000007cd8       0x26 f:/智能车/ide/mounriver_studio/toolchain/risc-v embedded gcc/bin/../lib/gcc/riscv-none-embed/8.2.0/../../../../riscv-none-embed/lib/rv32imac/ilp32\libg_nano.a(lib_a-fprintf.o)
                0x0000000000007cd8                fiprintf
                0x0000000000007cd8                fprintf
 .text.malloc   0x0000000000007cfe        0xa f:/智能车/ide/mounriver_studio/toolchain/risc-v embedded gcc/bin/../lib/gcc/riscv-none-embed/8.2.0/../../../../riscv-none-embed/lib/rv32imac/ilp32\libg_nano.a(lib_a-malloc.o)
                0x0000000000007cfe                malloc
 .text.memcpy   0x0000000000007d08       0xb6 f:/智能车/ide/mounriver_studio/toolchain/risc-v embedded gcc/bin/../lib/gcc/riscv-none-embed/8.2.0/../../../../riscv-none-embed/lib/rv32imac/ilp32\libg_nano.a(lib_a-memcpy.o)
                0x0000000000007d08                memcpy
 .text._free_r  0x0000000000007dbe       0xa8 f:/智能车/ide/mounriver_studio/toolchain/risc-v embedded gcc/bin/../lib/gcc/riscv-none-embed/8.2.0/../../../../riscv-none-embed/lib/rv32imac/ilp32\libg_nano.a(lib_a-nano-freer.o)
                0x0000000000007dbe                _free_r
 .text._malloc_r
                0x0000000000007e66       0xda f:/智能车/ide/mounriver_studio/toolchain/risc-v embedded gcc/bin/../lib/gcc/riscv-none-embed/8.2.0/../../../../riscv-none-embed/lib/rv32imac/ilp32\libg_nano.a(lib_a-nano-mallocr.o)
                0x0000000000007e66                _malloc_r
 .text.__sfputc_r
                0x0000000000007f40       0x2a f:/智能车/ide/mounriver_studio/toolchain/risc-v embedded gcc/bin/../lib/gcc/riscv-none-embed/8.2.0/../../../../riscv-none-embed/lib/rv32imac/ilp32\libg_nano.a(lib_a-nano-vfprintf.o)
 .text.__sfputs_r
                0x0000000000007f6a       0x44 f:/智能车/ide/mounriver_studio/toolchain/risc-v embedded gcc/bin/../lib/gcc/riscv-none-embed/8.2.0/../../../../riscv-none-embed/lib/rv32imac/ilp32\libg_nano.a(lib_a-nano-vfprintf.o)
                0x0000000000007f6a                __sfputs_r
 .text._vfprintf_r
                0x0000000000007fae      0x2a0 f:/智能车/ide/mounriver_studio/toolchain/risc-v embedded gcc/bin/../lib/gcc/riscv-none-embed/8.2.0/../../../../riscv-none-embed/lib/rv32imac/ilp32\libg_nano.a(lib_a-nano-vfprintf.o)
                0x0000000000007fae                _vfprintf_r
                0x0000000000007fae                _vfiprintf_r
 .text._printf_common
                0x000000000000824e      0x10c f:/智能车/ide/mounriver_studio/toolchain/risc-v embedded gcc/bin/../lib/gcc/riscv-none-embed/8.2.0/../../../../riscv-none-embed/lib/rv32imac/ilp32\libg_nano.a(lib_a-nano-vfprintf_i.o)
                0x000000000000824e                _printf_common
 .text._printf_i
                0x000000000000835a      0x2ac f:/智能车/ide/mounriver_studio/toolchain/risc-v embedded gcc/bin/../lib/gcc/riscv-none-embed/8.2.0/../../../../riscv-none-embed/lib/rv32imac/ilp32\libg_nano.a(lib_a-nano-vfprintf_i.o)
                0x000000000000835a                _printf_i
 .text.printf   0x0000000000008606       0x40 f:/智能车/ide/mounriver_studio/toolchain/risc-v embedded gcc/bin/../lib/gcc/riscv-none-embed/8.2.0/../../../../riscv-none-embed/lib/rv32imac/ilp32\libg_nano.a(lib_a-printf.o)
                0x0000000000008606                iprintf
                0x0000000000008606                printf
 .text._puts_r  0x0000000000008646       0xda f:/智能车/ide/mounriver_studio/toolchain/risc-v embedded gcc/bin/../lib/gcc/riscv-none-embed/8.2.0/../../../../riscv-none-embed/lib/rv32imac/ilp32\libg_nano.a(lib_a-puts.o)
                0x0000000000008646                _puts_r
 .text.puts     0x0000000000008720        0xc f:/智能车/ide/mounriver_studio/toolchain/risc-v embedded gcc/bin/../lib/gcc/riscv-none-embed/8.2.0/../../../../riscv-none-embed/lib/rv32imac/ilp32\libg_nano.a(lib_a-puts.o)
                0x0000000000008720                puts
 .text._sbrk_r  0x000000000000872c       0x32 f:/智能车/ide/mounriver_studio/toolchain/risc-v embedded gcc/bin/../lib/gcc/riscv-none-embed/8.2.0/../../../../riscv-none-embed/lib/rv32imac/ilp32\libg_nano.a(lib_a-sbrkr.o)
                0x000000000000872c                _sbrk_r
 .text.__swbuf_r
                0x000000000000875e       0xc0 f:/智能车/ide/mounriver_studio/toolchain/risc-v embedded gcc/bin/../lib/gcc/riscv-none-embed/8.2.0/../../../../riscv-none-embed/lib/rv32imac/ilp32\libg_nano.a(lib_a-wbuf.o)
                0x000000000000875e                __swbuf_r
 .text.__swsetup_r
                0x000000000000881e      0x10e f:/智能车/ide/mounriver_studio/toolchain/risc-v embedded gcc/bin/../lib/gcc/riscv-none-embed/8.2.0/../../../../riscv-none-embed/lib/rv32imac/ilp32\libg_nano.a(lib_a-wsetup.o)
                0x000000000000881e                __swsetup_r
 .text.abort    0x000000000000892c        0xe f:/智能车/ide/mounriver_studio/toolchain/risc-v embedded gcc/bin/../lib/gcc/riscv-none-embed/8.2.0/../../../../riscv-none-embed/lib/rv32imac/ilp32\libg_nano.a(lib_a-abort.o)
                0x000000000000892c                abort
 .text.__sflush_r
                0x000000000000893a      0x13e f:/智能车/ide/mounriver_studio/toolchain/risc-v embedded gcc/bin/../lib/gcc/riscv-none-embed/8.2.0/../../../../riscv-none-embed/lib/rv32imac/ilp32\libg_nano.a(lib_a-fflush.o)
                0x000000000000893a                __sflush_r
 .text._fflush_r
                0x0000000000008a78       0x66 f:/智能车/ide/mounriver_studio/toolchain/risc-v embedded gcc/bin/../lib/gcc/riscv-none-embed/8.2.0/../../../../riscv-none-embed/lib/rv32imac/ilp32\libg_nano.a(lib_a-fflush.o)
                0x0000000000008a78                _fflush_r
 .text.std      0x0000000000008ade       0x6a f:/智能车/ide/mounriver_studio/toolchain/risc-v embedded gcc/bin/../lib/gcc/riscv-none-embed/8.2.0/../../../../riscv-none-embed/lib/rv32imac/ilp32\libg_nano.a(lib_a-findfp.o)
 .text._cleanup_r
                0x0000000000008b48        0xa f:/智能车/ide/mounriver_studio/toolchain/risc-v embedded gcc/bin/../lib/gcc/riscv-none-embed/8.2.0/../../../../riscv-none-embed/lib/rv32imac/ilp32\libg_nano.a(lib_a-findfp.o)
                0x0000000000008b48                _cleanup_r
 .text.__sfmoreglue
                0x0000000000008b52       0x48 f:/智能车/ide/mounriver_studio/toolchain/risc-v embedded gcc/bin/../lib/gcc/riscv-none-embed/8.2.0/../../../../riscv-none-embed/lib/rv32imac/ilp32\libg_nano.a(lib_a-findfp.o)
                0x0000000000008b52                __sfmoreglue
 .text.__sinit  0x0000000000008b9a       0x6c f:/智能车/ide/mounriver_studio/toolchain/risc-v embedded gcc/bin/../lib/gcc/riscv-none-embed/8.2.0/../../../../riscv-none-embed/lib/rv32imac/ilp32\libg_nano.a(lib_a-findfp.o)
                0x0000000000008b9a                __sinit
 .text.__sfp    0x0000000000008c06       0xa0 f:/智能车/ide/mounriver_studio/toolchain/risc-v embedded gcc/bin/../lib/gcc/riscv-none-embed/8.2.0/../../../../riscv-none-embed/lib/rv32imac/ilp32\libg_nano.a(lib_a-findfp.o)
                0x0000000000008c06                __sfp
 .text._fwalk_reent
                0x0000000000008ca6       0x6c f:/智能车/ide/mounriver_studio/toolchain/risc-v embedded gcc/bin/../lib/gcc/riscv-none-embed/8.2.0/../../../../riscv-none-embed/lib/rv32imac/ilp32\libg_nano.a(lib_a-fwalk.o)
                0x0000000000008ca6                _fwalk_reent
 .text.__swhatbuf_r
                0x0000000000008d12       0x58 f:/智能车/ide/mounriver_studio/toolchain/risc-v embedded gcc/bin/../lib/gcc/riscv-none-embed/8.2.0/../../../../riscv-none-embed/lib/rv32imac/ilp32\libg_nano.a(lib_a-makebuf.o)
                0x0000000000008d12                __swhatbuf_r
 .text.__smakebuf_r
                0x0000000000008d6a       0xa0 f:/智能车/ide/mounriver_studio/toolchain/risc-v embedded gcc/bin/../lib/gcc/riscv-none-embed/8.2.0/../../../../riscv-none-embed/lib/rv32imac/ilp32\libg_nano.a(lib_a-makebuf.o)
                0x0000000000008d6a                __smakebuf_r
 .text.memchr   0x0000000000008e0a       0x1a f:/智能车/ide/mounriver_studio/toolchain/risc-v embedded gcc/bin/../lib/gcc/riscv-none-embed/8.2.0/../../../../riscv-none-embed/lib/rv32imac/ilp32\libg_nano.a(lib_a-memchr.o)
                0x0000000000008e0a                memchr
 .text.__malloc_lock
                0x0000000000008e24        0x2 f:/智能车/ide/mounriver_studio/toolchain/risc-v embedded gcc/bin/../lib/gcc/riscv-none-embed/8.2.0/../../../../riscv-none-embed/lib/rv32imac/ilp32\libg_nano.a(lib_a-mlock.o)
                0x0000000000008e24                __malloc_lock
 .text.__malloc_unlock
                0x0000000000008e26        0x2 f:/智能车/ide/mounriver_studio/toolchain/risc-v embedded gcc/bin/../lib/gcc/riscv-none-embed/8.2.0/../../../../riscv-none-embed/lib/rv32imac/ilp32\libg_nano.a(lib_a-mlock.o)
                0x0000000000008e26                __malloc_unlock
 .text._raise_r
                0x0000000000008e28       0x62 f:/智能车/ide/mounriver_studio/toolchain/risc-v embedded gcc/bin/../lib/gcc/riscv-none-embed/8.2.0/../../../../riscv-none-embed/lib/rv32imac/ilp32\libg_nano.a(lib_a-signal.o)
                0x0000000000008e28                _raise_r
 .text.raise    0x0000000000008e8a        0xc f:/智能车/ide/mounriver_studio/toolchain/risc-v embedded gcc/bin/../lib/gcc/riscv-none-embed/8.2.0/../../../../riscv-none-embed/lib/rv32imac/ilp32\libg_nano.a(lib_a-signal.o)
                0x0000000000008e8a                raise
 .text._kill_r  0x0000000000008e96       0x32 f:/智能车/ide/mounriver_studio/toolchain/risc-v embedded gcc/bin/../lib/gcc/riscv-none-embed/8.2.0/../../../../riscv-none-embed/lib/rv32imac/ilp32\libg_nano.a(lib_a-signalr.o)
                0x0000000000008e96                _kill_r
 .text._getpid_r
                0x0000000000008ec8        0x2 f:/智能车/ide/mounriver_studio/toolchain/risc-v embedded gcc/bin/../lib/gcc/riscv-none-embed/8.2.0/../../../../riscv-none-embed/lib/rv32imac/ilp32\libg_nano.a(lib_a-signalr.o)
                0x0000000000008ec8                _getpid_r
 .text.__sread  0x0000000000008eca       0x30 f:/智能车/ide/mounriver_studio/toolchain/risc-v embedded gcc/bin/../lib/gcc/riscv-none-embed/8.2.0/../../../../riscv-none-embed/lib/rv32imac/ilp32\libg_nano.a(lib_a-stdio.o)
                0x0000000000008eca                __sread
 .text.__swrite
                0x0000000000008efa       0x4e f:/智能车/ide/mounriver_studio/toolchain/risc-v embedded gcc/bin/../lib/gcc/riscv-none-embed/8.2.0/../../../../riscv-none-embed/lib/rv32imac/ilp32\libg_nano.a(lib_a-stdio.o)
                0x0000000000008efa                __swrite
 .text.__sseek  0x0000000000008f48       0x36 f:/智能车/ide/mounriver_studio/toolchain/risc-v embedded gcc/bin/../lib/gcc/riscv-none-embed/8.2.0/../../../../riscv-none-embed/lib/rv32imac/ilp32\libg_nano.a(lib_a-stdio.o)
                0x0000000000008f48                __sseek
 .text.__sclose
                0x0000000000008f7e        0x6 f:/智能车/ide/mounriver_studio/toolchain/risc-v embedded gcc/bin/../lib/gcc/riscv-none-embed/8.2.0/../../../../riscv-none-embed/lib/rv32imac/ilp32\libg_nano.a(lib_a-stdio.o)
                0x0000000000008f7e                __sclose
 .text._write_r
                0x0000000000008f84       0x36 f:/智能车/ide/mounriver_studio/toolchain/risc-v embedded gcc/bin/../lib/gcc/riscv-none-embed/8.2.0/../../../../riscv-none-embed/lib/rv32imac/ilp32\libg_nano.a(lib_a-writer.o)
                0x0000000000008f84                _write_r
 .text._close_r
                0x0000000000008fba       0x30 f:/智能车/ide/mounriver_studio/toolchain/risc-v embedded gcc/bin/../lib/gcc/riscv-none-embed/8.2.0/../../../../riscv-none-embed/lib/rv32imac/ilp32\libg_nano.a(lib_a-closer.o)
                0x0000000000008fba                _close_r
 .text._fstat_r
                0x0000000000008fea       0x32 f:/智能车/ide/mounriver_studio/toolchain/risc-v embedded gcc/bin/../lib/gcc/riscv-none-embed/8.2.0/../../../../riscv-none-embed/lib/rv32imac/ilp32\libg_nano.a(lib_a-fstatr.o)
                0x0000000000008fea                _fstat_r
 .text._isatty_r
                0x000000000000901c       0x30 f:/智能车/ide/mounriver_studio/toolchain/risc-v embedded gcc/bin/../lib/gcc/riscv-none-embed/8.2.0/../../../../riscv-none-embed/lib/rv32imac/ilp32\libg_nano.a(lib_a-isattyr.o)
                0x000000000000901c                _isatty_r
 .text._lseek_r
                0x000000000000904c       0x34 f:/智能车/ide/mounriver_studio/toolchain/risc-v embedded gcc/bin/../lib/gcc/riscv-none-embed/8.2.0/../../../../riscv-none-embed/lib/rv32imac/ilp32\libg_nano.a(lib_a-lseekr.o)
                0x000000000000904c                _lseek_r
 .text._read_r  0x0000000000009080       0x34 f:/智能车/ide/mounriver_studio/toolchain/risc-v embedded gcc/bin/../lib/gcc/riscv-none-embed/8.2.0/../../../../riscv-none-embed/lib/rv32imac/ilp32\libg_nano.a(lib_a-readr.o)
                0x0000000000009080                _read_r
 .text._close   0x00000000000090b4       0x10 f:/智能车/ide/mounriver_studio/toolchain/risc-v embedded gcc/bin/../lib/gcc/riscv-none-embed/8.2.0/../../../../riscv-none-embed/lib/rv32imac/ilp32\libnosys.a(close.o)
                0x00000000000090b4                _close
 .text._fstat   0x00000000000090c4       0x10 f:/智能车/ide/mounriver_studio/toolchain/risc-v embedded gcc/bin/../lib/gcc/riscv-none-embed/8.2.0/../../../../riscv-none-embed/lib/rv32imac/ilp32\libnosys.a(fstat.o)
                0x00000000000090c4                _fstat
 .text._getpid  0x00000000000090d4       0x10 f:/智能车/ide/mounriver_studio/toolchain/risc-v embedded gcc/bin/../lib/gcc/riscv-none-embed/8.2.0/../../../../riscv-none-embed/lib/rv32imac/ilp32\libnosys.a(getpid.o)
                0x00000000000090d4                _getpid
 .text._isatty  0x00000000000090e4       0x10 f:/智能车/ide/mounriver_studio/toolchain/risc-v embedded gcc/bin/../lib/gcc/riscv-none-embed/8.2.0/../../../../riscv-none-embed/lib/rv32imac/ilp32\libnosys.a(isatty.o)
                0x00000000000090e4                _isatty
 .text._kill    0x00000000000090f4       0x10 f:/智能车/ide/mounriver_studio/toolchain/risc-v embedded gcc/bin/../lib/gcc/riscv-none-embed/8.2.0/../../../../riscv-none-embed/lib/rv32imac/ilp32\libnosys.a(kill.o)
                0x00000000000090f4                _kill
 .text._lseek   0x0000000000009104       0x10 f:/智能车/ide/mounriver_studio/toolchain/risc-v embedded gcc/bin/../lib/gcc/riscv-none-embed/8.2.0/../../../../riscv-none-embed/lib/rv32imac/ilp32\libnosys.a(lseek.o)
                0x0000000000009104                _lseek
 .text._read    0x0000000000009114       0x10 f:/智能车/ide/mounriver_studio/toolchain/risc-v embedded gcc/bin/../lib/gcc/riscv-none-embed/8.2.0/../../../../riscv-none-embed/lib/rv32imac/ilp32\libnosys.a(read.o)
                0x0000000000009114                _read
 .text._sbrk    0x0000000000009124       0x24 f:/智能车/ide/mounriver_studio/toolchain/risc-v embedded gcc/bin/../lib/gcc/riscv-none-embed/8.2.0/../../../../riscv-none-embed/lib/rv32imac/ilp32\libnosys.a(sbrk.o)
                0x0000000000009124                _sbrk
 .text._exit    0x0000000000009148        0x2 f:/智能车/ide/mounriver_studio/toolchain/risc-v embedded gcc/bin/../lib/gcc/riscv-none-embed/8.2.0/../../../../riscv-none-embed/lib/rv32imac/ilp32\libnosys.a(_exit.o)
                0x0000000000009148                _exit
 *(.rodata)
 *(.rodata*)
 *fill*         0x000000000000914a        0x2 
 .rodata.EXTI3_IRQHandler.str1.4
                0x000000000000914c        0x6 ./user_c/isr.o
 *fill*         0x0000000000009152        0x2 
 .rodata.EXTI4_IRQHandler.str1.4
                0x0000000000009154        0x6 ./user_c/isr.o
 *fill*         0x000000000000915a        0x2 
 .rodata.main.str1.4
                0x000000000000915c        0xd ./user_c/main.o
 *fill*         0x0000000000009169        0x3 
 .rodata.__func__.6411
                0x000000000000916c       0x11 ./hefei_peripheral/HF_MT9V03X.o
 *fill*         0x000000000000917d        0x3 
 .rodata.mt9v03x_init_dvp.str1.4
                0x0000000000009180       0x60 ./hefei_peripheral/HF_MT9V03X.o
 .rodata.Init_TOF400C.str1.4
                0x00000000000091e0       0x2f ./hefei_peripheral/dmx_tof400c.o
 *fill*         0x000000000000920f        0x1 
 .rodata.tft_ascii
                0x0000000000009210      0x5f0 ./hefei_libraries/hf_common_font.o
                0x0000000000009210                tft_ascii
 .rodata.GPION  0x0000000000009800       0x14 ./hefei_libraries/hf_gpio.o
                0x0000000000009800                GPION
 .rodata.SPIN   0x0000000000009814        0xc ./hefei_libraries/hf_spi.o
                0x0000000000009814                SPIN
 .rodata.TIMERN
                0x0000000000009820       0x20 ./hefei_libraries/hf_tim.o
                0x0000000000009820                TIMERN
 .rodata.UARTN  0x0000000000009840       0x20 ./hefei_libraries/hf_uart.o
                0x0000000000009840                UARTN
 *fill*         0x0000000000009860        0x0 
 .rodata.check_bend.cst8
                0x0000000000009860       0x10 ./CODE/Bend.o
 .rodata.check_three.cst8
                0x0000000000009870       0x10 ./CODE/Bend.o
 .rodata.correct_three.cst8
                0x0000000000009880       0x10 ./CODE/Bend.o
 .rodata.OSTUThreshold.cst8
                0x0000000000009890        0x8 ./CODE/binary.o
 .rodata.CenterLine.cst8
                0x0000000000009898        0x8 ./CODE/center_line.o
 .rodata.Car_PID_ERROR.cst4
                0x0000000000009898        0x4 ./CODE/pid.o
 *fill*         0x000000000000989c        0x4 
 .rodata.error_average.cst8
                0x00000000000098a0       0x18 ./CODE/pid.o
 .rodata.OTG_FS_IRQHandler
                0x00000000000098b8       0x30 ./CH32V30x/CH32V30x_p/CH32V30x_Lib/ch32v30x_usbotg_device.o
 .rodata.MyCfgDescrHD
                0x00000000000098e8       0x43 ./CH32V30x/CH32V30x_p/CH32V30x_Lib/ch32v30x_usbotg_device.o
                0x00000000000098e8                MyCfgDescrHD
 *fill*         0x000000000000992b        0x1 
 .rodata.MyDevDescrHD
                0x000000000000992c       0x12 ./CH32V30x/CH32V30x_p/CH32V30x_Lib/ch32v30x_usbotg_device.o
                0x000000000000992c                MyDevDescrHD
 *fill*         0x000000000000993e        0x2 
 .rodata.MyManuInfoHD
                0x0000000000009940        0xe ./CH32V30x/CH32V30x_p/CH32V30x_Lib/ch32v30x_usbotg_device.o
                0x0000000000009940                MyManuInfoHD
 *fill*         0x000000000000994e        0x2 
 .rodata.MyProdInfoHD
                0x0000000000009950        0xc ./CH32V30x/CH32V30x_p/CH32V30x_Lib/ch32v30x_usbotg_device.o
                0x0000000000009950                MyProdInfoHD
 .rodata.MyReportDescHD
                0x000000000000995c       0x14 ./CH32V30x/CH32V30x_p/CH32V30x_Lib/ch32v30x_usbotg_device.o
                0x000000000000995c                MyReportDescHD
 .rodata.MySerNumInfoHD
                0x0000000000009970       0x16 ./CH32V30x/CH32V30x_p/CH32V30x_Lib/ch32v30x_usbotg_device.o
                0x0000000000009970                MySerNumInfoHD
 *fill*         0x0000000000009986        0x2 
 .rodata.MyUSBQUADescHD
                0x0000000000009988        0xa ./CH32V30x/CH32V30x_p/CH32V30x_Lib/ch32v30x_usbotg_device.o
                0x0000000000009988                MyUSBQUADescHD
 *fill*         0x0000000000009992        0x2 
 .rodata.OTG_FS_IRQHandler.str1.4
                0x0000000000009994       0x41 ./CH32V30x/CH32V30x_p/CH32V30x_Lib/ch32v30x_usbotg_device.o
 *fill*         0x00000000000099d5        0x3 
 .rodata.__divdf3
                0x00000000000099d8       0x40 f:/智能车/ide/mounriver_studio/toolchain/risc-v embedded gcc/bin/../lib/gcc/riscv-none-embed/8.2.0/rv32imac/ilp32\libgcc.a(divdf3.o)
 .rodata.__muldf3
                0x0000000000009a18       0x40 f:/智能车/ide/mounriver_studio/toolchain/risc-v embedded gcc/bin/../lib/gcc/riscv-none-embed/8.2.0/rv32imac/ilp32\libgcc.a(muldf3.o)
 .rodata.__mulsf3
                0x0000000000009a58       0x40 f:/智能车/ide/mounriver_studio/toolchain/risc-v embedded gcc/bin/../lib/gcc/riscv-none-embed/8.2.0/rv32imac/ilp32\libgcc.a(mulsf3.o)
 .rodata.__clz_tab
                0x0000000000009a98      0x100 f:/智能车/ide/mounriver_studio/toolchain/risc-v embedded gcc/bin/../lib/gcc/riscv-none-embed/8.2.0/rv32imac/ilp32\libgcc.a(_clz.o)
                0x0000000000009a98                __clz_tab
 .rodata.__assert_func.str1.4
                0x0000000000009b98       0x3f f:/智能车/ide/mounriver_studio/toolchain/risc-v embedded gcc/bin/../lib/gcc/riscv-none-embed/8.2.0/../../../../riscv-none-embed/lib/rv32imac/ilp32\libg_nano.a(lib_a-assert.o)
                                         0x43 (size before relaxing)
 *fill*         0x0000000000009bd7        0x1 
 .rodata._vfprintf_r.str1.4
                0x0000000000009bd8       0x13 f:/智能车/ide/mounriver_studio/toolchain/risc-v embedded gcc/bin/../lib/gcc/riscv-none-embed/8.2.0/../../../../riscv-none-embed/lib/rv32imac/ilp32\libg_nano.a(lib_a-nano-vfprintf.o)
 *fill*         0x0000000000009beb        0x1 
 .rodata._printf_i.str1.4
                0x0000000000009bec       0x28 f:/智能车/ide/mounriver_studio/toolchain/risc-v embedded gcc/bin/../lib/gcc/riscv-none-embed/8.2.0/../../../../riscv-none-embed/lib/rv32imac/ilp32\libg_nano.a(lib_a-nano-vfprintf_i.o)
                                         0x25 (size before relaxing)
 .rodata.__sf_fake_stderr
                0x0000000000009c14       0x20 f:/智能车/ide/mounriver_studio/toolchain/risc-v embedded gcc/bin/../lib/gcc/riscv-none-embed/8.2.0/../../../../riscv-none-embed/lib/rv32imac/ilp32\libg_nano.a(lib_a-findfp.o)
                0x0000000000009c14                __sf_fake_stderr
 .rodata.__sf_fake_stdin
                0x0000000000009c34       0x20 f:/智能车/ide/mounriver_studio/toolchain/risc-v embedded gcc/bin/../lib/gcc/riscv-none-embed/8.2.0/../../../../riscv-none-embed/lib/rv32imac/ilp32\libg_nano.a(lib_a-findfp.o)
                0x0000000000009c34                __sf_fake_stdin
 .rodata.__sf_fake_stdout
                0x0000000000009c54       0x20 f:/智能车/ide/mounriver_studio/toolchain/risc-v embedded gcc/bin/../lib/gcc/riscv-none-embed/8.2.0/../../../../riscv-none-embed/lib/rv32imac/ilp32\libg_nano.a(lib_a-findfp.o)
                0x0000000000009c54                __sf_fake_stdout
 *(.glue_7)
 *(.glue_7t)
 *(.gnu.linkonce.t.*)
                0x0000000000009c74                . = ALIGN (0x4)

.rela.dyn       0x0000000000009c74        0x0
 .rela.text.EXTI3_IRQHandler
                0x0000000000009c74        0x0 ./user_c/isr.o
 .rela.text.EXTI4_IRQHandler
                0x0000000000009c74        0x0 ./user_c/isr.o
 .rela.text.EXTI9_5_IRQHandler
                0x0000000000009c74        0x0 ./user_c/isr.o
 .rela.text.TIM1_UP_IRQHandler
                0x0000000000009c74        0x0 ./user_c/isr.o
 .rela.text.startup.main
                0x0000000000009c74        0x0 ./user_c/isr.o
 .rela.text.motor_forward
                0x0000000000009c74        0x0 ./user_c/isr.o
 .rela.text.mt9v03x_handler_dvp
                0x0000000000009c74        0x0 ./user_c/isr.o
 .rela.text.mt9v03x_init_dvp
                0x0000000000009c74        0x0 ./user_c/isr.o
 .rela.text.check_bend
                0x0000000000009c74        0x0 ./user_c/isr.o
 .rela.text.correct_bend_error
                0x0000000000009c74        0x0 ./user_c/isr.o
 .rela.text.check_three
                0x0000000000009c74        0x0 ./user_c/isr.o
 .rela.text.correct_three
                0x0000000000009c74        0x0 ./user_c/isr.o
 .rela.text.check_black_white_line
                0x0000000000009c74        0x0 ./user_c/isr.o
 .rela.text.road_type
                0x0000000000009c74        0x0 ./user_c/isr.o
 .rela.text.GetHistGram
                0x0000000000009c74        0x0 ./user_c/isr.o
 .rela.text.OSTUThreshold
                0x0000000000009c74        0x0 ./user_c/isr.o
 .rela.text.BinaryImage
                0x0000000000009c74        0x0 ./user_c/isr.o
 .rela.text.Bin_Image_Filter
                0x0000000000009c74        0x0 ./user_c/isr.o
 .rela.text.ImageHandle
                0x0000000000009c74        0x0 ./user_c/isr.o
 .rela.text.car_init
                0x0000000000009c74        0x0 ./user_c/isr.o
 .rela.text.CenterLine
                0x0000000000009c74        0x0 ./user_c/isr.o
 .rela.text.init_PID
                0x0000000000009c74        0x0 ./user_c/isr.o
 .rela.text.Car_PID_ERROR
                0x0000000000009c74        0x0 ./user_c/isr.o
 .rela.text.error_average
                0x0000000000009c74        0x0 ./user_c/isr.o
 .rela.text.pid_forward_move
                0x0000000000009c74        0x0 ./user_c/isr.o
 .rela.init     0x0000000000009c74        0x0 ./user_c/isr.o
 .rela.vector   0x0000000000009c74        0x0 ./user_c/isr.o
 .rela.text.handle_reset
                0x0000000000009c74        0x0 ./user_c/isr.o
 .rela.text.DevEP1_OUT_Deal
                0x0000000000009c74        0x0 ./user_c/isr.o
 .rela.text.DevEP2_OUT_Deal
                0x0000000000009c74        0x0 ./user_c/isr.o
 .rela.text.OTG_FS_IRQHandler
                0x0000000000009c74        0x0 ./user_c/isr.o
 .rela.text._vfprintf_r
                0x0000000000009c74        0x0 ./user_c/isr.o
 .rela.text._sbrk_r
                0x0000000000009c74        0x0 ./user_c/isr.o
 .rela.text._kill_r
                0x0000000000009c74        0x0 ./user_c/isr.o
 .rela.text._write_r
                0x0000000000009c74        0x0 ./user_c/isr.o
 .rela.text._close_r
                0x0000000000009c74        0x0 ./user_c/isr.o
 .rela.text._fstat_r
                0x0000000000009c74        0x0 ./user_c/isr.o
 .rela.text._isatty_r
                0x0000000000009c74        0x0 ./user_c/isr.o
 .rela.text._lseek_r
                0x0000000000009c74        0x0 ./user_c/isr.o
 .rela.text._read_r
                0x0000000000009c74        0x0 ./user_c/isr.o
 .rela.text._close
                0x0000000000009c74        0x0 ./user_c/isr.o
 .rela.text._fstat
                0x0000000000009c74        0x0 ./user_c/isr.o
 .rela.text._getpid
                0x0000000000009c74        0x0 ./user_c/isr.o
 .rela.text._isatty
                0x0000000000009c74        0x0 ./user_c/isr.o
 .rela.text._kill
                0x0000000000009c74        0x0 ./user_c/isr.o
 .rela.text._lseek
                0x0000000000009c74        0x0 ./user_c/isr.o
 .rela.text._read
                0x0000000000009c74        0x0 ./user_c/isr.o
 .rela.text._sbrk
                0x0000000000009c74        0x0 ./user_c/isr.o

.fini           0x0000000000009c74        0x0
 *(SORT_NONE(.fini))
                0x0000000000009c74                . = ALIGN (0x4)
                [!provide]                        PROVIDE (_etext = .)
                [!provide]                        PROVIDE (_eitcm = .)

.preinit_array  0x0000000000009c74        0x0
                [!provide]                        PROVIDE (__preinit_array_start = .)
 *(.preinit_array)
                [!provide]                        PROVIDE (__preinit_array_end = .)

.init_array     0x0000000000009c74        0x0
                [!provide]                        PROVIDE (__init_array_start = .)
 *(SORT_BY_INIT_PRIORITY(.init_array.*) SORT_BY_INIT_PRIORITY(.ctors.*))
 *(.init_array EXCLUDE_FILE(*crtend?.o *crtend.o *crtbegin?.o *crtbegin.o) .ctors)
                [!provide]                        PROVIDE (__init_array_end = .)

.fini_array     0x0000000000009c74        0x0
                [!provide]                        PROVIDE (__fini_array_start = .)
 *(SORT_BY_INIT_PRIORITY(.fini_array.*) SORT_BY_INIT_PRIORITY(.dtors.*))
 *(.fini_array EXCLUDE_FILE(*crtend?.o *crtend.o *crtbegin?.o *crtbegin.o) .dtors)
                [!provide]                        PROVIDE (__fini_array_end = .)

.ctors
 *crtbegin.o(.ctors)
 *crtbegin?.o(.ctors)
 *(EXCLUDE_FILE(*crtend?.o *crtend.o) .ctors)
 *(SORT_BY_NAME(.ctors.*))
 *(.ctors)

.dtors
 *crtbegin.o(.dtors)
 *crtbegin?.o(.dtors)
 *(EXCLUDE_FILE(*crtend?.o *crtend.o) .dtors)
 *(SORT_BY_NAME(.dtors.*))
 *(.dtors)

.dalign         0x0000000020000000        0x0 load address 0x0000000000009c74
                0x0000000020000000                . = ALIGN (0x4)
                0x0000000020000000                PROVIDE (_data_vma = .)

.dlalign        0x0000000000009c74        0x0
                0x0000000000009c74                . = ALIGN (0x4)
                0x0000000000009c74                PROVIDE (_data_lma = .)

.data           0x0000000020000000      0x1d8 load address 0x0000000000009c74
 *(.gnu.linkonce.r.*)
 *(.data .data.*)
 .data.mt9v03x_get_confing_buffer_dvp
                0x0000000020000000       0x24 ./hefei_peripheral/HF_MT9V03X.o
                0x0000000020000000                mt9v03x_get_confing_buffer_dvp
 .data.mt9v03x_set_confing_buffer_dvp
                0x0000000020000024       0x28 ./hefei_peripheral/HF_MT9V03X.o
                0x0000000020000024                mt9v03x_set_confing_buffer_dvp
 .data.VL51L1X_CONFIGURATION
                0x000000002000004c       0x87 ./hefei_peripheral/dmx_tof400c.o
                0x000000002000004c                VL51L1X_CONFIGURATION
 *fill*         0x00000000200000d3        0x1 
 .data.APBAHBPrescTable
                0x00000000200000d4       0x10 ./CH32V30x/CH32V30x_p/CH32V30x_Lib/ch32v30x_rcc.o
 .data.TAB_USB_FS_OSC_DESC
                0x00000000200000e4       0x43 ./CH32V30x/CH32V30x_p/CH32V30x_Lib/ch32v30x_usbotg_device.o
                0x00000000200000e4                TAB_USB_FS_OSC_DESC
 *fill*         0x0000000020000127        0x1 
 .data.impure_data
                0x0000000020000128       0x60 f:/智能车/ide/mounriver_studio/toolchain/risc-v embedded gcc/bin/../lib/gcc/riscv-none-embed/8.2.0/../../../../riscv-none-embed/lib/rv32imac/ilp32\libg_nano.a(lib_a-impure.o)
 *(.gnu.linkonce.d.*)
                0x0000000020000188                . = ALIGN (0x8)
                0x0000000020000988                PROVIDE (__global_pointer$ = (. + 0x800))
 *(.sdata .sdata.*)
 .sdata.ips114_bgcolor
                0x0000000020000188        0x2 ./hefei_peripheral/HF_IPS114.o
 *fill*         0x000000002000018a        0x2 
 .sdata.ips114_display_dir
                0x000000002000018c        0x4 ./hefei_peripheral/HF_IPS114.o
 .sdata.ips114_pencolor
                0x0000000020000190        0x2 ./hefei_peripheral/HF_IPS114.o
 .sdata.ips114_x_max
                0x0000000020000192        0x1 ./hefei_peripheral/HF_IPS114.o
 .sdata.ips114_y_max
                0x0000000020000193        0x1 ./hefei_peripheral/HF_IPS114.o
 .sdata.rgb_blue
                0x0000000020000194        0x3 ./CODE/car_ligth.o
 *fill*         0x0000000020000197        0x1 
 .sdata.rgb_cyan
                0x0000000020000198        0x3 ./CODE/car_ligth.o
 *fill*         0x000000002000019b        0x1 
 .sdata.rgb_green
                0x000000002000019c        0x3 ./CODE/car_ligth.o
 *fill*         0x000000002000019f        0x1 
 .sdata.rgb_purple
                0x00000000200001a0        0x3 ./CODE/car_ligth.o
 *fill*         0x00000000200001a3        0x1 
 .sdata.rgb_red
                0x00000000200001a4        0x3 ./CODE/car_ligth.o
 *fill*         0x00000000200001a7        0x1 
 .sdata.rgb_white
                0x00000000200001a8        0x3 ./CODE/car_ligth.o
 *fill*         0x00000000200001ab        0x1 
 .sdata.rgb_yellow
                0x00000000200001ac        0x3 ./CODE/car_ligth.o
 *fill*         0x00000000200001af        0x1 
 .sdata.ADCPrescTable
                0x00000000200001b0        0x4 ./CH32V30x/CH32V30x_p/CH32V30x_Lib/ch32v30x_rcc.o
 .sdata.LineCoding
                0x00000000200001b4        0x7 ./CH32V30x/CH32V30x_p/CH32V30x_Lib/ch32v30x_usbotg_device.o
                0x00000000200001b4                LineCoding
 .sdata.USBHD_Dev_Speed
                0x00000000200001bb        0x1 ./CH32V30x/CH32V30x_p/CH32V30x_Lib/ch32v30x_usbotg_device.o
                0x00000000200001bb                USBHD_Dev_Speed
 .sdata.SystemCoreClock
                0x00000000200001bc        0x4 ./CH32V30x/CH32V30x_p/CH32V30x_Lib/system_ch32v30x.o
                0x00000000200001bc                SystemCoreClock
 .sdata._impure_ptr
                0x00000000200001c0        0x4 f:/智能车/ide/mounriver_studio/toolchain/risc-v embedded gcc/bin/../lib/gcc/riscv-none-embed/8.2.0/../../../../riscv-none-embed/lib/rv32imac/ilp32\libg_nano.a(lib_a-impure.o)
                0x00000000200001c0                _impure_ptr
 *(.sdata2.*)
 .sdata2.uart_irq
                0x00000000200001c4        0x8 ./hefei_libraries/hf_uart.o
                0x00000000200001c4                uart_irq
 .sdata2.MyLangDescrHD
                0x00000000200001cc        0x4 ./CH32V30x/CH32V30x_p/CH32V30x_Lib/ch32v30x_usbotg_device.o
                0x00000000200001cc                MyLangDescrHD
 .sdata2._global_impure_ptr
                0x00000000200001d0        0x4 f:/智能车/ide/mounriver_studio/toolchain/risc-v embedded gcc/bin/../lib/gcc/riscv-none-embed/8.2.0/../../../../riscv-none-embed/lib/rv32imac/ilp32\libg_nano.a(lib_a-impure.o)
                0x00000000200001d0                _global_impure_ptr
 *(.gnu.linkonce.s.*)
                0x00000000200001d8                . = ALIGN (0x8)
 *fill*         0x00000000200001d4        0x4 
 *(.srodata.cst16)
 *(.srodata.cst8)
 *(.srodata.cst4)
 *(.srodata.cst2)
 *(.srodata .srodata.*)
                0x00000000200001d8                . = ALIGN (0x4)
                0x00000000200001d8                PROVIDE (_edata = .)

.bss            0x00000000200001d8     0xb568 load address 0x0000000000009e4c
                0x00000000200001d8                . = ALIGN (0x4)
                0x00000000200001d8                PROVIDE (_sbss = .)
 *(.sbss*)
 .sbss.flagTIM  0x00000000200001d8        0x4 ./user_c/main.o
                0x00000000200001d8                flagTIM
 .sbss.mt9v03x_finish_flag_dvp
                0x00000000200001dc        0x1 ./hefei_peripheral/HF_MT9V03X.o
                0x00000000200001dc                mt9v03x_finish_flag_dvp
 *fill*         0x00000000200001dd        0x3 
 .sbss.receive_dvp
                0x00000000200001e0        0x3 ./hefei_peripheral/HF_MT9V03X.o
 .sbss.receive_num_dvp
                0x00000000200001e3        0x1 ./hefei_peripheral/HF_MT9V03X.o
 .sbss.uart_receive_flag_dvp
                0x00000000200001e4        0x1 ./hefei_peripheral/HF_MT9V03X.o
 *fill*         0x00000000200001e5        0x3 
 .sbss.sys_clk  0x00000000200001e8        0x4 ./hefei_libraries/common.o
                0x00000000200001e8                sys_clk
 .sbss.rgb_off  0x00000000200001ec        0x3 ./CODE/car_ligth.o
 *fill*         0x00000000200001ef        0x1 
 .sbss.flag     0x00000000200001f0        0x4 ./CODE/pid.o
                0x00000000200001f0                flag
 .sbss.NVIC_Priority_Group
                0x00000000200001f4        0x4 ./CH32V30x/CH32V30x_p/CH32V30x_Lib/ch32v30x_misc.o
                0x00000000200001f4                NVIC_Priority_Group
 .sbss.USBHD_Dev_SetupReqLen
                0x00000000200001f8        0x2 ./CH32V30x/CH32V30x_p/CH32V30x_Lib/ch32v30x_usbotg_device.o
                0x00000000200001f8                USBHD_Dev_SetupReqLen
 .sbss.USBHD_Dev_SleepStatus
                0x00000000200001fa        0x1 ./CH32V30x/CH32V30x_p/CH32V30x_Lib/ch32v30x_usbotg_device.o
                0x00000000200001fa                USBHD_Dev_SleepStatus
 *fill*         0x00000000200001fb        0x1 
 .sbss.__malloc_free_list
                0x00000000200001fc        0x4 f:/智能车/ide/mounriver_studio/toolchain/risc-v embedded gcc/bin/../lib/gcc/riscv-none-embed/8.2.0/../../../../riscv-none-embed/lib/rv32imac/ilp32\libg_nano.a(lib_a-nano-mallocr.o)
                0x00000000200001fc                __malloc_free_list
 .sbss.__malloc_sbrk_start
                0x0000000020000200        0x4 f:/智能车/ide/mounriver_studio/toolchain/risc-v embedded gcc/bin/../lib/gcc/riscv-none-embed/8.2.0/../../../../riscv-none-embed/lib/rv32imac/ilp32\libg_nano.a(lib_a-nano-mallocr.o)
                0x0000000020000200                __malloc_sbrk_start
 .sbss.heap_end.1518
                0x0000000020000204        0x4 f:/智能车/ide/mounriver_studio/toolchain/risc-v embedded gcc/bin/../lib/gcc/riscv-none-embed/8.2.0/../../../../riscv-none-embed/lib/rv32imac/ilp32\libnosys.a(sbrk.o)
 *(.gnu.linkonce.sb.*)
 *(.bss*)
 *(.gnu.linkonce.b.*)
 *(COMMON*)
 COMMON         0x0000000020000208     0x5b78 ./user_c/isr.o
                0x0000000020000208                flagLED
                0x000000002000020c                rightangle_flag
                0x000000002000020d                Cross_status
                0x0000000020000210                num_R_row
                0x0000000020000214                num_white
                0x0000000020000218                first1
                0x0000000020000219                round_dot1_row
                0x000000002000021c                Right_line
                0x0000000020000294                countTIM1
                0x0000000020000298                Left_line
                0x0000000020000310                num_R
                0x0000000020000314                WtoB_L
                0x0000000020000315                first3
                0x0000000020000318                A
                0x000000002000031c                Pixel
                0x0000000020005b3c                L_D_dot
                0x0000000020005b3d                black_white_flag
                0x0000000020005b40                B
                0x0000000020005b44                Threshold
                0x0000000020005b45                WtoB_R
                0x0000000020005b46                choose
                0x0000000020005b47                first2
                0x0000000020005b48                L_U_dot
                0x0000000020005b49                CY
                0x0000000020005b4a                triangle_turn
                0x0000000020005b4b                car_start
                0x0000000020005b4c                black_white_first
                0x0000000020005b4d                out_flag
                0x0000000020005b4e                entered_Cross
                0x0000000020005b4f                round_dot1_col
                0x0000000020005b50                R_D_dot
                0x0000000020005b54                arrays
                0x0000000020005b58                triangle_flag
                0x0000000020005b5c                white_line
                0x0000000020005b98                error
                0x0000000020005b9c                Center_line
                0x0000000020005c14                CX
                0x0000000020005c18                car_mode
                0x0000000020005c78                HistGram
                0x0000000020005d78                R_U_dot
                0x0000000020005d7c                num_L
 COMMON         0x0000000020005d80        0xc ./user_c/main.o
                0x0000000020005d80                countTIM3
                0x0000000020005d84                countTIM2
                0x0000000020005d88                get_dis
 COMMON         0x0000000020005d8c     0x5824 ./hefei_peripheral/HF_MT9V03X.o
                0x0000000020005d8c                mt9v03x_image_dvp
                0x000000002000b5ac                camera_buffer_addr
 COMMON         0x000000002000b5b0       0x28 ./CODE/pid.o
                0x000000002000b5b0                L_PID
                0x000000002000b5c4                R_PID
 COMMON         0x000000002000b5d8      0x164 ./CH32V30x/CH32V30x_p/CH32V30x_Lib/ch32v30x_usbotg_device.o
                0x000000002000b5d8                DevConfig
                0x000000002000b5dc                EP2_DatabufHD
                0x000000002000b65c                SetupReqLen
                0x000000002000b65e                SetupReqCode
                0x000000002000b660                pDescr
                0x000000002000b664                pEP2_RAM_Addr
                0x000000002000b668                pEP0_RAM_Addr
                0x000000002000b66c                EP1_DatabufHD
                0x000000002000b6ec                EP0_DatabufHD
                0x000000002000b6f4                Receive_Uart_Buf
                0x000000002000b734                UsbConfig
                0x000000002000b738                pEP1_RAM_Addr
 COMMON         0x000000002000b73c        0x4 f:/智能车/ide/mounriver_studio/toolchain/risc-v embedded gcc/bin/../lib/gcc/riscv-none-embed/8.2.0/../../../../riscv-none-embed/lib/rv32imac/ilp32\libg_nano.a(lib_a-reent.o)
                0x000000002000b73c                errno
                0x000000002000b740                . = ALIGN (0x4)
                0x000000002000b740                PROVIDE (_ebss = .)
                [!provide]                        PROVIDE (_end = _ebss)
                0x000000002000b740                PROVIDE (end = .)

.stack          0x000000002000f800      0x800
                0x000000002000f800                . = ALIGN (0x4)
                [!provide]                        PROVIDE (_susrstack = .)
                0x0000000020010000                . = (. + __stack_size)
 *fill*         0x000000002000f800      0x800 
                0x0000000020010000                PROVIDE (_eusrstack = .)
OUTPUT(testA.elf elf32-littleriscv)

.debug_info     0x0000000000000000    0x2f713
 .debug_info    0x0000000000000000     0x1f57 ./user_c/isr.o
 .debug_info    0x0000000000001f57     0x1ae5 ./user_c/main.o
 .debug_info    0x0000000000003a3c     0x1454 ./hefei_peripheral/HF_Double_DC_Motor.o
 .debug_info    0x0000000000004e90     0x2872 ./hefei_peripheral/HF_IPS114.o
 .debug_info    0x0000000000007702     0x1ab0 ./hefei_peripheral/HF_MT9V03X.o
 .debug_info    0x00000000000091b2     0x270e ./hefei_peripheral/HF_TFT180.o
 .debug_info    0x000000000000b8c0     0x15fe ./hefei_peripheral/HF_WS2812b.o
 .debug_info    0x000000000000cebe     0x1d32 ./hefei_peripheral/dmx_tof400c.o
 .debug_info    0x000000000000ebf0     0x1366 ./hefei_libraries/board/board.o
 .debug_info    0x000000000000ff56      0xa06 ./hefei_libraries/common.o
 .debug_info    0x000000000001095c      0xb35 ./hefei_libraries/delay.o
 .debug_info    0x0000000000011491     0x122f ./hefei_libraries/hf_adc.o
 .debug_info    0x00000000000126c0      0xa7e ./hefei_libraries/hf_common_font.o
 .debug_info    0x000000000001313e     0x114f ./hefei_libraries/hf_dvp.o
 .debug_info    0x000000000001428d     0x1695 ./hefei_libraries/hf_exti.o
 .debug_info    0x0000000000015922      0xff4 ./hefei_libraries/hf_gpio.o
 .debug_info    0x0000000000016916     0x10d4 ./hefei_libraries/hf_nvic.o
 .debug_info    0x00000000000179ea     0x1602 ./hefei_libraries/hf_pwm.o
 .debug_info    0x0000000000018fec     0x1244 ./hefei_libraries/hf_spi.o
 .debug_info    0x000000000001a230      0x542 ./hefei_libraries/hf_tim.o
 .debug_info    0x000000000001a772     0x1a77 ./hefei_libraries/hf_uart.o
 .debug_info    0x000000000001c1e9     0x1330 ./CODE/Bend.o
 .debug_info    0x000000000001d519     0x1293 ./CODE/binary.o
 .debug_info    0x000000000001e7ac     0x12b2 ./CODE/board_led.o
 .debug_info    0x000000000001fa5e     0x18ca ./CODE/car_init.o
 .debug_info    0x0000000000021328     0x1336 ./CODE/car_keys.o
 .debug_info    0x000000000002265e     0x1f76 ./CODE/car_ligth.o
 .debug_info    0x00000000000245d4     0x1249 ./CODE/car_reed.o
 .debug_info    0x000000000002581d     0x10f9 ./CODE/center_line.o
 .debug_info    0x0000000000026916     0x111f ./CODE/pid.o
 .debug_info    0x0000000000027a35       0x22 ./CH32V30x/CH32V30x_p/Startup/startup_ch32v30x.o
 .debug_info    0x0000000000027a57      0xe3d ./CH32V30x/CH32V30x_p/CH32V30x_Lib/ch32v30x_adc.o
 .debug_info    0x0000000000028894      0x35f ./CH32V30x/CH32V30x_p/CH32V30x_Lib/ch32v30x_exti.o
 .debug_info    0x0000000000028bf3      0x815 ./CH32V30x/CH32V30x_p/CH32V30x_Lib/ch32v30x_gpio.o
 .debug_info    0x0000000000029408      0x6bc ./CH32V30x/CH32V30x_p/CH32V30x_Lib/ch32v30x_misc.o
 .debug_info    0x0000000000029ac4      0xca9 ./CH32V30x/CH32V30x_p/CH32V30x_Lib/ch32v30x_rcc.o
 .debug_info    0x000000000002a76d      0xa00 ./CH32V30x/CH32V30x_p/CH32V30x_Lib/ch32v30x_spi.o
 .debug_info    0x000000000002b16d     0x216a ./CH32V30x/CH32V30x_p/CH32V30x_Lib/ch32v30x_tim.o
 .debug_info    0x000000000002d2d7      0xb3c ./CH32V30x/CH32V30x_p/CH32V30x_Lib/ch32v30x_usart.o
 .debug_info    0x000000000002de13     0x15a4 ./CH32V30x/CH32V30x_p/CH32V30x_Lib/ch32v30x_usbotg_device.o
 .debug_info    0x000000000002f3b7      0x35c ./CH32V30x/CH32V30x_p/CH32V30x_Lib/system_ch32v30x.o

.debug_abbrev   0x0000000000000000     0x725c
 .debug_abbrev  0x0000000000000000      0x30b ./user_c/isr.o
 .debug_abbrev  0x000000000000030b      0x2bd ./user_c/main.o
 .debug_abbrev  0x00000000000005c8      0x2bf ./hefei_peripheral/HF_Double_DC_Motor.o
 .debug_abbrev  0x0000000000000887      0x44b ./hefei_peripheral/HF_IPS114.o
 .debug_abbrev  0x0000000000000cd2      0x3f0 ./hefei_peripheral/HF_MT9V03X.o
 .debug_abbrev  0x00000000000010c2      0x486 ./hefei_peripheral/HF_TFT180.o
 .debug_abbrev  0x0000000000001548      0x2fd ./hefei_peripheral/HF_WS2812b.o
 .debug_abbrev  0x0000000000001845      0x4b9 ./hefei_peripheral/dmx_tof400c.o
 .debug_abbrev  0x0000000000001cfe      0x2fc ./hefei_libraries/board/board.o
 .debug_abbrev  0x0000000000001ffa      0x1e7 ./hefei_libraries/common.o
 .debug_abbrev  0x00000000000021e1      0x259 ./hefei_libraries/delay.o
 .debug_abbrev  0x000000000000243a      0x324 ./hefei_libraries/hf_adc.o
 .debug_abbrev  0x000000000000275e      0x1ec ./hefei_libraries/hf_common_font.o
 .debug_abbrev  0x000000000000294a      0x29f ./hefei_libraries/hf_dvp.o
 .debug_abbrev  0x0000000000002be9      0x2e7 ./hefei_libraries/hf_exti.o
 .debug_abbrev  0x0000000000002ed0      0x30c ./hefei_libraries/hf_gpio.o
 .debug_abbrev  0x00000000000031dc      0x30c ./hefei_libraries/hf_nvic.o
 .debug_abbrev  0x00000000000034e8      0x337 ./hefei_libraries/hf_pwm.o
 .debug_abbrev  0x000000000000381f      0x2d3 ./hefei_libraries/hf_spi.o
 .debug_abbrev  0x0000000000003af2      0x1ae ./hefei_libraries/hf_tim.o
 .debug_abbrev  0x0000000000003ca0      0x360 ./hefei_libraries/hf_uart.o
 .debug_abbrev  0x0000000000004000      0x3de ./CODE/Bend.o
 .debug_abbrev  0x00000000000043de      0x325 ./CODE/binary.o
 .debug_abbrev  0x0000000000004703      0x289 ./CODE/board_led.o
 .debug_abbrev  0x000000000000498c      0x336 ./CODE/car_init.o
 .debug_abbrev  0x0000000000004cc2      0x2e7 ./CODE/car_keys.o
 .debug_abbrev  0x0000000000004fa9      0x346 ./CODE/car_ligth.o
 .debug_abbrev  0x00000000000052ef      0x295 ./CODE/car_reed.o
 .debug_abbrev  0x0000000000005584      0x31e ./CODE/center_line.o
 .debug_abbrev  0x00000000000058a2      0x320 ./CODE/pid.o
 .debug_abbrev  0x0000000000005bc2       0x12 ./CH32V30x/CH32V30x_p/Startup/startup_ch32v30x.o
 .debug_abbrev  0x0000000000005bd4      0x2a2 ./CH32V30x/CH32V30x_p/CH32V30x_Lib/ch32v30x_adc.o
 .debug_abbrev  0x0000000000005e76      0x1c9 ./CH32V30x/CH32V30x_p/CH32V30x_Lib/ch32v30x_exti.o
 .debug_abbrev  0x000000000000603f      0x21b ./CH32V30x/CH32V30x_p/CH32V30x_Lib/ch32v30x_gpio.o
 .debug_abbrev  0x000000000000625a      0x1d4 ./CH32V30x/CH32V30x_p/CH32V30x_Lib/ch32v30x_misc.o
 .debug_abbrev  0x000000000000642e      0x259 ./CH32V30x/CH32V30x_p/CH32V30x_Lib/ch32v30x_rcc.o
 .debug_abbrev  0x0000000000006687      0x214 ./CH32V30x/CH32V30x_p/CH32V30x_Lib/ch32v30x_spi.o
 .debug_abbrev  0x000000000000689b      0x310 ./CH32V30x/CH32V30x_p/CH32V30x_Lib/ch32v30x_tim.o
 .debug_abbrev  0x0000000000006bab      0x214 ./CH32V30x/CH32V30x_p/CH32V30x_Lib/ch32v30x_usart.o
 .debug_abbrev  0x0000000000006dbf      0x2fe ./CH32V30x/CH32V30x_p/CH32V30x_Lib/ch32v30x_usbotg_device.o
 .debug_abbrev  0x00000000000070bd      0x19f ./CH32V30x/CH32V30x_p/CH32V30x_Lib/system_ch32v30x.o

.debug_aranges  0x0000000000000000     0x1190
 .debug_aranges
                0x0000000000000000       0xf0 ./user_c/isr.o
 .debug_aranges
                0x00000000000000f0       0x20 ./user_c/main.o
 .debug_aranges
                0x0000000000000110       0x30 ./hefei_peripheral/HF_Double_DC_Motor.o
 .debug_aranges
                0x0000000000000140       0xb0 ./hefei_peripheral/HF_IPS114.o
 .debug_aranges
                0x00000000000001f0       0x50 ./hefei_peripheral/HF_MT9V03X.o
 .debug_aranges
                0x0000000000000240       0xc0 ./hefei_peripheral/HF_TFT180.o
 .debug_aranges
                0x0000000000000300       0x28 ./hefei_peripheral/HF_WS2812b.o
 .debug_aranges
                0x0000000000000328       0x58 ./hefei_peripheral/dmx_tof400c.o
 .debug_aranges
                0x0000000000000380       0x28 ./hefei_libraries/board/board.o
 .debug_aranges
                0x00000000000003a8       0x18 ./hefei_libraries/common.o
 .debug_aranges
                0x00000000000003c0       0x30 ./hefei_libraries/delay.o
 .debug_aranges
                0x00000000000003f0       0x38 ./hefei_libraries/hf_adc.o
 .debug_aranges
                0x0000000000000428       0x18 ./hefei_libraries/hf_common_font.o
 .debug_aranges
                0x0000000000000440       0x28 ./hefei_libraries/hf_dvp.o
 .debug_aranges
                0x0000000000000468       0x28 ./hefei_libraries/hf_exti.o
 .debug_aranges
                0x0000000000000490       0x40 ./hefei_libraries/hf_gpio.o
 .debug_aranges
                0x00000000000004d0       0x40 ./hefei_libraries/hf_nvic.o
 .debug_aranges
                0x0000000000000510       0x40 ./hefei_libraries/hf_pwm.o
 .debug_aranges
                0x0000000000000550       0x40 ./hefei_libraries/hf_spi.o
 .debug_aranges
                0x0000000000000590       0x28 ./hefei_libraries/hf_tim.o
 .debug_aranges
                0x00000000000005b8       0x58 ./hefei_libraries/hf_uart.o
 .debug_aranges
                0x0000000000000610       0x68 ./CODE/Bend.o
 .debug_aranges
                0x0000000000000678       0x48 ./CODE/binary.o
 .debug_aranges
                0x00000000000006c0       0x38 ./CODE/board_led.o
 .debug_aranges
                0x00000000000006f8       0x30 ./CODE/car_init.o
 .debug_aranges
                0x0000000000000728       0x28 ./CODE/car_keys.o
 .debug_aranges
                0x0000000000000750       0x50 ./CODE/car_ligth.o
 .debug_aranges
                0x00000000000007a0       0x28 ./CODE/car_reed.o
 .debug_aranges
                0x00000000000007c8       0x30 ./CODE/center_line.o
 .debug_aranges
                0x00000000000007f8       0x38 ./CODE/pid.o
 .debug_aranges
                0x0000000000000830       0x30 ./CH32V30x/CH32V30x_p/Startup/startup_ch32v30x.o
 .debug_aranges
                0x0000000000000860      0x150 ./CH32V30x/CH32V30x_p/CH32V30x_Lib/ch32v30x_adc.o
 .debug_aranges
                0x00000000000009b0       0x50 ./CH32V30x/CH32V30x_p/CH32V30x_Lib/ch32v30x_exti.o
 .debug_aranges
                0x0000000000000a00       0xa8 ./CH32V30x/CH32V30x_p/CH32V30x_Lib/ch32v30x_gpio.o
 .debug_aranges
                0x0000000000000aa8       0x28 ./CH32V30x/CH32V30x_p/CH32V30x_Lib/ch32v30x_misc.o
 .debug_aranges
                0x0000000000000ad0      0x1a8 ./CH32V30x/CH32V30x_p/CH32V30x_Lib/ch32v30x_rcc.o
 .debug_aranges
                0x0000000000000c78       0xd0 ./CH32V30x/CH32V30x_p/CH32V30x_Lib/ch32v30x_spi.o
 .debug_aranges
                0x0000000000000d48      0x2d0 ./CH32V30x/CH32V30x_p/CH32V30x_Lib/ch32v30x_tim.o
 .debug_aranges
                0x0000000000001018      0x100 ./CH32V30x/CH32V30x_p/CH32V30x_Lib/ch32v30x_usart.o
 .debug_aranges
                0x0000000000001118       0x50 ./CH32V30x/CH32V30x_p/CH32V30x_Lib/ch32v30x_usbotg_device.o
 .debug_aranges
                0x0000000000001168       0x28 ./CH32V30x/CH32V30x_p/CH32V30x_Lib/system_ch32v30x.o

.debug_ranges   0x0000000000000000     0x1140
 .debug_ranges  0x0000000000000000       0xe0 ./user_c/isr.o
 .debug_ranges  0x00000000000000e0       0x10 ./user_c/main.o
 .debug_ranges  0x00000000000000f0       0x20 ./hefei_peripheral/HF_Double_DC_Motor.o